###############################################################################
#                                                                             #
# IAR ELF Linker V6.40.1.53790/W32 for ARM              16/Sep/2019  17:04:39 #
# Copyright 2007-2012 IAR Systems AB.                                         #
#                                                                             #
#    Output file  =  C:\Users\kmak\Documents\Cortex_Git\BLKT-01\Source        #
#                    Code\BLKT-01 Beacon\Source\firmware\Bootloader\IAR\Relea #
#                    se-Beacon-RevJ\Exe\Bootloader4RevJBeacon-Release.out     #
#    Map file     =  C:\Users\kmak\Documents\Cortex_Git\BLKT-01\Source        #
#                    Code\BLKT-01 Beacon\Source\firmware\Bootloader\IAR\Relea #
#                    se-Beacon-RevJ\List\Bootloader4RevJBeacon-Release.map    #
#    Command line =  "C:\Users\kmak\Documents\Cortex_Git\BLKT-01\Source       #
#                    Code\BLKT-01 Beacon\Source\firmware\Bootloader\IAR\Relea #
#                    se-Beacon-RevJ\Obj\app_util.o"                           #
#                    "C:\Users\kmak\Documents\Cortex_Git\BLKT-01\Source       #
#                    Code\BLKT-01 Beacon\Source\firmware\Bootloader\IAR\Relea #
#                    se-Beacon-RevJ\Obj\base64.o"                             #
#                    "C:\Users\kmak\Documents\Cortex_Git\BLKT-01\Source       #
#                    Code\BLKT-01 Beacon\Source\firmware\Bootloader\IAR\Relea #
#                    se-Beacon-RevJ\Obj\console_tail.o"                       #
#                    "C:\Users\kmak\Documents\Cortex_Git\BLKT-01\Source       #
#                    Code\BLKT-01 Beacon\Source\firmware\Bootloader\IAR\Relea #
#                    se-Beacon-RevJ\Obj\hardware.o"                           #
#                    "C:\Users\kmak\Documents\Cortex_Git\BLKT-01\Source       #
#                    Code\BLKT-01 Beacon\Source\firmware\Bootloader\IAR\Relea #
#                    se-Beacon-RevJ\Obj\i2c_ee.o"                             #
#                    "C:\Users\kmak\Documents\Cortex_Git\BLKT-01\Source       #
#                    Code\BLKT-01 Beacon\Source\firmware\Bootloader\IAR\Relea #
#                    se-Beacon-RevJ\Obj\main.o" "C:\Users\kmak\Documents\Cort #
#                    ex_Git\BLKT-01\Source Code\BLKT-01                       #
#                    Beacon\Source\firmware\Bootloader\IAR\Release-Beacon-Rev #
#                    J\Obj\md5.o" "C:\Users\kmak\Documents\Cortex_Git\BLKT-01 #
#                    \Source Code\BLKT-01 Beacon\Source\firmware\Bootloader\I #
#                    AR\Release-Beacon-RevJ\Obj\misc.o"                       #
#                    "C:\Users\kmak\Documents\Cortex_Git\BLKT-01\Source       #
#                    Code\BLKT-01 Beacon\Source\firmware\Bootloader\IAR\Relea #
#                    se-Beacon-RevJ\Obj\startup_stm32f10x_cl.o"               #
#                    "C:\Users\kmak\Documents\Cortex_Git\BLKT-01\Source       #
#                    Code\BLKT-01 Beacon\Source\firmware\Bootloader\IAR\Relea #
#                    se-Beacon-RevJ\Obj\stm32f10x_adc.o"                      #
#                    "C:\Users\kmak\Documents\Cortex_Git\BLKT-01\Source       #
#                    Code\BLKT-01 Beacon\Source\firmware\Bootloader\IAR\Relea #
#                    se-Beacon-RevJ\Obj\stm32f10x_dbgmcu.o"                   #
#                    "C:\Users\kmak\Documents\Cortex_Git\BLKT-01\Source       #
#                    Code\BLKT-01 Beacon\Source\firmware\Bootloader\IAR\Relea #
#                    se-Beacon-RevJ\Obj\stm32f10x_dma.o"                      #
#                    "C:\Users\kmak\Documents\Cortex_Git\BLKT-01\Source       #
#                    Code\BLKT-01 Beacon\Source\firmware\Bootloader\IAR\Relea #
#                    se-Beacon-RevJ\Obj\stm32f10x_exti.o"                     #
#                    "C:\Users\kmak\Documents\Cortex_Git\BLKT-01\Source       #
#                    Code\BLKT-01 Beacon\Source\firmware\Bootloader\IAR\Relea #
#                    se-Beacon-RevJ\Obj\stm32f10x_flash.o"                    #
#                    "C:\Users\kmak\Documents\Cortex_Git\BLKT-01\Source       #
#                    Code\BLKT-01 Beacon\Source\firmware\Bootloader\IAR\Relea #
#                    se-Beacon-RevJ\Obj\stm32f10x_gpio.o"                     #
#                    "C:\Users\kmak\Documents\Cortex_Git\BLKT-01\Source       #
#                    Code\BLKT-01 Beacon\Source\firmware\Bootloader\IAR\Relea #
#                    se-Beacon-RevJ\Obj\stm32f10x_i2c.o"                      #
#                    "C:\Users\kmak\Documents\Cortex_Git\BLKT-01\Source       #
#                    Code\BLKT-01 Beacon\Source\firmware\Bootloader\IAR\Relea #
#                    se-Beacon-RevJ\Obj\stm32f10x_it.o"                       #
#                    "C:\Users\kmak\Documents\Cortex_Git\BLKT-01\Source       #
#                    Code\BLKT-01 Beacon\Source\firmware\Bootloader\IAR\Relea #
#                    se-Beacon-RevJ\Obj\stm32f10x_rcc.o"                      #
#                    "C:\Users\kmak\Documents\Cortex_Git\BLKT-01\Source       #
#                    Code\BLKT-01 Beacon\Source\firmware\Bootloader\IAR\Relea #
#                    se-Beacon-RevJ\Obj\stm32f10x_spi.o"                      #
#                    "C:\Users\kmak\Documents\Cortex_Git\BLKT-01\Source       #
#                    Code\BLKT-01 Beacon\Source\firmware\Bootloader\IAR\Relea #
#                    se-Beacon-RevJ\Obj\stm32f10x_tim.o"                      #
#                    "C:\Users\kmak\Documents\Cortex_Git\BLKT-01\Source       #
#                    Code\BLKT-01 Beacon\Source\firmware\Bootloader\IAR\Relea #
#                    se-Beacon-RevJ\Obj\system_stm32f10x.o"                   #
#                    "C:\Users\kmak\Documents\Cortex_Git\BLKT-01\Source       #
#                    Code\BLKT-01 Beacon\Source\firmware\Bootloader\IAR\Relea #
#                    se-Beacon-RevJ\Obj\time.o" "C:\Users\kmak\Documents\Cort #
#                    ex_Git\BLKT-01\Source Code\BLKT-01                       #
#                    Beacon\Source\firmware\Bootloader\IAR\Release-Beacon-Rev #
#                    J\Obj\usb_bsp.o" "C:\Users\kmak\Documents\Cortex_Git\BLK #
#                    T-01\Source Code\BLKT-01 Beacon\Source\firmware\Bootload #
#                    er\IAR\Release-Beacon-RevJ\Obj\usb_core.o"               #
#                    "C:\Users\kmak\Documents\Cortex_Git\BLKT-01\Source       #
#                    Code\BLKT-01 Beacon\Source\firmware\Bootloader\IAR\Relea #
#                    se-Beacon-RevJ\Obj\usb_dcd.o"                            #
#                    "C:\Users\kmak\Documents\Cortex_Git\BLKT-01\Source       #
#                    Code\BLKT-01 Beacon\Source\firmware\Bootloader\IAR\Relea #
#                    se-Beacon-RevJ\Obj\usb_dcd_int.o"                        #
#                    "C:\Users\kmak\Documents\Cortex_Git\BLKT-01\Source       #
#                    Code\BLKT-01 Beacon\Source\firmware\Bootloader\IAR\Relea #
#                    se-Beacon-RevJ\Obj\usbd_cdc_core.o"                      #
#                    "C:\Users\kmak\Documents\Cortex_Git\BLKT-01\Source       #
#                    Code\BLKT-01 Beacon\Source\firmware\Bootloader\IAR\Relea #
#                    se-Beacon-RevJ\Obj\usbd_cdc_vcp.o"                       #
#                    "C:\Users\kmak\Documents\Cortex_Git\BLKT-01\Source       #
#                    Code\BLKT-01 Beacon\Source\firmware\Bootloader\IAR\Relea #
#                    se-Beacon-RevJ\Obj\usbd_core.o"                          #
#                    "C:\Users\kmak\Documents\Cortex_Git\BLKT-01\Source       #
#                    Code\BLKT-01 Beacon\Source\firmware\Bootloader\IAR\Relea #
#                    se-Beacon-RevJ\Obj\usbd_desc.o"                          #
#                    "C:\Users\kmak\Documents\Cortex_Git\BLKT-01\Source       #
#                    Code\BLKT-01 Beacon\Source\firmware\Bootloader\IAR\Relea #
#                    se-Beacon-RevJ\Obj\usbd_ioreq.o"                         #
#                    "C:\Users\kmak\Documents\Cortex_Git\BLKT-01\Source       #
#                    Code\BLKT-01 Beacon\Source\firmware\Bootloader\IAR\Relea #
#                    se-Beacon-RevJ\Obj\usbd_req.o"                           #
#                    "C:\Users\kmak\Documents\Cortex_Git\BLKT-01\Source       #
#                    Code\BLKT-01 Beacon\Source\firmware\Bootloader\IAR\Relea #
#                    se-Beacon-RevJ\Obj\usbd_usr.o" -o                        #
#                    "C:\Users\kmak\Documents\Cortex_Git\BLKT-01\Source       #
#                    Code\BLKT-01 Beacon\Source\firmware\Bootloader\IAR\Relea #
#                    se-Beacon-RevJ\Exe\Bootloader4RevJBeacon-Release.out"    #
#                    --redirect _Printf=_PrintfFull --redirect                #
#                    _Scanf=_ScanfFull --map "C:\Users\kmak\Documents\Cortex_ #
#                    Git\BLKT-01\Source Code\BLKT-01                          #
#                    Beacon\Source\firmware\Bootloader\IAR\Release-Beacon-Rev #
#                    J\List\Bootloader4RevJBeacon-Release.map" --config       #
#                    "C:\Program Files (x86)\IAR Systems\Embedded Workbench   #
#                    6.4\arm\config\linker\ST\stm32f107xC.icf" --semihosting  #
#                    --entry __iar_program_start --vfe                        #
#                                                                             #
#                                                                             #
###############################################################################

*******************************************************************************
*** RUNTIME MODEL ATTRIBUTES
***

CppFlavor       = *
__SystemLibrary = DLib


*******************************************************************************
*** PLACEMENT SUMMARY
***

"A1":  place at 0x08000000 { ro section .intvec };
"P1":  place in [from 0x08000000 to 0x0803ffff] { ro };
"P2":  place in [from 0x20000000 to 0x2000ffff] { rw, block CSTACK, block HEAP };

  Section            Kind        Address    Size  Object
  -------            ----        -------    ----  ------
"A1":                                      0x150
  .intvec            ro code  0x08000000   0x150  startup_stm32f10x_cl.o [1]
                            - 0x08000150   0x150

"P1":                                     0x8f98
  .text              ro code  0x08000150   0xcce  xprintffull.o [3]
  .text              ro code  0x08000e1e    0x22  zero_init3.o [5]
  .text              ro code  0x08000e40    0x16  strchr.o [5]
  .text              ro code  0x08000e56    0x1e  xsscin.o [3]
  .text              ro code  0x08000e74    0x36  strlen.o [5]
  .text              ro code  0x08000eaa    0x1a  xsnprout.o [3]
  .text              ro code  0x08000ec4    0x58  memchr.o [5]
  .text              ro code  0x08000f1c    0xee  I64DivMod.o [5]
  .text              ro code  0x0800100a     0xe  usbd_usr.o [1]
  .text              ro code  0x08001018    0x76  ABImemcpy.o [5]
  .text              ro code  0x0800108e    0x42  xdnorm.o [4]
  .text              ro code  0x080010d0    0x2e  DblCmpLe.o [4]
  .text              ro code  0x080010fe     0xa  xsprout.o [3]
  .text              ro code  0x08001108    0x2e  DblCmpGe.o [4]
  .rodata            const    0x08001136     0x1  base64.o [1]
  .text              ro code  0x08001138   0x10c  xdscale.o [4]
  .text              ro code  0x08001244    0x58  DblToI32.o [4]
  .text              ro code  0x0800129c    0x30  I32ToDbl.o [4]
  .text              ro code  0x080012cc   0x180  DblSub.o [4]
  .text              ro code  0x0800144c   0x1a2  DblMul.o [4]
  .text              ro code  0x080015f0   0x246  DblDiv.o [4]
  .text              ro code  0x08001836     0xe  div.o [3]
  .text              ro code  0x08001844     0x2  I64DivZer.o [5]
  .text              ro code  0x08001848    0xe8  DblAdd.o [4]
  .text              ro code  0x08001930   0xcb0  main.o [1]
  .text              ro code  0x080025e0   0x182  stm32f10x_flash.o [1]
  .text              ro code  0x08002762    0x16  usbd_cdc_vcp.o [1]
  .text              ro code  0x08002778   0x918  md5.o [1]
  .text              ro code  0x08003090    0x16  main.o [1]
  .text              ro code  0x080030a8   0x1a4  base64.o [1]
  .text              ro code  0x0800324c   0x13c  console_tail.o [1]
  .text              ro code  0x08003388   0x3f4  usbd_cdc_vcp.o [1]
  .text              ro code  0x0800377c    0x44  strcpy.o [5]
  .text              ro code  0x080037c0   0x300  usb_dcd.o [1]
  .text              ro code  0x08003ac0   0xb42  usb_core.o [1]
  .text              ro code  0x08004604    0x24  printf.o [3]
  .text              ro code  0x08004628     0xc  base64.o [1]
  .text              ro code  0x08004634     0x4  strtoul.o [3]
  .text              ro code  0x08004638   0x400  i2c_ee.o [1]
  .text              ro code  0x08004a38   0x1ec  stm32f10x_gpio.o [1]
  .text              ro code  0x08004c24   0x28c  stm32f10x_rcc.o [1]
  .text              ro code  0x08004eb0   0x1de  stm32f10x_adc.o [1]
  .text              ro code  0x08005090   0x1c0  hardware.o [1]
  .text              ro code  0x08005250   0x338  usbd_core.o [1]
  .text              ro code  0x08005588    0x34  getchar.o [3]
  .text              ro code  0x080055bc    0x66  ABImemset.o [5]
  .text              ro code  0x08005624    0x62  memcmp.o [5]
  .text              ro code  0x08005688    0x34  sprintf.o [3]
  .text              ro code  0x080056bc    0x24  sscanf.o [3]
  .text              ro code  0x080056e0    0x2c  vsprintf.o [3]
  .text              ro code  0x0800570c    0x6e  usb_bsp.o [1]
  .text              ro code  0x0800577a    0x16  base64.o [1]
  .text              ro code  0x08005790   0x174  xstoul.o [3]
  .text              ro code  0x08005904     0xc  time.o [1]
  .text              ro code  0x08005910   0x238  stm32f10x_i2c.o [1]
  .text              ro code  0x08005b48   0x354  stm32f10x_tim.o [1]
  .text              ro code  0x08005e9c    0x24  stm32f10x_dbgmcu.o [1]
  .text              ro code  0x08005ec0    0x88  misc.o [1]
  .text              ro code  0x08005f48   0x6be  usbd_req.o [1]
  .text              ro code  0x08006606    0xe4  usbd_ioreq.o [1]
  .text              ro code  0x080066ec   0xa34  xscanffull.o [3]
  .text              ro code  0x08007120     0xc  errno.o [3]
  .text              ro code  0x0800712c    0xa2  xstoll.o [3]
  .text              ro code  0x080071d0   0x1b4  xstoull.o [3]
  .text              ro code  0x08007384   0x144  xstold.o [4]
  .text              ro code  0x080074c8    0x90  DblToFlt.o [4]
  .text              ro code  0x08007558     0x2  xtls.o [3]
  .text              ro code  0x0800755a   0x130  xstopfx.o [3]
  .text              ro code  0x0800768c   0x1a8  xstoflt.o [3]
  .rodata            const    0x08007834    0x64  main.o [1]
  .text              ro code  0x08007898   0x1f0  xdtento.o [4]
  .text              ro code  0x08007a88   0x1fc  xstoxflt.o [3]
  .text              ro code  0x08007c84    0x20  DblCmpEq.o [4]
  .text              ro code  0x08007ca4   0x6fa  usb_dcd_int.o [1]
  .text              ro code  0x080083a0   0x340  usbd_cdc_core.o [1]
  .text              ro code  0x080086e0   0x1a4  system_stm32f10x.o [1]
  .text              ro code  0x08008884   0x194  stm32f10x_it.o [1]
  .text              ro code  0x08008a18     0xc  stm32f10x_exti.o [1]
  .text              ro code  0x08008a24    0xc0  usbd_desc.o [1]
  .text              ro code  0x08008ae4    0x44  snprintf.o [3]
  .text              ro code  0x08008b28    0xa6  packbits_init3.o [5]
  .rodata            const    0x08008bd0    0x44  base64.o [1]
  .text              ro code  0x08008c14    0x28  putchar.o [3]
  .text              ro code  0x08008c3c    0x28  data_init3.o [5]
  .iar.init_table    const    0x08008c64    0x2c  - Linker created -
  .rodata            const    0x08008c90    0x18  main.o [1]
  .rodata            const    0x08008ca8    0x18  stm32f10x_it.o [1]
  .rodata            const    0x08008cc0    0x18  usbd_desc.o [1]
  .text              ro code  0x08008cd8    0x16  cmain.o [5]
  .text              ro code  0x08008cee     0x4  low_level_init.o [3]
  .text              ro code  0x08008cf2     0x4  exit.o [3]
  .text              ro code  0x08008cf8     0xa  cexit.o [5]
  .text              ro code  0x08008d04    0x14  exit.o [6]
  .text              ro code  0x08008d18    0x16  xprout.o [3]
  .rodata            const    0x08008d30    0x14  main.o [1]
  .rodata            const    0x08008d44    0x14  main.o [1]
  .rodata            const    0x08008d58    0x14  usbd_desc.o [1]
  .rodata            const    0x08008d6c    0x10  usbd_desc.o [1]
  .text              ro code  0x08008d7c    0x10  startup_stm32f10x_cl.o [1]
  .rodata            const    0x08008d8c     0xc  main.o [1]
  .rodata            const    0x08008d98     0xc  main.o [1]
  .rodata            const    0x08008da4     0xc  stm32f10x_it.o [1]
  .rodata            const    0x08008db0     0xc  stm32f10x_it.o [1]
  .rodata            const    0x08008dbc     0xc  stm32f10x_it.o [1]
  .rodata            const    0x08008dc8     0xc  stm32f10x_it.o [1]
  .rodata            const    0x08008dd4     0xc  stm32f10x_it.o [1]
  .rodata            const    0x08008de0     0xc  stm32f10x_it.o [1]
  .rodata            const    0x08008dec     0xc  stm32f10x_it.o [1]
  .rodata            const    0x08008df8     0xc  stm32f10x_it.o [1]
  .rodata            const    0x08008e04     0xc  stm32f10x_it.o [1]
  .rodata            const    0x08008e10     0xc  stm32f10x_it.o [1]
  .rodata            const    0x08008e1c     0xc  stm32f10x_it.o [1]
  .rodata            const    0x08008e28     0xc  stm32f10x_it.o [1]
  .rodata            const    0x08008e34     0xc  stm32f10x_it.o [1]
  .rodata            const    0x08008e40     0xc  usbd_desc.o [1]
  .text              ro code  0x08008e4c     0xc  cstartup_M.o [5]
  .rodata            const    0x08008e58     0x8  console_tail.o [1]
  .rodata            const    0x08008e60     0x8  console_tail.o [1]
  .rodata            const    0x08008e68     0x8  console_tail.o [1]
  .rodata            const    0x08008e70     0x8  usbd_desc.o [1]
  .text              ro code  0x08008e78     0x4  startup_stm32f10x_cl.o [1]
  .text              ro code  0x08008e7c     0x4  startup_stm32f10x_cl.o [1]
  .text              ro code  0x08008e80     0x4  startup_stm32f10x_cl.o [1]
  .text              ro code  0x08008e84     0x4  startup_stm32f10x_cl.o [1]
  .text              ro code  0x08008e88     0x4  startup_stm32f10x_cl.o [1]
  .text              ro code  0x08008e8c     0x4  startup_stm32f10x_cl.o [1]
  .text              ro code  0x08008e90     0x4  startup_stm32f10x_cl.o [1]
  .text              ro code  0x08008e94     0x4  startup_stm32f10x_cl.o [1]
  .text              ro code  0x08008e98     0x4  startup_stm32f10x_cl.o [1]
  .text              ro code  0x08008e9c     0x4  startup_stm32f10x_cl.o [1]
  .text              ro code  0x08008ea0     0x4  startup_stm32f10x_cl.o [1]
  .text              ro code  0x08008ea4     0x4  startup_stm32f10x_cl.o [1]
  .text              ro code  0x08008ea8     0x4  startup_stm32f10x_cl.o [1]
  .text              ro code  0x08008eac     0x4  startup_stm32f10x_cl.o [1]
  .text              ro code  0x08008eb0     0x4  startup_stm32f10x_cl.o [1]
  .text              ro code  0x08008eb4     0x4  startup_stm32f10x_cl.o [1]
  .text              ro code  0x08008eb8     0x4  startup_stm32f10x_cl.o [1]
  .text              ro code  0x08008ebc     0x4  startup_stm32f10x_cl.o [1]
  .text              ro code  0x08008ec0     0x4  startup_stm32f10x_cl.o [1]
  .text              ro code  0x08008ec4     0x4  startup_stm32f10x_cl.o [1]
  .text              ro code  0x08008ec8     0x4  startup_stm32f10x_cl.o [1]
  .text              ro code  0x08008ecc     0x4  startup_stm32f10x_cl.o [1]
  .text              ro code  0x08008ed0     0x4  startup_stm32f10x_cl.o [1]
  .text              ro code  0x08008ed4     0x4  startup_stm32f10x_cl.o [1]
  .text              ro code  0x08008ed8     0x4  startup_stm32f10x_cl.o [1]
  .text              ro code  0x08008edc     0x4  startup_stm32f10x_cl.o [1]
  .text              ro code  0x08008ee0     0x4  startup_stm32f10x_cl.o [1]
  .text              ro code  0x08008ee4     0x4  startup_stm32f10x_cl.o [1]
  .text              ro code  0x08008ee8     0x4  startup_stm32f10x_cl.o [1]
  .text              ro code  0x08008eec     0x4  startup_stm32f10x_cl.o [1]
  .text              ro code  0x08008ef0     0x4  startup_stm32f10x_cl.o [1]
  .text              ro code  0x08008ef4     0x4  startup_stm32f10x_cl.o [1]
  .text              ro code  0x08008ef8     0x4  startup_stm32f10x_cl.o [1]
  .text              ro code  0x08008efc     0x4  startup_stm32f10x_cl.o [1]
  .text              ro code  0x08008f00     0x4  startup_stm32f10x_cl.o [1]
  .text              ro code  0x08008f04     0x4  startup_stm32f10x_cl.o [1]
  .text              ro code  0x08008f08     0x4  startup_stm32f10x_cl.o [1]
  .text              ro code  0x08008f0c     0x4  startup_stm32f10x_cl.o [1]
  .text              ro code  0x08008f10     0x4  startup_stm32f10x_cl.o [1]
  .text              ro code  0x08008f14     0x4  startup_stm32f10x_cl.o [1]
  .text              ro code  0x08008f18     0x4  startup_stm32f10x_cl.o [1]
  .text              ro code  0x08008f1c     0x4  startup_stm32f10x_cl.o [1]
  .text              ro code  0x08008f20     0x4  startup_stm32f10x_cl.o [1]
  .text              ro code  0x08008f24     0x4  startup_stm32f10x_cl.o [1]
  .text              ro code  0x08008f28     0x4  startup_stm32f10x_cl.o [1]
  .text              ro code  0x08008f2c     0x4  startup_stm32f10x_cl.o [1]
  .text              ro code  0x08008f30     0x4  startup_stm32f10x_cl.o [1]
  .text              ro code  0x08008f34     0x4  startup_stm32f10x_cl.o [1]
  .text              ro code  0x08008f38     0x4  startup_stm32f10x_cl.o [1]
  .text              ro code  0x08008f3c     0x4  startup_stm32f10x_cl.o [1]
  .text              ro code  0x08008f40     0x4  startup_stm32f10x_cl.o [1]
  .text              ro code  0x08008f44     0x4  startup_stm32f10x_cl.o [1]
  .text              ro code  0x08008f48     0x4  startup_stm32f10x_cl.o [1]
  .text              ro code  0x08008f4c     0x4  startup_stm32f10x_cl.o [1]
  .text              ro code  0x08008f50     0x4  startup_stm32f10x_cl.o [1]
  .text              ro code  0x08008f54     0x4  startup_stm32f10x_cl.o [1]
  .text              ro code  0x08008f58     0x4  startup_stm32f10x_cl.o [1]
  .text              ro code  0x08008f5c     0x4  startup_stm32f10x_cl.o [1]
  .text              ro code  0x08008f60     0x4  startup_stm32f10x_cl.o [1]
  .text              ro code  0x08008f64     0x4  startup_stm32f10x_cl.o [1]
  .text              ro code  0x08008f68     0x4  startup_stm32f10x_cl.o [1]
  .text              ro code  0x08008f6c     0x4  startup_stm32f10x_cl.o [1]
  .text              ro code  0x08008f70     0x4  startup_stm32f10x_cl.o [1]
  .text              ro code  0x08008f74     0x4  startup_stm32f10x_cl.o [1]
  .text              ro code  0x08008f78     0x4  startup_stm32f10x_cl.o [1]
  .text              ro code  0x08008f7c     0x4  startup_stm32f10x_cl.o [1]
  .text              ro code  0x08008f80     0x4  startup_stm32f10x_cl.o [1]
  .text              ro code  0x08008f84     0x4  startup_stm32f10x_cl.o [1]
  .text              ro code  0x08008f88     0x4  startup_stm32f10x_cl.o [1]
  .text              ro code  0x08008f8c     0x4  startup_stm32f10x_cl.o [1]
  .rodata            const    0x08008f90     0x0  zero_init3.o [5]
  .rodata            const    0x08008f90     0x0  packbits_init3.o [5]
  Initializer bytes  ro data  0x08008f90   0x157  <for P2 s0>
                            - 0x080090e7  0x8f97

"P2", part 1 of 3:                         0x97c
  P2 s0                       0x20000000   0x97c  <Init block>
    .data            inited   0x20000000   0x808  main.o [1]
    .data            inited   0x20000808    0x44  usbd_cdc_core.o [1]
    .data            inited   0x2000084c    0x40  md5.o [1]
    .data            inited   0x2000088c    0x2c  usbd_cdc_core.o [1]
    .data            inited   0x200008b8    0x2c  usbd_core.o [1]
    .data            inited   0x200008e4    0x1c  usbd_desc.o [1]
    .data            inited   0x20000900    0x1c  usbd_usr.o [1]
    .data            inited   0x2000091c    0x14  usbd_cdc_vcp.o [1]
    .data            inited   0x20000930    0x14  usbd_desc.o [1]
    .data            inited   0x20000944    0x10  stm32f10x_rcc.o [1]
    .data            inited   0x20000954     0x8  usbd_cdc_vcp.o [1]
    .data            inited   0x2000095c     0x4  main.o [1]
    .data            inited   0x20000960     0x4  stm32f10x_rcc.o [1]
    .data            inited   0x20000964     0x4  system_stm32f10x.o [1]
    .data            inited   0x20000968     0x4  usbd_cdc_core.o [1]
    .data            inited   0x2000096c     0x4  usbd_core.o [1]
    .data            inited   0x20000970     0x4  usbd_desc.o [1]
    .data            inited   0x20000974     0x4  getchar.o [3]
    .data            inited   0x20000978     0x2  hardware.o [1]
    .data            inited   0x2000097a     0x1  main.o [1]
    .data            inited   0x2000097b     0x1  stm32f10x_it.o [1]
                            - 0x2000097c   0x97c

"P2", part 2 of 3:                        0x21d4
  .bss               zero     0x2000097c   0x808  main.o [1]
  .bss               zero     0x20001184   0x800  usbd_cdc_core.o [1]
  .bss               zero     0x20001984   0x5f4  main.o [1]
  .bss               zero     0x20001f78   0x400  usbd_cdc_vcp.o [1]
  .bss               zero     0x20002378   0x300  console_tail.o [1]
  .bss               zero     0x20002678   0x200  usbd_cdc_vcp.o [1]
  .bss               zero     0x20002878   0x104  main.o [1]
  .bss               zero     0x2000297c   0x100  usbd_req.o [1]
  .bss               zero     0x20002a7c    0x40  usbd_cdc_core.o [1]
  .bss               zero     0x20002abc    0x10  console_tail.o [1]
  .bss               zero     0x20002ad0     0x8  i2c_ee.o [1]
  .bss               zero     0x20002ad8     0x8  main.o [1]
  .bss               zero     0x20002ae0     0x8  usbd_cdc_core.o [1]
  .bss               zero     0x20002ae8     0x4  console_tail.o [1]
  .bss               zero     0x20002aec     0x4  console_tail.o [1]
  .bss               zero     0x20002af0     0x4  main.o [1]
  .bss               zero     0x20002af4     0x4  main.o [1]
  .bss               zero     0x20002af8     0x4  main.o [1]
  .bss               zero     0x20002afc     0x4  main.o [1]
  .bss               zero     0x20002b00     0x4  main.o [1]
  .bss               zero     0x20002b04     0x4  main.o [1]
  .bss               zero     0x20002b08     0x4  main.o [1]
  .bss               zero     0x20002b0c     0x4  stm32f10x_it.o [1]
  .bss               zero     0x20002b10     0x4  usbd_cdc_core.o [1]
  .bss               zero     0x20002b14     0x4  usbd_cdc_core.o [1]
  .bss               zero     0x20002b18     0x4  usbd_cdc_core.o [1]
  .bss               zero     0x20002b1c     0x4  usbd_cdc_core.o [1]
  .bss               zero     0x20002b20     0x4  usbd_cdc_core.o [1]
  .bss               zero     0x20002b24     0x4  usbd_cdc_core.o [1]
  .bss               zero     0x20002b28     0x4  usbd_cdc_vcp.o [1]
  .bss               zero     0x20002b2c     0x4  usbd_cdc_vcp.o [1]
  .bss               zero     0x20002b30     0x4  usbd_core.o [1]
  .bss               zero     0x20002b34     0x4  usbd_req.o [1]
  .bss               zero     0x20002b38     0x4  usbd_req.o [1]
  .bss               zero     0x20002b3c     0x4  usbd_req.o [1]
  __DLIB_PERTHREAD   zero     0x20002b40     0x4  errno.o [3]
  .bss               zero     0x20002b44     0x2  main.o [1]
  .bss               zero     0x20002b46     0x2  main.o [1]
  .bss               zero     0x20002b48     0x1  main.o [1]
  .bss               zero     0x20002b49     0x1  main.o [1]
  .bss               zero     0x20002b4a     0x1  main.o [1]
  .bss               zero     0x20002b4b     0x1  main.o [1]
  .bss               zero     0x20002b4c     0x1  usbd_cdc_core.o [1]
  .bss               zero     0x20002b4d     0x1  usbd_req.o [1]
                            - 0x20002b4e  0x21d2

"P2", part 3 of 3:                        0x1000
  CSTACK                      0x20002b50  0x1000  <Block>
    CSTACK           uninit   0x20002b50  0x1000  <Block tail>
                            - 0x20003b50  0x1000


*******************************************************************************
*** INIT TABLE
***

          Address     Size
          -------     ----
Zero (__iar_zero_init3)
    1 destination range, total size 0x21d2:
          0x2000097c  0x21d2

Copy/packbits (__iar_packbits_init3)
    1 source range, total size 0x157 (14% of destination):
          0x08008f90   0x157
    1 destination range, total size 0x97c:
          0x20000000   0x97c



*******************************************************************************
*** MODULE SUMMARY
***

    Module                  ro code  ro data  rw data
    ------                  -------  -------  -------
C:\Users\kmak\Documents\Cortex_Git\BLKT-01\Source Code\BLKT-01 Beacon\Source\firmware\Bootloader\IAR\Release-Beacon-RevJ\Obj: [1]
    base64.o                    454       69
    console_tail.o              316       24      792
    hardware.o                  448                 2
    i2c_ee.o                  1 024                 8
    main.o                    3 270      479    5 945
    md5.o                     2 328        9       64
    misc.o                      136
    startup_stm32f10x_cl.o      632
    stm32f10x_adc.o             478
    stm32f10x_dbgmcu.o           36
    stm32f10x_exti.o             12
    stm32f10x_flash.o           386
    stm32f10x_gpio.o            492
    stm32f10x_i2c.o             568
    stm32f10x_it.o              404      181        5
    stm32f10x_rcc.o             652        2       20
    stm32f10x_tim.o             852
    system_stm32f10x.o          420        1        4
    time.o                       12
    usb_bsp.o                   110
    usb_core.o                2 882
    usb_dcd.o                   768
    usb_dcd_int.o             1 786
    usbd_cdc_core.o             832       16    2 261
    usbd_cdc_vcp.o            1 034        4    1 572
    usbd_core.o                 824        7       52
    usbd_desc.o                 192       87       52
    usbd_ioreq.o                228
    usbd_req.o                1 726               269
    usbd_usr.o                   14        4       28
    -------------------------------------------------
    Total:                   23 316      883   11 074

command line: [2]
    -------------------------------------------------
    Total:

dl7M_tln.a: [3]
    div.o                        14
    errno.o                      12                 4
    exit.o                        4
    getchar.o                    52        1        4
    low_level_init.o              4
    printf.o                     36
    putchar.o                    40
    snprintf.o                   68
    sprintf.o                    52
    sscanf.o                     36
    strtoul.o                     4
    vsprintf.o                   44
    xprintffull.o             3 278
    xprout.o                     22
    xscanffull.o              2 612
    xsnprout.o                   26
    xsprout.o                    10
    xsscin.o                     30
    xstoflt.o                   424
    xstoll.o                    162
    xstopfx.o                   304
    xstoul.o                    372
    xstoull.o                   436
    xstoxflt.o                  508
    xtls.o                        2
    -------------------------------------------------
    Total:                    8 552        1        8

m7M_tl.a: [4]
    DblAdd.o                    232
    DblCmpEq.o                   32
    DblCmpGe.o                   46
    DblCmpLe.o                   46
    DblDiv.o                    582
    DblMul.o                    418
    DblSub.o                    384
    DblToFlt.o                  144
    DblToI32.o                   88
    I32ToDbl.o                   48
    xdnorm.o                     66
    xdscale.o                   268
    xdtento.o                   496
    xstold.o                    324
    -------------------------------------------------
    Total:                    3 174

rt7M_tl.a: [5]
    ABImemcpy.o                 118
    ABImemset.o                 102
    I64DivMod.o                 238
    I64DivZer.o                   2
    cexit.o                      10
    cmain.o                      22
    cstartup_M.o                 12
    data_init3.o                 40
    memchr.o                     88
    memcmp.o                     98
    packbits_init3.o            166
    strchr.o                     22
    strcpy.o                     68
    strlen.o                     54
    zero_init3.o                 34
    -------------------------------------------------
    Total:                    1 074

shb_l.a: [6]
    exit.o                       20
    -------------------------------------------------
    Total:                       20

    Gaps                         27        4        4
    Linker created                        44    4 096
-----------------------------------------------------
    Grand Total:             36 163      932   15 182


*******************************************************************************
*** ENTRY LIST
***

Entry                      Address   Size  Type      Object
-----                      -------   ----  ----      ------
?main                   0x08008cd9         Code  Gb  cmain.o [5]
ADC1_2_IRQHandler       0x08008ee5         Code  Wk  startup_stm32f10x_cl.o [1]
ADCPrescTable           0x20000960    0x4  Data  Lc  stm32f10x_rcc.o [1]
ADC_Cmd                 0x08004f01   0x1a  Code  Gb  stm32f10x_adc.o [1]
ADC_GetCalibrationStatus
                        0x08004f47   0x18  Code  Gb  stm32f10x_adc.o [1]
ADC_GetConversionValue  0x08005067    0x6  Code  Gb  stm32f10x_adc.o [1]
ADC_GetFlagStatus       0x08005075   0x1a  Code  Gb  stm32f10x_adc.o [1]
ADC_GetResetCalibrationStatus
                        0x08004f25   0x18  Code  Gb  stm32f10x_adc.o [1]
ADC_Init                0x08004eb1   0x50  Code  Gb  stm32f10x_adc.o [1]
ADC_RegularChannelConfig
                        0x08004f79   0xee  Code  Gb  stm32f10x_adc.o [1]
ADC_ResetCalibration    0x08004f1b    0xa  Code  Gb  stm32f10x_adc.o [1]
ADC_SoftwareStartConvCmd
                        0x08004f5f   0x1a  Code  Gb  stm32f10x_adc.o [1]
ADC_StartCalibration    0x08004f3d    0xa  Code  Gb  stm32f10x_adc.o [1]
APBAHBPrescTable        0x20000944   0x10  Data  Lc  stm32f10x_rcc.o [1]
APP_Rx_Buffer           0x20001184  0x800  Data  Gb  usbd_cdc_core.o [1]
APP_Rx_length           0x20002b1c    0x4  Data  Gb  usbd_cdc_core.o [1]
APP_Rx_ptr_in           0x20002b14    0x4  Data  Gb  usbd_cdc_core.o [1]
APP_Rx_ptr_out          0x20002b18    0x4  Data  Gb  usbd_cdc_core.o [1]
APP_Tx_Buffer           0x20001f78  0x400  Data  Lc  usbd_cdc_vcp.o [1]
APP_Tx_ptr_in           0x20002b2c    0x4  Data  Gb  usbd_cdc_vcp.o [1]
APP_Tx_ptr_out          0x20002b28    0x4  Data  Gb  usbd_cdc_vcp.o [1]
Base64                  0x08008bd0   0x44  Data  Lc  base64.o [1]
BatteryHasGoodLevel     0x0800223b  0x134  Code  Lc  main.o [1]
BusFault_Handler        0x0800893f    0x2  Code  Gb  stm32f10x_it.o [1]
CAN1_RX0_IRQHandler     0x08008eed         Code  Wk  startup_stm32f10x_cl.o [1]
CAN1_RX1_IRQHandler     0x08008ef1         Code  Wk  startup_stm32f10x_cl.o [1]
CAN1_SCE_IRQHandler     0x08008ef5         Code  Wk  startup_stm32f10x_cl.o [1]
CAN1_TX_IRQHandler      0x08008ee9         Code  Wk  startup_stm32f10x_cl.o [1]
CAN2_RX0_IRQHandler     0x08008f81         Code  Wk  startup_stm32f10x_cl.o [1]
CAN2_RX1_IRQHandler     0x08008f85         Code  Wk  startup_stm32f10x_cl.o [1]
CAN2_SCE_IRQHandler     0x08008f89         Code  Wk  startup_stm32f10x_cl.o [1]
CAN2_TX_IRQHandler      0x08008f7d         Code  Wk  startup_stm32f10x_cl.o [1]
CSTACK$$Base            0x20002b50          --   Gb  - Linker created -
CSTACK$$Limit           0x20003b50          --   Gb  - Linker created -
CmdBuff                 0x20002ae0    0x8  Data  Gb  usbd_cdc_core.o [1]
CoGetOSTime             0x08005905    0x8  Code  Gb  time.o [1]
ConfigureGPIO           0x08002185   0x76  Code  Lc  main.o [1]
ConsoleChecksum         0x0800324d   0x1a  Code  Gb  console_tail.o [1]
CurrentDataPointer      0x20002b44    0x2  Data  Lc  main.o [1]
DBGMCU_Config           0x08005e9d   0x1e  Code  Gb  stm32f10x_dbgmcu.o [1]
DCD_DevDisconnect       0x08003aa7   0x1a  Code  Gb  usb_dcd.o [1]
DCD_EP_Close            0x080038df   0x4a  Code  Gb  usb_dcd.o [1]
DCD_EP_ClrStall         0x08003a3d   0x50  Code  Gb  usb_dcd.o [1]
DCD_EP_Open             0x08003863   0x7c  Code  Gb  usb_dcd.o [1]
DCD_EP_PrepareRx        0x08003929   0x66  Code  Gb  usb_dcd.o [1]
DCD_EP_SetAddress       0x08003a8d   0x1a  Code  Gb  usb_dcd.o [1]
DCD_EP_Stall            0x080039ed   0x50  Code  Gb  usb_dcd.o [1]
DCD_EP_Tx               0x0800398f   0x5e  Code  Gb  usb_dcd.o [1]
DCD_HandleEnumDone_ISR  0x080082dd   0x4e  Code  Lc  usb_dcd_int.o [1]
DCD_HandleInEP_ISR      0x08007ecf  0x108  Code  Lc  usb_dcd_int.o [1]
DCD_HandleOutEP_ISR     0x08007fd7   0xde  Code  Lc  usb_dcd_int.o [1]
DCD_HandleResume_ISR    0x08007df7   0x4c  Code  Lc  usb_dcd_int.o [1]
DCD_HandleRxStatusQueueLevel_ISR
                        0x080080d3   0xa4  Code  Lc  usb_dcd_int.o [1]
DCD_HandleSof_ISR       0x080080b5   0x1e  Code  Lc  usb_dcd_int.o [1]
DCD_HandleUSBSuspend_ISR
                        0x08007e43   0x8c  Code  Lc  usb_dcd_int.o [1]
DCD_HandleUsbReset_ISR  0x08008217   0xc6  Code  Lc  usb_dcd_int.o [1]
DCD_Init                0x080037c1   0xa2  Code  Gb  usb_dcd.o [1]
DCD_IsoINIncomplete_ISR
                        0x0800832b   0x1e  Code  Lc  usb_dcd_int.o [1]
DCD_IsoOUTIncomplete_ISR
                        0x08008349   0x1e  Code  Lc  usb_dcd_int.o [1]
DCD_OTG_ISR             0x08007dd1   0x26  Code  Lc  usb_dcd_int.o [1]
DCD_ReadDevInEP         0x08008371   0x2e  Code  Lc  usb_dcd_int.o [1]
DCD_SessionRequest_ISR  0x08007db1   0x20  Code  Lc  usb_dcd_int.o [1]
DCD_WriteEmptyTxFifo    0x08008177   0xa0  Code  Lc  usb_dcd_int.o [1]
DMA1_Channel1_IRQHandler
                        0x08008ec9         Code  Wk  startup_stm32f10x_cl.o [1]
DMA1_Channel2_IRQHandler
                        0x08008ecd         Code  Wk  startup_stm32f10x_cl.o [1]
DMA1_Channel3_IRQHandler
                        0x08008ed1         Code  Wk  startup_stm32f10x_cl.o [1]
DMA1_Channel4_IRQHandler
                        0x08008ed5         Code  Wk  startup_stm32f10x_cl.o [1]
DMA1_Channel5_IRQHandler
                        0x08008ed9         Code  Wk  startup_stm32f10x_cl.o [1]
DMA1_Channel6_IRQHandler
                        0x08008edd         Code  Wk  startup_stm32f10x_cl.o [1]
DMA1_Channel7_IRQHandler
                        0x08008ee1         Code  Wk  startup_stm32f10x_cl.o [1]
DMA2_Channel1_IRQHandler
                        0x08008f61         Code  Wk  startup_stm32f10x_cl.o [1]
DMA2_Channel2_IRQHandler
                        0x08008f65         Code  Wk  startup_stm32f10x_cl.o [1]
DMA2_Channel3_IRQHandler
                        0x08008f69         Code  Wk  startup_stm32f10x_cl.o [1]
DMA2_Channel4_IRQHandler
                        0x08008f6d         Code  Wk  startup_stm32f10x_cl.o [1]
DMA2_Channel5_IRQHandler
                        0x08008f71         Code  Wk  startup_stm32f10x_cl.o [1]
DebugMon_Handler        0x08008945    0x2  Code  Gb  stm32f10x_it.o [1]
EEPROM_ADDRESS          0x20000978    0x2  Data  Gb  hardware.o [1]
EETime                  0x08004639   0x10  Code  Gb  i2c_ee.o [1]
ETH_IRQHandler          0x08008f75         Code  Wk  startup_stm32f10x_cl.o [1]
ETH_WKUP_IRQHandler     0x08008f79         Code  Wk  startup_stm32f10x_cl.o [1]
EXTI0_IRQHandler        0x08008eb5         Code  Wk  startup_stm32f10x_cl.o [1]
EXTI15_10_IRQHandler    0x08008f3d         Code  Wk  startup_stm32f10x_cl.o [1]
EXTI1_IRQHandler        0x08008eb9         Code  Wk  startup_stm32f10x_cl.o [1]
EXTI2_IRQHandler        0x08008975    0xa  Code  Gb  stm32f10x_it.o [1]
EXTI3_IRQHandler        0x08008ec1         Code  Wk  startup_stm32f10x_cl.o [1]
EXTI4_IRQHandler        0x08008ec5         Code  Wk  startup_stm32f10x_cl.o [1]
EXTI9_5_IRQHandler      0x08008ef9         Code  Wk  startup_stm32f10x_cl.o [1]
EXTI_ClearITPendingBit  0x08008a19    0x6  Code  Gb  stm32f10x_exti.o [1]
FLASH_ErasePage         0x08002609   0x5e  Code  Gb  stm32f10x_flash.o [1]
FLASH_GetBank1Status    0x080026e7   0x34  Code  Gb  stm32f10x_flash.o [1]
FLASH_IRQHandler        0x08008ead         Code  Wk  startup_stm32f10x_cl.o [1]
FLASH_Lock              0x080025f7   0x12  Code  Gb  stm32f10x_flash.o [1]
FLASH_ProgramWord       0x08002667   0x80  Code  Gb  stm32f10x_flash.o [1]
FLASH_Unlock            0x080025e1   0x16  Code  Gb  stm32f10x_flash.o [1]
FLASH_WaitForLastOperation
                        0x08002735   0x2e  Code  Gb  stm32f10x_flash.o [1]
GPIO_Init               0x08004a39  0x136  Code  Gb  stm32f10x_gpio.o [1]
GPIO_PinRemapConfig     0x08004b95   0x88  Code  Gb  stm32f10x_gpio.o [1]
GPIO_ReadInputDataBit   0x08004b6f   0x1a  Code  Gb  stm32f10x_gpio.o [1]
GPIO_ResetBits          0x08004b8f    0x6  Code  Gb  stm32f10x_gpio.o [1]
GPIO_SetBits            0x08004b89    0x6  Code  Gb  stm32f10x_gpio.o [1]
GetMd5                  0x08001c53   0xbc  Code  Gb  main.o [1]
Handle_USBAsynchXfer    0x080085dd   0xba  Code  Lc  usbd_cdc_core.o [1]
HardFault_Handler       0x08008929   0x14  Code  Gb  stm32f10x_it.o [1]
HwI2CInit               0x08005113  0x128  Code  Gb  hardware.o [1]
HwTIM1Init              0x08005091   0x82  Code  Gb  hardware.o [1]
I2C1_ER_IRQHandler      0x08008f1d         Code  Wk  startup_stm32f10x_cl.o [1]
I2C1_EV_IRQHandler      0x08008f19         Code  Wk  startup_stm32f10x_cl.o [1]
I2C2_ER_IRQHandler      0x08008f25         Code  Wk  startup_stm32f10x_cl.o [1]
I2C2_EV_IRQHandler      0x08008f21         Code  Wk  startup_stm32f10x_cl.o [1]
I2C_AcknowledgeConfig   0x08005a65   0x1c  Code  Gb  stm32f10x_i2c.o [1]
I2C_CheckEvent          0x08005abd   0x38  Code  Gb  stm32f10x_i2c.o [1]
I2C_ClearFlag           0x08005b3b    0xe  Code  Gb  stm32f10x_i2c.o [1]
I2C_Cmd                 0x08005a11   0x1c  Code  Gb  stm32f10x_i2c.o [1]
I2C_EE_BufferRead       0x08004697   0xd6  Code  Gb  i2c_ee.o [1]
I2C_EE_BufferWrite      0x0800476d  0x164  Code  Gb  i2c_ee.o [1]
I2C_EE_PageWrite        0x08004671   0x26  Code  Gb  i2c_ee.o [1]
I2C_EE_PageWriteIMP     0x080048d1   0xee  Code  Lc  i2c_ee.o [1]
I2C_EE_WaitEepromStandbyState
                        0x080049bf   0x54  Code  Lc  i2c_ee.o [1]
I2C_GenerateSTART       0x08005a2d   0x1c  Code  Gb  stm32f10x_i2c.o [1]
I2C_GenerateSTOP        0x08005a49   0x1c  Code  Gb  stm32f10x_i2c.o [1]
I2C_GetFlagStatus       0x08005af5   0x46  Code  Gb  stm32f10x_i2c.o [1]
I2C_Init                0x08005911   0xf2  Code  Gb  stm32f10x_i2c.o [1]
I2C_ReadRegister        0x08005aa3   0x1a  Code  Gb  stm32f10x_i2c.o [1]
I2C_ReceiveData         0x08005a87    0x6  Code  Gb  stm32f10x_i2c.o [1]
I2C_Send7bitAddress     0x08005a8d   0x16  Code  Gb  stm32f10x_i2c.o [1]
I2C_SendData            0x08005a81    0x6  Code  Gb  stm32f10x_i2c.o [1]
JumpToApp               0x20002af0    0x4  Data  Gb  main.o [1]
LockPowerSupply         0x080021fb   0x40  Code  Lc  main.o [1]
MD5Final                0x0800283d   0xe0  Code  Gb  md5.o [1]
MD5Init                 0x08002779   0x20  Code  Gb  md5.o [1]
MD5Update               0x08002799   0xa4  Code  Gb  md5.o [1]
MemManage_Handler       0x0800893d    0x2  Code  Gb  stm32f10x_it.o [1]
NMI_Handler             0x08008885    0x2  Code  Gb  stm32f10x_it.o [1]
NVIC_GenerateSystemReset
                        0x08001f01    0xc  Code  Gb  main.o [1]
NVIC_Init               0x08005ecb   0x68  Code  Gb  misc.o [1]
NVIC_PriorityGroupConfig
                        0x08005ec1    0xa  Code  Gb  misc.o [1]
NVIC_SetPriority        0x08001931   0x26  Code  Lc  main.o [1]
OSTickCnt               0x20002ad8    0x8  Data  Gb  main.o [1]
OTG_FS_IRQHandler       0x0800896b    0xa  Code  Gb  stm32f10x_it.o [1]
OTG_FS_WKUP_IRQHandler  0x08008f45         Code  Wk  startup_stm32f10x_cl.o [1]
PADDING                 0x2000084c   0x40  Data  Lc  md5.o [1]
PVD_IRQHandler          0x08008ea1         Code  Wk  startup_stm32f10x_cl.o [1]
Pad64                   0x08001136    0x1  Data  Lc  base64.o [1]
PendSV_Handler          0x08008947    0x2  Code  Gb  stm32f10x_it.o [1]
RCC_ADCCLKConfig        0x08004c2d   0x18  Code  Gb  stm32f10x_rcc.o [1]
RCC_AHBPeriphClockCmd   0x08004de5   0x1e  Code  Gb  stm32f10x_rcc.o [1]
RCC_APB1PeriphClockCmd  0x08004e21   0x1e  Code  Gb  stm32f10x_rcc.o [1]
RCC_APB1PeriphResetCmd  0x08004e5d   0x1e  Code  Gb  stm32f10x_rcc.o [1]
RCC_APB2PeriphClockCmd  0x08004e03   0x1e  Code  Gb  stm32f10x_rcc.o [1]
RCC_APB2PeriphResetCmd  0x08004e3f   0x1e  Code  Gb  stm32f10x_rcc.o [1]
RCC_GetClocksFreq       0x08004c45  0x1a0  Code  Gb  stm32f10x_rcc.o [1]
RCC_IRQHandler          0x08008eb1         Code  Wk  startup_stm32f10x_cl.o [1]
RCC_OTGFSCLKConfig      0x08004c25    0x8  Code  Gb  stm32f10x_rcc.o [1]
RTCAlarm_IRQHandler     0x08008f41         Code  Wk  startup_stm32f10x_cl.o [1]
RTC_IRQHandler          0x08008ea9         Code  Wk  startup_stm32f10x_cl.o [1]
ReadPage                0x08001a55   0x24  Code  Gb  main.o [1]
Region$$Table$$Base     0x08008c64          --   Gb  - Linker created -
Region$$Table$$Limit    0x08008c90          --   Gb  - Linker created -
Reset_Handler           0x08008d7d         Code  Wk  startup_stm32f10x_cl.o [1]
SET_TEST_MODE           0x20002b30    0x4  Data  Gb  usbd_core.o [1]
SPI1_IRQHandler         0x08008f29         Code  Wk  startup_stm32f10x_cl.o [1]
SPI2_IRQHandler         0x08008f2d         Code  Wk  startup_stm32f10x_cl.o [1]
SPI3_IRQHandler         0x08008f4d         Code  Wk  startup_stm32f10x_cl.o [1]
SVC_Handler             0x08008943    0x2  Code  Gb  stm32f10x_it.o [1]
SerialDownload          0x08001a79  0x1da  Code  Gb  main.o [1]
SetSysClock             0x08008747    0x8  Code  Lc  system_stm32f10x.o [1]
SetSysClockTo72         0x0800874f  0x110  Code  Lc  system_stm32f10x.o [1]
SysTickCounter          0x20002b0c    0x4  Data  Gb  stm32f10x_it.o [1]
SysTick_Config          0x08001957   0x38  Code  Lc  main.o [1]
SysTick_Handler         0x08008949   0x22  Code  Gb  stm32f10x_it.o [1]
SystemCoreClock         0x20000964    0x4  Data  Gb  system_stm32f10x.o [1]
SystemInit              0x080086e1   0x66  Code  Gb  system_stm32f10x.o [1]
TAMPER_IRQHandler       0x08008ea5         Code  Wk  startup_stm32f10x_cl.o [1]
TIM1_BRK_IRQHandler     0x08008efd         Code  Wk  startup_stm32f10x_cl.o [1]
TIM1_CC_IRQHandler      0x08008f09         Code  Wk  startup_stm32f10x_cl.o [1]
TIM1_TRG_COM_IRQHandler
                        0x08008f05         Code  Wk  startup_stm32f10x_cl.o [1]
TIM1_UP_IRQHandler      0x0800897f   0x36  Code  Gb  stm32f10x_it.o [1]
TIM2_IRQHandler         0x08008f0d         Code  Wk  startup_stm32f10x_cl.o [1]
TIM3_IRQHandler         0x08008f11         Code  Wk  startup_stm32f10x_cl.o [1]
TIM4_IRQHandler         0x08008f15         Code  Wk  startup_stm32f10x_cl.o [1]
TIM5_IRQHandler         0x08008f49         Code  Wk  startup_stm32f10x_cl.o [1]
TIM6_IRQHandler         0x08008f59         Code  Wk  startup_stm32f10x_cl.o [1]
TIM7_IRQHandler         0x08008f5d         Code  Wk  startup_stm32f10x_cl.o [1]
TIMEVALID               0x08004649   0x28  Code  Gb  i2c_ee.o [1]
TIM_ARRPreloadConfig    0x08005e07   0x1c  Code  Gb  stm32f10x_tim.o [1]
TIM_ClearITPendingBit   0x08005e55    0x8  Code  Gb  stm32f10x_tim.o [1]
TIM_Cmd                 0x08005dd5   0x1c  Code  Gb  stm32f10x_tim.o [1]
TIM_DeInit              0x08005b49  0x1e0  Code  Gb  stm32f10x_tim.o [1]
TIM_GetITStatus         0x08005e23   0x32  Code  Gb  stm32f10x_tim.o [1]
TIM_ITConfig            0x08005df1   0x16  Code  Gb  stm32f10x_tim.o [1]
TIM_TimeBaseInit        0x08005d29   0x94  Code  Gb  stm32f10x_tim.o [1]
TIM_TimeBaseStructInit  0x08005dbd   0x18  Code  Gb  stm32f10x_tim.o [1]
TRACE                   0x08003731   0x26  Code  Gb  usbd_cdc_vcp.o [1]
Transform               0x0800291d  0x660  Code  Lc  md5.o [1]
UART4_IRQHandler        0x08008f51         Code  Wk  startup_stm32f10x_cl.o [1]
UART5_IRQHandler        0x08008f55         Code  Wk  startup_stm32f10x_cl.o [1]
USART1_IRQHandler       0x08008f31         Code  Wk  startup_stm32f10x_cl.o [1]
USART2_IRQHandler       0x08008f35         Code  Wk  startup_stm32f10x_cl.o [1]
USART3_IRQHandler       0x08008f39         Code  Wk  startup_stm32f10x_cl.o [1]
USBD_CDC_cb             0x2000088c   0x2c  Data  Gb  usbd_cdc_core.o [1]
USBD_ClrCfg             0x08005515   0x18  Code  Gb  usbd_core.o [1]
USBD_ClrFeature         0x08006511   0x3a  Code  Lc  usbd_req.o [1]
USBD_CtlContinueRx      0x08006685   0x1e  Code  Gb  usbd_ioreq.o [1]
USBD_CtlContinueSendData
                        0x08006637   0x1e  Code  Gb  usbd_ioreq.o [1]
USBD_CtlError           0x0800658f   0x1e  Code  Gb  usbd_req.o [1]
USBD_CtlPrepareRx       0x08006655   0x30  Code  Gb  usbd_ioreq.o [1]
USBD_CtlReceiveStatus   0x080066c7   0x24  Code  Gb  usbd_ioreq.o [1]
USBD_CtlSendData        0x08006607   0x30  Code  Gb  usbd_ioreq.o [1]
USBD_CtlSendStatus      0x080066a3   0x24  Code  Gb  usbd_ioreq.o [1]
USBD_DCD_INT_cb         0x200008b8   0x2c  Data  Gb  usbd_core.o [1]
USBD_DCD_INT_fops       0x2000096c    0x4  Data  Gb  usbd_core.o [1]
USBD_DataInStage        0x08005387   0xd2  Code  Lc  usbd_core.o [1]
USBD_DataOutStage       0x080052ed   0x9a  Code  Lc  usbd_core.o [1]
USBD_DeInit             0x08005295    0x6  Code  Gb  usbd_core.o [1]
USBD_DevConnected       0x08005551   0x16  Code  Lc  usbd_core.o [1]
USBD_DevDisconnected    0x08005567   0x22  Code  Lc  usbd_core.o [1]
USBD_DeviceDesc         0x20000930   0x14  Data  Gb  usbd_desc.o [1]
USBD_GetConfig          0x080063e5   0x48  Code  Lc  usbd_req.o [1]
USBD_GetDescriptor      0x08006189  0x136  Code  Lc  usbd_req.o [1]
USBD_GetLen             0x080065f3   0x14  Code  Lc  usbd_req.o [1]
USBD_GetStatus          0x0800642d   0x40  Code  Lc  usbd_req.o [1]
USBD_GetString          0x080065ad   0x46  Code  Gb  usbd_req.o [1]
USBD_Init               0x08005251   0x44  Code  Gb  usbd_core.o [1]
USBD_IsoINIncomplete    0x0800552d   0x12  Code  Lc  usbd_core.o [1]
USBD_IsoOUTIncomplete   0x0800553f   0x12  Code  Lc  usbd_core.o [1]
USBD_LangIDDesc         0x20000970    0x4  Data  Gb  usbd_desc.o [1]
USBD_OTG_ISR_Handler    0x08007ca5  0x10c  Code  Gb  usb_dcd_int.o [1]
USBD_ParseSetupRequest  0x0800654b   0x44  Code  Gb  usbd_req.o [1]
USBD_Reset              0x0800546d   0x30  Code  Lc  usbd_core.o [1]
USBD_Resume             0x0800549d   0x1e  Code  Lc  usbd_core.o [1]
USBD_RunTestMode        0x08005459    0xe  Code  Lc  usbd_core.o [1]
USBD_SOF                0x080054d9   0x1c  Code  Lc  usbd_core.o [1]
USBD_SetAddress         0x080062bf   0x60  Code  Lc  usbd_req.o [1]
USBD_SetCfg             0x080054f5   0x20  Code  Gb  usbd_core.o [1]
USBD_SetConfig          0x0800631f   0xc6  Code  Lc  usbd_req.o [1]
USBD_SetFeature         0x0800646d   0x90  Code  Lc  usbd_req.o [1]
USBD_SetupStage         0x0800529b   0x52  Code  Lc  usbd_core.o [1]
USBD_StdDevReq          0x08005f49   0x7c  Code  Gb  usbd_req.o [1]
USBD_StdEPReq           0x08006015  0x174  Code  Gb  usbd_req.o [1]
USBD_StdItfReq          0x08005fc5   0x50  Code  Gb  usbd_req.o [1]
USBD_StrDesc            0x2000297c  0x100  Data  Gb  usbd_req.o [1]
USBD_Suspend            0x080054bb   0x1e  Code  Lc  usbd_core.o [1]
USBD_USR_ConfigStrDescriptor
                        0x08008a97   0x14  Code  Gb  usbd_desc.o [1]
USBD_USR_DeviceConfigured
                        0x0800100f    0x2  Code  Gb  usbd_usr.o [1]
USBD_USR_DeviceConnected
                        0x08001015    0x2  Code  Gb  usbd_usr.o [1]
USBD_USR_DeviceDescriptor
                        0x08008a25    0xa  Code  Gb  usbd_desc.o [1]
USBD_USR_DeviceDisconnected
                        0x08001017    0x2  Code  Gb  usbd_usr.o [1]
USBD_USR_DeviceReset    0x0800100d    0x2  Code  Gb  usbd_usr.o [1]
USBD_USR_DeviceResumed  0x08001013    0x2  Code  Gb  usbd_usr.o [1]
USBD_USR_DeviceSuspended
                        0x08001011    0x2  Code  Gb  usbd_usr.o [1]
USBD_USR_Init           0x0800100b    0x2  Code  Gb  usbd_usr.o [1]
USBD_USR_InterfaceStrDescriptor
                        0x08008aab   0x14  Code  Gb  usbd_desc.o [1]
USBD_USR_LangIDStrDescriptor
                        0x08008a2f    0xa  Code  Gb  usbd_desc.o [1]
USBD_USR_ManufacturerStrDescriptor
                        0x08008a4d   0x14  Code  Gb  usbd_desc.o [1]
USBD_USR_ProductStrDescriptor
                        0x08008a39   0x14  Code  Gb  usbd_desc.o [1]
USBD_USR_SerialStrDescriptor
                        0x08008a61   0x36  Code  Gb  usbd_desc.o [1]
USBD_cdc_GetCfgDesc     0x08008697    0xa  Code  Lc  usbd_cdc_core.o [1]
USBD_cfg_status         0x20002b3c    0x4  Data  Gb  usbd_req.o [1]
USBD_default_cfg        0x20002b38    0x4  Data  Gb  usbd_req.o [1]
USBD_ep_status          0x20002b34    0x4  Data  Gb  usbd_req.o [1]
USB_OTG_BSP_EnableInterrupt
                        0x08005723   0x2e  Code  Gb  usb_bsp.o [1]
USB_OTG_BSP_Init        0x0800570d   0x16  Code  Gb  usb_bsp.o [1]
USB_OTG_BSP_mDelay      0x08005769   0x12  Code  Gb  usb_bsp.o [1]
USB_OTG_BSP_uDelay      0x08005751   0x18  Code  Gb  usb_bsp.o [1]
USB_OTG_CoreInit        0x08003cb1   0xca  Code  Gb  usb_core.o [1]
USB_OTG_CoreInitDev     0x08003ecb  0x1ae  Code  Gb  usb_core.o [1]
USB_OTG_CoreReset       0x08003af7   0x64  Code  Lc  usb_core.o [1]
USB_OTG_DisableCommonInt
                        0x08003ae3   0x14  Code  Gb  usb_core.o [1]
USB_OTG_DisableGlobalInt
                        0x08003d99   0x1e  Code  Gb  usb_core.o [1]
USB_OTG_EP0Activate     0x0800410f   0x50  Code  Gb  usb_core.o [1]
USB_OTG_EP0StartXfer    0x080043bd  0x12c  Code  Gb  usb_core.o [1]
USB_OTG_EP0_OutStart    0x080045b1   0x52  Code  Gb  usb_core.o [1]
USB_OTG_EPActivate      0x0800415f   0x7a  Code  Gb  usb_core.o [1]
USB_OTG_EPClearStall    0x08004531   0x46  Code  Gb  usb_core.o [1]
USB_OTG_EPDeactivate    0x080041d9   0x58  Code  Gb  usb_core.o [1]
USB_OTG_EPSetStall      0x080044e9   0x48  Code  Gb  usb_core.o [1]
USB_OTG_EPStartXfer     0x08004231  0x18c  Code  Gb  usb_core.o [1]
USB_OTG_EnableCommonInt
                        0x08003ac1   0x22  Code  Lc  usb_core.o [1]
USB_OTG_EnableDevInt    0x08004079   0x62  Code  Gb  usb_core.o [1]
USB_OTG_EnableGlobalInt
                        0x08003d7b   0x1e  Code  Gb  usb_core.o [1]
USB_OTG_FlushRxFifo     0x08003dff   0x40  Code  Gb  usb_core.o [1]
USB_OTG_FlushTxFifo     0x08003db7   0x48  Code  Gb  usb_core.o [1]
USB_OTG_GetDeviceSpeed  0x080040db   0x34  Code  Gb  usb_core.o [1]
USB_OTG_GetMode         0x08003e85    0xa  Code  Gb  usb_core.o [1]
USB_OTG_InitDevSpeed    0x08003eb9   0x12  Code  Gb  usb_core.o [1]
USB_OTG_IsDeviceMode    0x08003e8f   0x18  Code  Gb  usb_core.o [1]
USB_OTG_ReadCoreItr     0x08003ea7   0x12  Code  Gb  usb_core.o [1]
USB_OTG_ReadDevAllInEPItr
                        0x0800459f   0x12  Code  Gb  usb_core.o [1]
USB_OTG_ReadDevAllOutEp_itr
                        0x08004577   0x12  Code  Gb  usb_core.o [1]
USB_OTG_ReadDevOutEP_itr
                        0x08004589   0x16  Code  Gb  usb_core.o [1]
USB_OTG_ReadPacket      0x08003ba3   0x2c  Code  Gb  usb_core.o [1]
USB_OTG_SelectCore      0x08003bcf   0xe2  Code  Gb  usb_core.o [1]
USB_OTG_SetCurrentMode  0x08003e49   0x3c  Code  Gb  usb_core.o [1]
USB_OTG_WritePacket     0x08003b5b   0x48  Code  Gb  usb_core.o [1]
USB_OTG_dev             0x20001984  0x5f4  Data  Gb  main.o [1]
USB_Rx_Buffer           0x20002a7c   0x40  Data  Gb  usbd_cdc_core.o [1]
USB_Tx_State            0x20002b4c    0x1  Data  Gb  usbd_cdc_core.o [1]
USR_cb                  0x20000900   0x1c  Data  Gb  usbd_usr.o [1]
USR_desc                0x200008e4   0x1c  Data  Gb  usbd_desc.o [1]
UsageFault_Handler      0x08008941    0x2  Code  Gb  stm32f10x_it.o [1]
VCP_Ctrl                0x08003391   0xb4  Code  Lc  usbd_cdc_vcp.o [1]
VCP_DataRx              0x080034fb   0xb6  Code  Lc  usbd_cdc_vcp.o [1]
VCP_DataTx              0x08003445   0xb6  Code  Lc  usbd_cdc_vcp.o [1]
VCP_DeInit              0x0800338d    0x4  Code  Lc  usbd_cdc_vcp.o [1]
VCP_Init                0x08003389    0x4  Code  Lc  usbd_cdc_vcp.o [1]
VCP_fops                0x2000091c   0x14  Data  Gb  usbd_cdc_vcp.o [1]
ValidateCommandLine     0x08003267   0xe6  Code  Gb  console_tail.o [1]
WWDG_IRQHandler         0x08008e9d         Code  Wk  startup_stm32f10x_cl.o [1]
WritePage               0x0800198f   0xc6  Code  Gb  main.o [1]
_GenldFull              0x08000b71  0x266  Code  Lc  xprintffull.o [3]
_GetN                   0x080066ed   0x22  Code  Lc  xscanffull.o [3]
_GetfldFull             0x080068a9  0x106  Code  Lc  xscanffull.o [3]
_GetfloatFull           0x08006d3d  0x3cc  Code  Lc  xscanffull.o [3]
_GetintFull             0x08006b6f  0x1c8  Code  Lc  xscanffull.o [3]
_GetstrFull             0x080069af  0x1ba  Code  Lc  xscanffull.o [3]
_LdtobFull              0x08000771  0x3fa  Code  Lc  xprintffull.o [3]
_LitobFull              0x0800065b  0x10e  Code  Lc  xprintffull.o [3]
_LocaleC_isspace        0x0800577b   0x16  Code  Gb  base64.o [1]
_PrintfFull             0x08000151  0x504  Code  Gb  xprintffull.o [3]
_Prout                  0x08008d19   0x16  Code  Gb  xprout.o [3]
_PutcharsFull           0x08000dd7   0x2e  Code  Lc  xprintffull.o [3]
_SNProut                0x08000eab   0x1a  Code  Gb  xsnprout.o [3]
_SProut                 0x080010ff    0xa  Code  Gb  xsprout.o [3]
_SScin                  0x08000e57   0x1e  Code  Gb  xsscin.o [3]
_ScanfFull              0x0800670f  0x19a  Code  Gb  xscanffull.o [3]
_Stoflt                 0x0800768d  0x1a8  Code  Gb  xstoflt.o [3]
_Stopfx                 0x0800755b  0x130  Code  Gb  xstopfx.o [3]
_Stoxflt                0x08007a89  0x1c8  Code  Gb  xstoxflt.o [3]
_UngetChar              0x20000974    0x4  Data  Lc  getchar.o [3]
__aeabi_cdcmpeq         0x08007c85         Code  Gb  DblCmpEq.o [4]
__aeabi_cdcmple         0x080010d1         Code  Gb  DblCmpLe.o [4]
__aeabi_cdrcmple        0x08001109         Code  Gb  DblCmpGe.o [4]
__aeabi_d2f             0x080074c9         Code  Gb  DblToFlt.o [4]
__aeabi_d2iz            0x08001245         Code  Gb  DblToI32.o [4]
__aeabi_d2uiz           0x08001271         Code  Gb  DblToI32.o [4]
__aeabi_dadd            0x08001849         Code  Gb  DblAdd.o [4]
__aeabi_ddiv            0x080015f1         Code  Gb  DblDiv.o [4]
__aeabi_dmul            0x0800144d         Code  Gb  DblMul.o [4]
__aeabi_dsub            0x080012cd         Code  Gb  DblSub.o [4]
__aeabi_errno_addr      0x08007121    0x6  Code  Gb  errno.o [3]
__aeabi_i2d             0x0800129d         Code  Gb  I32ToDbl.o [4]
__aeabi_ldiv0           0x08001845         Code  Gb  I64DivZer.o [5]
__aeabi_memcpy          0x08001019         Code  Gb  ABImemcpy.o [5]
__aeabi_memcpy4         0x08001039         Code  Gb  ABImemcpy.o [5]
__aeabi_memcpy8         0x08001039         Code  Gb  ABImemcpy.o [5]
__aeabi_memset          0x080055bd         Code  Gb  ABImemset.o [5]
__aeabi_ui2d            0x080012b1         Code  Gb  I32ToDbl.o [4]
__aeabi_uldivmod        0x08000f1d         Code  Gb  I64DivMod.o [5]
__cmain                 0x08008cd9         Code  Gb  cmain.o [5]
__exit                  0x08008d05   0x14  Code  Gb  exit.o [6]
__iar_Dnorm             0x0800108f   0x42  Code  Gb  xdnorm.o [4]
__iar_Dscale            0x08001139  0x10c  Code  Gb  xdscale.o [4]
__iar_Dtentox           0x080078eb  0x140  Code  Gb  xdtento.o [4]
__iar_Errno             0x20002b40    0x4  Data  Gb  errno.o [3]
__iar_Memchr            0x08000ec5         Code  Gb  memchr.o [5]
__iar_Memset            0x080055bd         Code  Gb  ABImemset.o [5]
__iar_Memset_word       0x080055c5         Code  Gb  ABImemset.o [5]
__iar_Stold             0x080074c5    0x4  Code  Gb  xstold.o [4]
__iar_Stoldx            0x08007385  0x132  Code  Gb  xstold.o [4]
__iar_Stoll             0x080071cb    0x4  Code  Gb  xstoll.o [3]
__iar_Stollx            0x0800712d   0x9e  Code  Gb  xstoll.o [3]
__iar_Stoul             0x080058af    0x4  Code  Gb  xstoul.o [3]
__iar_Stoull            0x08007331    0x4  Code  Gb  xstoull.o [3]
__iar_Stoullx           0x080071d1  0x15a  Code  Gb  xstoull.o [3]
__iar_Stoulx            0x08005791  0x118  Code  Gb  xstoul.o [3]
__iar_Strchr            0x08000e41         Code  Gb  strchr.o [5]
__iar_d2uiz             0x0800127d         Code  Gb  DblToI32.o [4]
__iar_dadd              0x0800185d         Code  Gb  DblAdd.o [4]
__iar_data_init3        0x08008c3d   0x28  Code  Gb  data_init3.o [5]
__iar_dlib_perthread_access
                        0x08007559    0x2  Code  Gb  xtls.o [3]
__iar_dsub              0x080012e1         Code  Gb  DblSub.o [4]
__iar_dsubStart         0x080012f3         Code  Gb  DblSub.o [4]
__iar_packbits_init3    0x08008b29   0xa6  Code  Gb  packbits_init3.o [5]
__iar_program_start     0x08008e4d         Code  Gb  cstartup_M.o [5]
__iar_ui2d              0x080012b5         Code  Gb  I32ToDbl.o [4]
__iar_zero_init3        0x08000e1f   0x22  Code  Gb  zero_init3.o [5]
__low_level_init        0x08008cef    0x4  Code  Gb  low_level_init.o [3]
__read                  0x080035e1   0xe4  Code  Gb  usbd_cdc_vcp.o [1]
__vector_table          0x08000000         Data  Gb  startup_stm32f10x_cl.o [1]
__write                 0x080035b1   0x30  Code  Gb  usbd_cdc_vcp.o [1]
__writeCmdLineRespPacket
                        0x08003703   0x2e  Code  Gb  usbd_cdc_vcp.o [1]
_call_main              0x08008ce5         Code  Gb  cmain.o [5]
_exit                   0x08008cf9         Code  Gb  cexit.o [5]
_main                   0x08008ceb         Code  Gb  cmain.o [5]
assert_loop             0x2000097a    0x1  Data  Lc  main.o [1]
b64_pton                0x080030a9  0x19a  Code  Gb  base64.o [1]
cdcCmd                  0x20000968    0x4  Data  Lc  usbd_cdc_core.o [1]
cdcLen                  0x20002b20    0x4  Data  Lc  usbd_cdc_core.o [1]
digits                  0x080058b4   0x28  Data  Lc  xstoul.o [3]
digits                  0x08007334   0x28  Data  Lc  xstoull.o [3]
div                     0x08001837    0xe  Code  Gb  div.o [3]
dmul                    0x08007899   0x52  Code  Lc  xdtento.o [4]
doPackets               0x08001d0f  0x1f2  Code  Gb  main.o [1]
eeOSTime                0x20002ad0    0x8  Data  Gb  i2c_ee.o [1]
exit                    0x08008cf3    0x4  Code  Gb  exit.o [3]
flags                   0x20002af4    0x4  Data  Gb  main.o [1]
getchar                 0x08005589   0x2e  Code  Gb  getchar.o [3]
hard_fault_handler_c    0x08008887   0xa2  Code  Gb  stm32f10x_it.o [1]
hasMainFirmware         0x20002b48    0x1  Data  Gb  main.o [1]
header                  0x20002af8    0x4  Data  Lc  main.o [1]
isspace                 0x08004629    0xc  Code  Gb  base64.o [1]
jump                    0x08001f0d   0x34  Code  Gb  main.o [1]
linecoding              0x20000954    0x8  Data  Gb  usbd_cdc_vcp.o [1]
main                    0x08002375  0x1b0  Code  Gb  main.o [1]
memchr                  0x08000ec5         Code  Gb  memchr.o [5]
memcmp                  0x08005625         Code  Gb  memcmp.o [5]
memcpy                  0x08002763   0x16  Code  Gb  usbd_cdc_vcp.o [1]
memset                  0x08003091   0x16  Code  Gb  main.o [1]
ndigs                   0x080058dc   0x28  Data  Lc  xstoul.o [3]
ndigs                   0x0800735c   0x28  Data  Lc  xstoull.o [3]
onLineIn                0x08001f41  0x1fc  Code  Lc  main.o [1]
on_usb_power            0x2000097b    0x1  Data  Gb  stm32f10x_it.o [1]
packet                  0x20002b46    0x2  Data  Lc  main.o [1]
page                    0x20000000  0x808  Data  Lc  main.o [1]
power_off               0x0800213d   0x48  Code  Lc  main.o [1]
pows                    0x08007a40   0x48  Data  Lc  xdtento.o [4]
printf                  0x08004605   0x24  Code  Gb  printf.o [3]
putchar                 0x08008c15   0x28  Code  Gb  putchar.o [3]
result                  0x20002afc    0x4  Data  Gb  main.o [1]
snprintf                0x08008ae5   0x44  Code  Gb  snprintf.o [3]
sprintf                 0x08005689   0x34  Code  Gb  sprintf.o [3]
sscanf                  0x080056bd   0x24  Code  Gb  sscanf.o [3]
stayInFlag              0x20002b4a    0x1  Data  Gb  main.o [1]
strchr                  0x08000e41         Code  Gb  strchr.o [5]
strcpy                  0x0800377d         Code  Gb  strcpy.o [5]
strlen                  0x08000e75         Code  Gb  strlen.o [5]
strrev                  0x08003371   0x18  Code  Gb  console_tail.o [1]
strtoul                 0x08004635    0x4  Code  Gb  strtoul.o [3]
trace_format_buf        0x20002678  0x200  Data  Gb  usbd_cdc_vcp.o [1]
usbd_cdc_AltSet         0x20002b10    0x4  Data  Lc  usbd_cdc_core.o [1]
usbd_cdc_CfgDesc        0x20000808   0x44  Data  Gb  usbd_cdc_core.o [1]
usbd_cdc_DataIn         0x0800850f   0x7c  Code  Lc  usbd_cdc_core.o [1]
usbd_cdc_DataOut        0x0800858b   0x30  Code  Lc  usbd_cdc_core.o [1]
usbd_cdc_DeInit         0x080083ed   0x28  Code  Lc  usbd_cdc_core.o [1]
usbd_cdc_EP0_RxReady    0x080084e9   0x26  Code  Lc  usbd_cdc_core.o [1]
usbd_cdc_Init           0x080083a1   0x4c  Code  Lc  usbd_cdc_core.o [1]
usbd_cdc_SOF            0x080085bb   0x22  Code  Lc  usbd_cdc_core.o [1]
usbd_cdc_Setup          0x08008415   0xd4  Code  Lc  usbd_cdc_core.o [1]
val                     0x20002b08    0x4  Data  Gb  main.o [1]
version                 0x2000095c    0x4  Data  Gb  main.o [1]
vsprintf                0x080056e1   0x2c  Code  Gb  vsprintf.o [3]
write_header            0x080036c5   0x3e  Code  Lc  usbd_cdc_vcp.o [1]


[1] = C:\Users\kmak\Documents\Cortex_Git\BLKT-01\Source Code\BLKT-01 Beacon\Source\firmware\Bootloader\IAR\Release-Beacon-RevJ\Obj
[2] = command line
[3] = dl7M_tln.a
[4] = m7M_tl.a
[5] = rt7M_tl.a
[6] = shb_l.a

  36 163 bytes of readonly  code memory
     932 bytes of readonly  data memory
  15 182 bytes of readwrite data memory

Errors: none
Warnings: none
