###############################################################################
#                                                                             #
# IAR ELF Linker V6.40.1.53790/W32 for ARM              10/May/2019  12:17:16 #
# Copyright 2007-2012 IAR Systems AB.                                         #
#                                                                             #
#    Output file  =  C:\Users\User\Documents\Cortex_git\BLKT-01.git\Source    #
#                    Code\BLKT-01 Beacon\Source\firmware\Bootloader\IAR\Relea #
#                    se-Beacon\Exe\Bootloader4Beacon-Release.out              #
#    Map file     =  C:\Users\User\Documents\Cortex_git\BLKT-01.git\Source    #
#                    Code\BLKT-01 Beacon\Source\firmware\Bootloader\IAR\Relea #
#                    se-Beacon\List\Bootloader4Beacon-Release.map             #
#    Command line =  "C:\Users\User\Documents\Cortex_git\BLKT-01.git\Source   #
#                    Code\BLKT-01 Beacon\Source\firmware\Bootloader\IAR\Relea #
#                    se-Beacon\Obj\app_util.o" "C:\Users\User\Documents\Corte #
#                    x_git\BLKT-01.git\Source Code\BLKT-01                    #
#                    Beacon\Source\firmware\Bootloader\IAR\Release-Beacon\Obj #
#                    \base64.o" "C:\Users\User\Documents\Cortex_git\BLKT-01.g #
#                    it\Source Code\BLKT-01 Beacon\Source\firmware\Bootloader #
#                    \IAR\Release-Beacon\Obj\console_tail.o"                  #
#                    "C:\Users\User\Documents\Cortex_git\BLKT-01.git\Source   #
#                    Code\BLKT-01 Beacon\Source\firmware\Bootloader\IAR\Relea #
#                    se-Beacon\Obj\hardware.o" "C:\Users\User\Documents\Corte #
#                    x_git\BLKT-01.git\Source Code\BLKT-01                    #
#                    Beacon\Source\firmware\Bootloader\IAR\Release-Beacon\Obj #
#                    \i2c_ee.o" "C:\Users\User\Documents\Cortex_git\BLKT-01.g #
#                    it\Source Code\BLKT-01 Beacon\Source\firmware\Bootloader #
#                    \IAR\Release-Beacon\Obj\main.o"                          #
#                    "C:\Users\User\Documents\Cortex_git\BLKT-01.git\Source   #
#                    Code\BLKT-01 Beacon\Source\firmware\Bootloader\IAR\Relea #
#                    se-Beacon\Obj\md5.o" "C:\Users\User\Documents\Cortex_git #
#                    \BLKT-01.git\Source Code\BLKT-01                         #
#                    Beacon\Source\firmware\Bootloader\IAR\Release-Beacon\Obj #
#                    \misc.o" "C:\Users\User\Documents\Cortex_git\BLKT-01.git #
#                    \Source Code\BLKT-01 Beacon\Source\firmware\Bootloader\I #
#                    AR\Release-Beacon\Obj\startup_stm32f10x_cl.o"            #
#                    "C:\Users\User\Documents\Cortex_git\BLKT-01.git\Source   #
#                    Code\BLKT-01 Beacon\Source\firmware\Bootloader\IAR\Relea #
#                    se-Beacon\Obj\stm32f10x_adc.o"                           #
#                    "C:\Users\User\Documents\Cortex_git\BLKT-01.git\Source   #
#                    Code\BLKT-01 Beacon\Source\firmware\Bootloader\IAR\Relea #
#                    se-Beacon\Obj\stm32f10x_dbgmcu.o"                        #
#                    "C:\Users\User\Documents\Cortex_git\BLKT-01.git\Source   #
#                    Code\BLKT-01 Beacon\Source\firmware\Bootloader\IAR\Relea #
#                    se-Beacon\Obj\stm32f10x_dma.o"                           #
#                    "C:\Users\User\Documents\Cortex_git\BLKT-01.git\Source   #
#                    Code\BLKT-01 Beacon\Source\firmware\Bootloader\IAR\Relea #
#                    se-Beacon\Obj\stm32f10x_exti.o"                          #
#                    "C:\Users\User\Documents\Cortex_git\BLKT-01.git\Source   #
#                    Code\BLKT-01 Beacon\Source\firmware\Bootloader\IAR\Relea #
#                    se-Beacon\Obj\stm32f10x_flash.o"                         #
#                    "C:\Users\User\Documents\Cortex_git\BLKT-01.git\Source   #
#                    Code\BLKT-01 Beacon\Source\firmware\Bootloader\IAR\Relea #
#                    se-Beacon\Obj\stm32f10x_gpio.o"                          #
#                    "C:\Users\User\Documents\Cortex_git\BLKT-01.git\Source   #
#                    Code\BLKT-01 Beacon\Source\firmware\Bootloader\IAR\Relea #
#                    se-Beacon\Obj\stm32f10x_i2c.o"                           #
#                    "C:\Users\User\Documents\Cortex_git\BLKT-01.git\Source   #
#                    Code\BLKT-01 Beacon\Source\firmware\Bootloader\IAR\Relea #
#                    se-Beacon\Obj\stm32f10x_it.o"                            #
#                    "C:\Users\User\Documents\Cortex_git\BLKT-01.git\Source   #
#                    Code\BLKT-01 Beacon\Source\firmware\Bootloader\IAR\Relea #
#                    se-Beacon\Obj\stm32f10x_rcc.o"                           #
#                    "C:\Users\User\Documents\Cortex_git\BLKT-01.git\Source   #
#                    Code\BLKT-01 Beacon\Source\firmware\Bootloader\IAR\Relea #
#                    se-Beacon\Obj\stm32f10x_spi.o"                           #
#                    "C:\Users\User\Documents\Cortex_git\BLKT-01.git\Source   #
#                    Code\BLKT-01 Beacon\Source\firmware\Bootloader\IAR\Relea #
#                    se-Beacon\Obj\stm32f10x_tim.o"                           #
#                    "C:\Users\User\Documents\Cortex_git\BLKT-01.git\Source   #
#                    Code\BLKT-01 Beacon\Source\firmware\Bootloader\IAR\Relea #
#                    se-Beacon\Obj\system_stm32f10x.o"                        #
#                    "C:\Users\User\Documents\Cortex_git\BLKT-01.git\Source   #
#                    Code\BLKT-01 Beacon\Source\firmware\Bootloader\IAR\Relea #
#                    se-Beacon\Obj\time.o" "C:\Users\User\Documents\Cortex_gi #
#                    t\BLKT-01.git\Source Code\BLKT-01                        #
#                    Beacon\Source\firmware\Bootloader\IAR\Release-Beacon\Obj #
#                    \usb_bsp.o" "C:\Users\User\Documents\Cortex_git\BLKT-01. #
#                    git\Source Code\BLKT-01 Beacon\Source\firmware\Bootloade #
#                    r\IAR\Release-Beacon\Obj\usb_core.o"                     #
#                    "C:\Users\User\Documents\Cortex_git\BLKT-01.git\Source   #
#                    Code\BLKT-01 Beacon\Source\firmware\Bootloader\IAR\Relea #
#                    se-Beacon\Obj\usb_dcd.o" "C:\Users\User\Documents\Cortex #
#                    _git\BLKT-01.git\Source Code\BLKT-01                     #
#                    Beacon\Source\firmware\Bootloader\IAR\Release-Beacon\Obj #
#                    \usb_dcd_int.o" "C:\Users\User\Documents\Cortex_git\BLKT #
#                    -01.git\Source Code\BLKT-01                              #
#                    Beacon\Source\firmware\Bootloader\IAR\Release-Beacon\Obj #
#                    \usbd_cdc_core.o" "C:\Users\User\Documents\Cortex_git\BL #
#                    KT-01.git\Source Code\BLKT-01                            #
#                    Beacon\Source\firmware\Bootloader\IAR\Release-Beacon\Obj #
#                    \usbd_cdc_vcp.o" "C:\Users\User\Documents\Cortex_git\BLK #
#                    T-01.git\Source Code\BLKT-01                             #
#                    Beacon\Source\firmware\Bootloader\IAR\Release-Beacon\Obj #
#                    \usbd_core.o" "C:\Users\User\Documents\Cortex_git\BLKT-0 #
#                    1.git\Source Code\BLKT-01 Beacon\Source\firmware\Bootloa #
#                    der\IAR\Release-Beacon\Obj\usbd_desc.o"                  #
#                    "C:\Users\User\Documents\Cortex_git\BLKT-01.git\Source   #
#                    Code\BLKT-01 Beacon\Source\firmware\Bootloader\IAR\Relea #
#                    se-Beacon\Obj\usbd_ioreq.o"                              #
#                    "C:\Users\User\Documents\Cortex_git\BLKT-01.git\Source   #
#                    Code\BLKT-01 Beacon\Source\firmware\Bootloader\IAR\Relea #
#                    se-Beacon\Obj\usbd_req.o" "C:\Users\User\Documents\Corte #
#                    x_git\BLKT-01.git\Source Code\BLKT-01                    #
#                    Beacon\Source\firmware\Bootloader\IAR\Release-Beacon\Obj #
#                    \usbd_usr.o" -o "C:\Users\User\Documents\Cortex_git\BLKT #
#                    -01.git\Source Code\BLKT-01                              #
#                    Beacon\Source\firmware\Bootloader\IAR\Release-Beacon\Exe #
#                    \Bootloader4Beacon-Release.out" --redirect               #
#                    _Printf=_PrintfFull --redirect _Scanf=_ScanfFull --map   #
#                    "C:\Users\User\Documents\Cortex_git\BLKT-01.git\Source   #
#                    Code\BLKT-01 Beacon\Source\firmware\Bootloader\IAR\Relea #
#                    se-Beacon\List\Bootloader4Beacon-Release.map" --config   #
#                    "C:\Program Files (x86)\IAR Systems\Embedded Workbench   #
#                    6.4\arm\config\linker\ST\stm32f107xC.icf" --semihosting  #
#                    --entry __iar_program_start --vfe                        #
#                                                                             #
#                                                                             #
###############################################################################

*******************************************************************************
*** RUNTIME MODEL ATTRIBUTES
***

CppFlavor       = *
__SystemLibrary = DLib


*******************************************************************************
*** PLACEMENT SUMMARY
***

"A1":  place at 0x08000000 { ro section .intvec };
"P1":  place in [from 0x08000000 to 0x0803ffff] { ro };
"P2":  place in [from 0x20000000 to 0x2000ffff] { rw, block CSTACK, block HEAP };

  Section            Kind        Address    Size  Object
  -------            ----        -------    ----  ------
"A1":                                      0x150
  .intvec            ro code  0x08000000   0x150  startup_stm32f10x_cl.o [1]
                            - 0x08000150   0x150

"P1":                                     0x90b4
  .text              ro code  0x08000150   0xcf4  main.o [1]
  .text              ro code  0x08000e44   0x182  stm32f10x_flash.o [1]
  .text              ro code  0x08000fc6    0x16  usbd_cdc_vcp.o [1]
  .text              ro code  0x08000fdc   0x918  md5.o [1]
  .text              ro code  0x080018f4    0x16  main.o [1]
  .text              ro code  0x0800190a    0x22  zero_init3.o [5]
  .text              ro code  0x0800192c    0x36  strlen.o [5]
  .text              ro code  0x08001962    0x1e  xsscin.o [3]
  .text              ro code  0x08001980   0x1a4  base64.o [1]
  .text              ro code  0x08001b24   0x13c  console_tail.o [1]
  .text              ro code  0x08001c60   0x3f4  usbd_cdc_vcp.o [1]
  .text              ro code  0x08002054    0x44  strcpy.o [5]
  .text              ro code  0x08002098   0x300  usb_dcd.o [1]
  .text              ro code  0x08002398   0xb42  usb_core.o [1]
  .text              ro code  0x08002eda    0x1a  xsnprout.o [3]
  .text              ro code  0x08002ef4   0x250  hardware.o [1]
  .text              ro code  0x08003144    0x24  printf.o [3]
  .text              ro code  0x08003168     0xc  base64.o [1]
  .text              ro code  0x08003174     0x4  strtoul.o [3]
  .text              ro code  0x08003178   0x400  i2c_ee.o [1]
  .text              ro code  0x08003578   0x1ec  stm32f10x_gpio.o [1]
  .text              ro code  0x08003764   0x28c  stm32f10x_rcc.o [1]
  .text              ro code  0x080039f0   0x1de  stm32f10x_adc.o [1]
  .text              ro code  0x08003bce     0xe  usbd_usr.o [1]
  .text              ro code  0x08003bdc   0x338  usbd_core.o [1]
  .text              ro code  0x08003f14    0x34  getchar.o [3]
  .text              ro code  0x08003f48    0x76  ABImemcpy.o [5]
  .text              ro code  0x08003fbe     0xa  xsprout.o [3]
  .text              ro code  0x08003fc8    0x66  ABImemset.o [5]
  .rodata            const    0x0800402e     0x1  base64.o [1]
  .text              ro code  0x08004030    0x16  strchr.o [5]
  .text              ro code  0x08004048    0x62  memcmp.o [5]
  .text              ro code  0x080040ac    0x34  sprintf.o [3]
  .text              ro code  0x080040e0    0x24  sscanf.o [3]
  .text              ro code  0x08004104    0x2c  vsprintf.o [3]
  .text              ro code  0x08004130    0x6e  usb_bsp.o [1]
  .text              ro code  0x080041a0   0x354  stm32f10x_tim.o [1]
  .text              ro code  0x080044f4    0x24  stm32f10x_dbgmcu.o [1]
  .text              ro code  0x08004518    0x88  misc.o [1]
  .text              ro code  0x080045a0   0x238  stm32f10x_i2c.o [1]
  .text              ro code  0x080047d8   0xcce  xprintffull.o [3]
  .text              ro code  0x080054a6    0x16  base64.o [1]
  .text              ro code  0x080054bc   0x174  xstoul.o [3]
  .text              ro code  0x08005630     0xc  time.o [1]
  .text              ro code  0x0800563c   0x6be  usbd_req.o [1]
  .text              ro code  0x08005cfa    0xe4  usbd_ioreq.o [1]
  .text              ro code  0x08005de0   0xa34  xscanffull.o [3]
  .text              ro code  0x08006814    0x58  memchr.o [5]
  .text              ro code  0x0800686c    0xee  I64DivMod.o [5]
  .text              ro code  0x0800695a    0x42  xdnorm.o [4]
  .text              ro code  0x0800699c    0x2e  DblCmpLe.o [4]
  .text              ro code  0x080069cc    0x2e  DblCmpGe.o [4]
  .text              ro code  0x080069fc   0x10c  xdscale.o [4]
  .text              ro code  0x08006b08    0x58  DblToI32.o [4]
  .text              ro code  0x08006b60    0x30  I32ToDbl.o [4]
  .text              ro code  0x08006b90   0x180  DblSub.o [4]
  .text              ro code  0x08006d10   0x1a2  DblMul.o [4]
  .text              ro code  0x08006eb4   0x246  DblDiv.o [4]
  .text              ro code  0x080070fa     0xe  div.o [3]
  .text              ro code  0x08007108     0xc  errno.o [3]
  .text              ro code  0x08007114    0xa2  xstoll.o [3]
  .text              ro code  0x080071b8   0x1b4  xstoull.o [3]
  .text              ro code  0x0800736c   0x144  xstold.o [4]
  .text              ro code  0x080074b0    0x90  DblToFlt.o [4]
  .text              ro code  0x08007540     0x2  I64DivZer.o [5]
  .text              ro code  0x08007544    0xe8  DblAdd.o [4]
  .text              ro code  0x0800762c     0x2  xtls.o [3]
  .text              ro code  0x0800762e   0x130  xstopfx.o [3]
  .text              ro code  0x08007760   0x1a8  xstoflt.o [3]
  .text              ro code  0x08007908   0x1f0  xdtento.o [4]
  .text              ro code  0x08007af8   0x1fc  xstoxflt.o [3]
  .text              ro code  0x08007cf4    0x20  DblCmpEq.o [4]
  .text              ro code  0x08007d14   0x6fa  usb_dcd_int.o [1]
  .text              ro code  0x08008410   0x340  usbd_cdc_core.o [1]
  .text              ro code  0x08008750   0x1a8  stm32f10x_it.o [1]
  .text              ro code  0x080088f8     0xc  stm32f10x_exti.o [1]
  .text              ro code  0x08008904   0x1a4  system_stm32f10x.o [1]
  .text              ro code  0x08008aa8    0xc0  usbd_desc.o [1]
  .text              ro code  0x08008b68    0x44  snprintf.o [3]
  .text              ro code  0x08008bac    0xa6  packbits_init3.o [5]
  .rodata            const    0x08008c54    0x64  main.o [1]
  .rodata            const    0x08008cb8    0x44  base64.o [1]
  .text              ro code  0x08008cfc    0x28  putchar.o [3]
  .text              ro code  0x08008d24    0x28  data_init3.o [5]
  .iar.init_table    const    0x08008d4c    0x2c  - Linker created -
  .rodata            const    0x08008d78    0x18  main.o [1]
  .rodata            const    0x08008d90    0x18  stm32f10x_it.o [1]
  .rodata            const    0x08008da8    0x18  usbd_desc.o [1]
  .text              ro code  0x08008dc0    0x16  cmain.o [5]
  .text              ro code  0x08008dd6     0x4  low_level_init.o [3]
  .text              ro code  0x08008dda     0x4  exit.o [3]
  .text              ro code  0x08008de0     0xa  cexit.o [5]
  .text              ro code  0x08008dec    0x14  exit.o [6]
  .text              ro code  0x08008e00    0x16  xprout.o [3]
  .rodata            const    0x08008e18    0x14  hardware.o [1]
  .rodata            const    0x08008e2c    0x14  main.o [1]
  .rodata            const    0x08008e40    0x14  main.o [1]
  .rodata            const    0x08008e54    0x14  usbd_desc.o [1]
  .rodata            const    0x08008e68    0x10  usbd_desc.o [1]
  .text              ro code  0x08008e78    0x10  startup_stm32f10x_cl.o [1]
  .rodata            const    0x08008e88     0xc  hardware.o [1]
  .rodata            const    0x08008e94     0xc  main.o [1]
  .rodata            const    0x08008ea0     0xc  main.o [1]
  .rodata            const    0x08008eac     0xc  stm32f10x_it.o [1]
  .rodata            const    0x08008eb8     0xc  stm32f10x_it.o [1]
  .rodata            const    0x08008ec4     0xc  stm32f10x_it.o [1]
  .rodata            const    0x08008ed0     0xc  stm32f10x_it.o [1]
  .rodata            const    0x08008edc     0xc  stm32f10x_it.o [1]
  .rodata            const    0x08008ee8     0xc  stm32f10x_it.o [1]
  .rodata            const    0x08008ef4     0xc  stm32f10x_it.o [1]
  .rodata            const    0x08008f00     0xc  stm32f10x_it.o [1]
  .rodata            const    0x08008f0c     0xc  stm32f10x_it.o [1]
  .rodata            const    0x08008f18     0xc  stm32f10x_it.o [1]
  .rodata            const    0x08008f24     0xc  stm32f10x_it.o [1]
  .rodata            const    0x08008f30     0xc  stm32f10x_it.o [1]
  .rodata            const    0x08008f3c     0xc  stm32f10x_it.o [1]
  .rodata            const    0x08008f48     0xc  usbd_desc.o [1]
  .text              ro code  0x08008f54     0xc  cstartup_M.o [5]
  .rodata            const    0x08008f60     0x8  console_tail.o [1]
  .rodata            const    0x08008f68     0x8  console_tail.o [1]
  .rodata            const    0x08008f70     0x8  console_tail.o [1]
  .rodata            const    0x08008f78     0x8  usbd_desc.o [1]
  .text              ro code  0x08008f80     0x4  startup_stm32f10x_cl.o [1]
  .text              ro code  0x08008f84     0x4  startup_stm32f10x_cl.o [1]
  .text              ro code  0x08008f88     0x4  startup_stm32f10x_cl.o [1]
  .text              ro code  0x08008f8c     0x4  startup_stm32f10x_cl.o [1]
  .text              ro code  0x08008f90     0x4  startup_stm32f10x_cl.o [1]
  .text              ro code  0x08008f94     0x4  startup_stm32f10x_cl.o [1]
  .text              ro code  0x08008f98     0x4  startup_stm32f10x_cl.o [1]
  .text              ro code  0x08008f9c     0x4  startup_stm32f10x_cl.o [1]
  .text              ro code  0x08008fa0     0x4  startup_stm32f10x_cl.o [1]
  .text              ro code  0x08008fa4     0x4  startup_stm32f10x_cl.o [1]
  .text              ro code  0x08008fa8     0x4  startup_stm32f10x_cl.o [1]
  .text              ro code  0x08008fac     0x4  startup_stm32f10x_cl.o [1]
  .text              ro code  0x08008fb0     0x4  startup_stm32f10x_cl.o [1]
  .text              ro code  0x08008fb4     0x4  startup_stm32f10x_cl.o [1]
  .text              ro code  0x08008fb8     0x4  startup_stm32f10x_cl.o [1]
  .text              ro code  0x08008fbc     0x4  startup_stm32f10x_cl.o [1]
  .text              ro code  0x08008fc0     0x4  startup_stm32f10x_cl.o [1]
  .text              ro code  0x08008fc4     0x4  startup_stm32f10x_cl.o [1]
  .text              ro code  0x08008fc8     0x4  startup_stm32f10x_cl.o [1]
  .text              ro code  0x08008fcc     0x4  startup_stm32f10x_cl.o [1]
  .text              ro code  0x08008fd0     0x4  startup_stm32f10x_cl.o [1]
  .text              ro code  0x08008fd4     0x4  startup_stm32f10x_cl.o [1]
  .text              ro code  0x08008fd8     0x4  startup_stm32f10x_cl.o [1]
  .text              ro code  0x08008fdc     0x4  startup_stm32f10x_cl.o [1]
  .text              ro code  0x08008fe0     0x4  startup_stm32f10x_cl.o [1]
  .text              ro code  0x08008fe4     0x4  startup_stm32f10x_cl.o [1]
  .text              ro code  0x08008fe8     0x4  startup_stm32f10x_cl.o [1]
  .text              ro code  0x08008fec     0x4  startup_stm32f10x_cl.o [1]
  .text              ro code  0x08008ff0     0x4  startup_stm32f10x_cl.o [1]
  .text              ro code  0x08008ff4     0x4  startup_stm32f10x_cl.o [1]
  .text              ro code  0x08008ff8     0x4  startup_stm32f10x_cl.o [1]
  .text              ro code  0x08008ffc     0x4  startup_stm32f10x_cl.o [1]
  .text              ro code  0x08009000     0x4  startup_stm32f10x_cl.o [1]
  .text              ro code  0x08009004     0x4  startup_stm32f10x_cl.o [1]
  .text              ro code  0x08009008     0x4  startup_stm32f10x_cl.o [1]
  .text              ro code  0x0800900c     0x4  startup_stm32f10x_cl.o [1]
  .text              ro code  0x08009010     0x4  startup_stm32f10x_cl.o [1]
  .text              ro code  0x08009014     0x4  startup_stm32f10x_cl.o [1]
  .text              ro code  0x08009018     0x4  startup_stm32f10x_cl.o [1]
  .text              ro code  0x0800901c     0x4  startup_stm32f10x_cl.o [1]
  .text              ro code  0x08009020     0x4  startup_stm32f10x_cl.o [1]
  .text              ro code  0x08009024     0x4  startup_stm32f10x_cl.o [1]
  .text              ro code  0x08009028     0x4  startup_stm32f10x_cl.o [1]
  .text              ro code  0x0800902c     0x4  startup_stm32f10x_cl.o [1]
  .text              ro code  0x08009030     0x4  startup_stm32f10x_cl.o [1]
  .text              ro code  0x08009034     0x4  startup_stm32f10x_cl.o [1]
  .text              ro code  0x08009038     0x4  startup_stm32f10x_cl.o [1]
  .text              ro code  0x0800903c     0x4  startup_stm32f10x_cl.o [1]
  .text              ro code  0x08009040     0x4  startup_stm32f10x_cl.o [1]
  .text              ro code  0x08009044     0x4  startup_stm32f10x_cl.o [1]
  .text              ro code  0x08009048     0x4  startup_stm32f10x_cl.o [1]
  .text              ro code  0x0800904c     0x4  startup_stm32f10x_cl.o [1]
  .text              ro code  0x08009050     0x4  startup_stm32f10x_cl.o [1]
  .text              ro code  0x08009054     0x4  startup_stm32f10x_cl.o [1]
  .text              ro code  0x08009058     0x4  startup_stm32f10x_cl.o [1]
  .text              ro code  0x0800905c     0x4  startup_stm32f10x_cl.o [1]
  .text              ro code  0x08009060     0x4  startup_stm32f10x_cl.o [1]
  .text              ro code  0x08009064     0x4  startup_stm32f10x_cl.o [1]
  .text              ro code  0x08009068     0x4  startup_stm32f10x_cl.o [1]
  .text              ro code  0x0800906c     0x4  startup_stm32f10x_cl.o [1]
  .text              ro code  0x08009070     0x4  startup_stm32f10x_cl.o [1]
  .text              ro code  0x08009074     0x4  startup_stm32f10x_cl.o [1]
  .text              ro code  0x08009078     0x4  startup_stm32f10x_cl.o [1]
  .text              ro code  0x0800907c     0x4  startup_stm32f10x_cl.o [1]
  .text              ro code  0x08009080     0x4  startup_stm32f10x_cl.o [1]
  .text              ro code  0x08009084     0x4  startup_stm32f10x_cl.o [1]
  .text              ro code  0x08009088     0x4  startup_stm32f10x_cl.o [1]
  .text              ro code  0x0800908c     0x4  startup_stm32f10x_cl.o [1]
  .text              ro code  0x08009090     0x4  startup_stm32f10x_cl.o [1]
  .text              ro code  0x08009094     0x4  startup_stm32f10x_cl.o [1]
  .rodata            const    0x08009098     0x0  zero_init3.o [5]
  .rodata            const    0x08009098     0x0  packbits_init3.o [5]
  Initializer bytes  ro data  0x08009098   0x16b  <for P2 s0>
                            - 0x08009203  0x90b3

"P2", part 1 of 3:                         0x990
  P2 s0                       0x20000000   0x990  <Init block>
    .data            inited   0x20000000   0x808  main.o [1]
    .data            inited   0x20000808    0x44  usbd_cdc_core.o [1]
    .data            inited   0x2000084c    0x40  md5.o [1]
    .data            inited   0x2000088c    0x2c  usbd_cdc_core.o [1]
    .data            inited   0x200008b8    0x2c  usbd_core.o [1]
    .data            inited   0x200008e4    0x1c  usbd_desc.o [1]
    .data            inited   0x20000900    0x1c  usbd_usr.o [1]
    .data            inited   0x2000091c    0x14  hardware.o [1]
    .data            inited   0x20000930    0x14  usbd_cdc_vcp.o [1]
    .data            inited   0x20000944    0x14  usbd_desc.o [1]
    .data            inited   0x20000958    0x10  stm32f10x_rcc.o [1]
    .data            inited   0x20000968     0x8  usbd_cdc_vcp.o [1]
    .data            inited   0x20000970     0x4  main.o [1]
    .data            inited   0x20000974     0x4  stm32f10x_rcc.o [1]
    .data            inited   0x20000978     0x4  system_stm32f10x.o [1]
    .data            inited   0x2000097c     0x4  usbd_cdc_core.o [1]
    .data            inited   0x20000980     0x4  usbd_core.o [1]
    .data            inited   0x20000984     0x4  usbd_desc.o [1]
    .data            inited   0x20000988     0x4  getchar.o [3]
    .data            inited   0x2000098c     0x2  hardware.o [1]
    .data            inited   0x2000098e     0x1  main.o [1]
    .data            inited   0x2000098f     0x1  stm32f10x_it.o [1]
                            - 0x20000990   0x990

"P2", part 2 of 3:                        0x21d0
  .bss               zero     0x20000990   0x808  main.o [1]
  .bss               zero     0x20001198   0x800  usbd_cdc_core.o [1]
  .bss               zero     0x20001998   0x5f4  main.o [1]
  .bss               zero     0x20001f8c   0x400  usbd_cdc_vcp.o [1]
  .bss               zero     0x2000238c   0x300  console_tail.o [1]
  .bss               zero     0x2000268c   0x200  usbd_cdc_vcp.o [1]
  .bss               zero     0x2000288c   0x104  main.o [1]
  .bss               zero     0x20002990   0x100  usbd_req.o [1]
  .bss               zero     0x20002a90    0x40  usbd_cdc_core.o [1]
  .bss               zero     0x20002ad0    0x10  console_tail.o [1]
  .bss               zero     0x20002ae0     0x8  i2c_ee.o [1]
  .bss               zero     0x20002ae8     0x8  main.o [1]
  .bss               zero     0x20002af0     0x8  usbd_cdc_core.o [1]
  .bss               zero     0x20002af8     0x4  console_tail.o [1]
  .bss               zero     0x20002afc     0x4  console_tail.o [1]
  .bss               zero     0x20002b00     0x4  main.o [1]
  .bss               zero     0x20002b04     0x4  main.o [1]
  .bss               zero     0x20002b08     0x4  main.o [1]
  .bss               zero     0x20002b0c     0x4  main.o [1]
  .bss               zero     0x20002b10     0x4  main.o [1]
  .bss               zero     0x20002b14     0x4  main.o [1]
  .bss               zero     0x20002b18     0x4  main.o [1]
  .bss               zero     0x20002b1c     0x4  stm32f10x_it.o [1]
  .bss               zero     0x20002b20     0x4  usbd_cdc_core.o [1]
  .bss               zero     0x20002b24     0x4  usbd_cdc_core.o [1]
  .bss               zero     0x20002b28     0x4  usbd_cdc_core.o [1]
  .bss               zero     0x20002b2c     0x4  usbd_cdc_core.o [1]
  .bss               zero     0x20002b30     0x4  usbd_cdc_core.o [1]
  .bss               zero     0x20002b34     0x4  usbd_cdc_core.o [1]
  .bss               zero     0x20002b38     0x4  usbd_cdc_vcp.o [1]
  .bss               zero     0x20002b3c     0x4  usbd_cdc_vcp.o [1]
  .bss               zero     0x20002b40     0x4  usbd_core.o [1]
  .bss               zero     0x20002b44     0x4  usbd_req.o [1]
  .bss               zero     0x20002b48     0x4  usbd_req.o [1]
  .bss               zero     0x20002b4c     0x4  usbd_req.o [1]
  __DLIB_PERTHREAD   zero     0x20002b50     0x4  errno.o [3]
  .bss               zero     0x20002b54     0x2  main.o [1]
  .bss               zero     0x20002b56     0x2  main.o [1]
  .bss               zero     0x20002b58     0x1  main.o [1]
  .bss               zero     0x20002b59     0x1  main.o [1]
  .bss               zero     0x20002b5a     0x1  main.o [1]
  .bss               zero     0x20002b5b     0x1  main.o [1]
  .bss               zero     0x20002b5c     0x1  usbd_cdc_core.o [1]
  .bss               zero     0x20002b5d     0x1  usbd_req.o [1]
                            - 0x20002b5e  0x21ce

"P2", part 3 of 3:                        0x1000
  CSTACK                      0x20002b60  0x1000  <Block>
    CSTACK           uninit   0x20002b60  0x1000  <Block tail>
                            - 0x20003b60  0x1000


*******************************************************************************
*** INIT TABLE
***

          Address     Size
          -------     ----
Zero (__iar_zero_init3)
    1 destination range, total size 0x21ce:
          0x20000990  0x21ce

Copy/packbits (__iar_packbits_init3)
    1 source range, total size 0x16b (14% of destination):
          0x08009098   0x16b
    1 destination range, total size 0x990:
          0x20000000   0x990



*******************************************************************************
*** MODULE SUMMARY
***

    Module                  ro code  ro data  rw data
    ------                  -------  -------  -------
C:\Users\User\Documents\Cortex_git\BLKT-01.git\Source Code\BLKT-01 Beacon\Source\firmware\Bootloader\IAR\Release-Beacon\Obj: [1]
    base64.o                    454       69
    console_tail.o              316       24      792
    hardware.o                  592       35       22
    i2c_ee.o                  1 024                 8
    main.o                    3 338      492    5 945
    md5.o                     2 328       10       64
    misc.o                      136
    startup_stm32f10x_cl.o      632
    stm32f10x_adc.o             478
    stm32f10x_dbgmcu.o           36
    stm32f10x_exti.o             12
    stm32f10x_flash.o           386
    stm32f10x_gpio.o            492
    stm32f10x_i2c.o             568
    stm32f10x_it.o              424      181        5
    stm32f10x_rcc.o             652        4       20
    stm32f10x_tim.o             852
    system_stm32f10x.o          420        1        4
    time.o                       12
    usb_bsp.o                   110
    usb_core.o                2 882
    usb_dcd.o                   768
    usb_dcd_int.o             1 786
    usbd_cdc_core.o             832       16    2 261
    usbd_cdc_vcp.o            1 034        4    1 572
    usbd_core.o                 824        8       52
    usbd_desc.o                 192       87       52
    usbd_ioreq.o                228
    usbd_req.o                1 726               269
    usbd_usr.o                   14        4       28
    -------------------------------------------------
    Total:                   23 548      935   11 094

command line: [2]
    -------------------------------------------------
    Total:

dl7M_tln.a: [3]
    div.o                        14
    errno.o                      12                 4
    exit.o                        4
    getchar.o                    52        1        4
    low_level_init.o              4
    printf.o                     36
    putchar.o                    40
    snprintf.o                   68
    sprintf.o                    52
    sscanf.o                     36
    strtoul.o                     4
    vsprintf.o                   44
    xprintffull.o             3 278
    xprout.o                     22
    xscanffull.o              2 612
    xsnprout.o                   26
    xsprout.o                    10
    xsscin.o                     30
    xstoflt.o                   424
    xstoll.o                    162
    xstopfx.o                   304
    xstoul.o                    372
    xstoull.o                   436
    xstoxflt.o                  508
    xtls.o                        2
    -------------------------------------------------
    Total:                    8 552        1        8

m7M_tl.a: [4]
    DblAdd.o                    232
    DblCmpEq.o                   32
    DblCmpGe.o                   46
    DblCmpLe.o                   46
    DblDiv.o                    582
    DblMul.o                    418
    DblSub.o                    384
    DblToFlt.o                  144
    DblToI32.o                   88
    I32ToDbl.o                   48
    xdnorm.o                     66
    xdscale.o                   268
    xdtento.o                   496
    xstold.o                    324
    -------------------------------------------------
    Total:                    3 174

rt7M_tl.a: [5]
    ABImemcpy.o                 118
    ABImemset.o                 102
    I64DivMod.o                 238
    I64DivZer.o                   2
    cexit.o                      10
    cmain.o                      22
    cstartup_M.o                 12
    data_init3.o                 40
    memchr.o                     88
    memcmp.o                     98
    packbits_init3.o            166
    strchr.o                     22
    strcpy.o                     68
    strlen.o                     54
    zero_init3.o                 34
    -------------------------------------------------
    Total:                    1 074

shb_l.a: [6]
    exit.o                       20
    -------------------------------------------------
    Total:                       20

    Gaps                         27        4
    Linker created                        44    4 096
-----------------------------------------------------
    Grand Total:             36 395      984   15 198


*******************************************************************************
*** ENTRY LIST
***

Entry                      Address   Size  Type      Object
-----                      -------   ----  ----      ------
?main                   0x08008dc1         Code  Gb  cmain.o [5]
ADC1_2_IRQHandler       0x08008fed         Code  Wk  startup_stm32f10x_cl.o [1]
ADCPrescTable           0x20000974    0x4  Data  Lc  stm32f10x_rcc.o [1]
ADC_Cmd                 0x08003a41   0x1a  Code  Gb  stm32f10x_adc.o [1]
ADC_GetCalibrationStatus
                        0x08003a87   0x18  Code  Gb  stm32f10x_adc.o [1]
ADC_GetConversionValue  0x08003ba7    0x6  Code  Gb  stm32f10x_adc.o [1]
ADC_GetFlagStatus       0x08003bb5   0x1a  Code  Gb  stm32f10x_adc.o [1]
ADC_GetResetCalibrationStatus
                        0x08003a65   0x18  Code  Gb  stm32f10x_adc.o [1]
ADC_Init                0x080039f1   0x50  Code  Gb  stm32f10x_adc.o [1]
ADC_RegularChannelConfig
                        0x08003ab9   0xee  Code  Gb  stm32f10x_adc.o [1]
ADC_ResetCalibration    0x08003a5b    0xa  Code  Gb  stm32f10x_adc.o [1]
ADC_SoftwareStartConvCmd
                        0x08003a9f   0x1a  Code  Gb  stm32f10x_adc.o [1]
ADC_StartCalibration    0x08003a7d    0xa  Code  Gb  stm32f10x_adc.o [1]
APBAHBPrescTable        0x20000958   0x10  Data  Lc  stm32f10x_rcc.o [1]
APP_Rx_Buffer           0x20001198  0x800  Data  Gb  usbd_cdc_core.o [1]
APP_Rx_length           0x20002b2c    0x4  Data  Gb  usbd_cdc_core.o [1]
APP_Rx_ptr_in           0x20002b24    0x4  Data  Gb  usbd_cdc_core.o [1]
APP_Rx_ptr_out          0x20002b28    0x4  Data  Gb  usbd_cdc_core.o [1]
APP_Tx_Buffer           0x20001f8c  0x400  Data  Lc  usbd_cdc_vcp.o [1]
APP_Tx_ptr_in           0x20002b3c    0x4  Data  Gb  usbd_cdc_vcp.o [1]
APP_Tx_ptr_out          0x20002b38    0x4  Data  Gb  usbd_cdc_vcp.o [1]
Base64                  0x08008cb8   0x44  Data  Lc  base64.o [1]
BatteryHasGoodLevel     0x08000a6d  0x138  Code  Lc  main.o [1]
BusFault_Handler        0x0800880b    0x2  Code  Gb  stm32f10x_it.o [1]
CAN1_RX0_IRQHandler     0x08008ff5         Code  Wk  startup_stm32f10x_cl.o [1]
CAN1_RX1_IRQHandler     0x08008ff9         Code  Wk  startup_stm32f10x_cl.o [1]
CAN1_SCE_IRQHandler     0x08008ffd         Code  Wk  startup_stm32f10x_cl.o [1]
CAN1_TX_IRQHandler      0x08008ff1         Code  Wk  startup_stm32f10x_cl.o [1]
CAN2_RX0_IRQHandler     0x08009089         Code  Wk  startup_stm32f10x_cl.o [1]
CAN2_RX1_IRQHandler     0x0800908d         Code  Wk  startup_stm32f10x_cl.o [1]
CAN2_SCE_IRQHandler     0x08009091         Code  Wk  startup_stm32f10x_cl.o [1]
CAN2_TX_IRQHandler      0x08009085         Code  Wk  startup_stm32f10x_cl.o [1]
CSTACK$$Base            0x20002b60          --   Gb  - Linker created -
CSTACK$$Limit           0x20003b60          --   Gb  - Linker created -
CmdBuff                 0x20002af0    0x8  Data  Gb  usbd_cdc_core.o [1]
CoGetOSTime             0x08005631    0x8  Code  Gb  time.o [1]
ConfigureGPIO           0x080009b7   0x76  Code  Lc  main.o [1]
ConsoleChecksum         0x08001b25   0x1a  Code  Gb  console_tail.o [1]
CurrentDataPointer      0x20002b54    0x2  Data  Lc  main.o [1]
DBGMCU_Config           0x080044f5   0x1e  Code  Gb  stm32f10x_dbgmcu.o [1]
DCD_DevDisconnect       0x0800237f   0x1a  Code  Gb  usb_dcd.o [1]
DCD_EP_Close            0x080021b7   0x4a  Code  Gb  usb_dcd.o [1]
DCD_EP_ClrStall         0x08002315   0x50  Code  Gb  usb_dcd.o [1]
DCD_EP_Open             0x0800213b   0x7c  Code  Gb  usb_dcd.o [1]
DCD_EP_PrepareRx        0x08002201   0x66  Code  Gb  usb_dcd.o [1]
DCD_EP_SetAddress       0x08002365   0x1a  Code  Gb  usb_dcd.o [1]
DCD_EP_Stall            0x080022c5   0x50  Code  Gb  usb_dcd.o [1]
DCD_EP_Tx               0x08002267   0x5e  Code  Gb  usb_dcd.o [1]
DCD_HandleEnumDone_ISR  0x0800834d   0x4e  Code  Lc  usb_dcd_int.o [1]
DCD_HandleInEP_ISR      0x08007f3f  0x108  Code  Lc  usb_dcd_int.o [1]
DCD_HandleOutEP_ISR     0x08008047   0xde  Code  Lc  usb_dcd_int.o [1]
DCD_HandleResume_ISR    0x08007e67   0x4c  Code  Lc  usb_dcd_int.o [1]
DCD_HandleRxStatusQueueLevel_ISR
                        0x08008143   0xa4  Code  Lc  usb_dcd_int.o [1]
DCD_HandleSof_ISR       0x08008125   0x1e  Code  Lc  usb_dcd_int.o [1]
DCD_HandleUSBSuspend_ISR
                        0x08007eb3   0x8c  Code  Lc  usb_dcd_int.o [1]
DCD_HandleUsbReset_ISR  0x08008287   0xc6  Code  Lc  usb_dcd_int.o [1]
DCD_Init                0x08002099   0xa2  Code  Gb  usb_dcd.o [1]
DCD_IsoINIncomplete_ISR
                        0x0800839b   0x1e  Code  Lc  usb_dcd_int.o [1]
DCD_IsoOUTIncomplete_ISR
                        0x080083b9   0x1e  Code  Lc  usb_dcd_int.o [1]
DCD_OTG_ISR             0x08007e41   0x26  Code  Lc  usb_dcd_int.o [1]
DCD_ReadDevInEP         0x080083e1   0x2e  Code  Lc  usb_dcd_int.o [1]
DCD_SessionRequest_ISR  0x08007e21   0x20  Code  Lc  usb_dcd_int.o [1]
DCD_WriteEmptyTxFifo    0x080081e7   0xa0  Code  Lc  usb_dcd_int.o [1]
DMA1_Channel1_IRQHandler
                        0x08008fd1         Code  Wk  startup_stm32f10x_cl.o [1]
DMA1_Channel2_IRQHandler
                        0x08008fd5         Code  Wk  startup_stm32f10x_cl.o [1]
DMA1_Channel3_IRQHandler
                        0x08008fd9         Code  Wk  startup_stm32f10x_cl.o [1]
DMA1_Channel4_IRQHandler
                        0x08008fdd         Code  Wk  startup_stm32f10x_cl.o [1]
DMA1_Channel5_IRQHandler
                        0x08008fe1         Code  Wk  startup_stm32f10x_cl.o [1]
DMA1_Channel6_IRQHandler
                        0x08008fe5         Code  Wk  startup_stm32f10x_cl.o [1]
DMA1_Channel7_IRQHandler
                        0x08008fe9         Code  Wk  startup_stm32f10x_cl.o [1]
DMA2_Channel1_IRQHandler
                        0x08009069         Code  Wk  startup_stm32f10x_cl.o [1]
DMA2_Channel2_IRQHandler
                        0x0800906d         Code  Wk  startup_stm32f10x_cl.o [1]
DMA2_Channel3_IRQHandler
                        0x08009071         Code  Wk  startup_stm32f10x_cl.o [1]
DMA2_Channel4_IRQHandler
                        0x08009075         Code  Wk  startup_stm32f10x_cl.o [1]
DMA2_Channel5_IRQHandler
                        0x08009079         Code  Wk  startup_stm32f10x_cl.o [1]
DebugMon_Handler        0x08008811    0x2  Code  Gb  stm32f10x_it.o [1]
EEPROM_ADDRESS          0x2000098c    0x2  Data  Gb  hardware.o [1]
EETime                  0x08003179   0x10  Code  Gb  i2c_ee.o [1]
ETH_IRQHandler          0x0800907d         Code  Wk  startup_stm32f10x_cl.o [1]
ETH_WKUP_IRQHandler     0x08009081         Code  Wk  startup_stm32f10x_cl.o [1]
EXTI0_IRQHandler        0x08008fbd         Code  Wk  startup_stm32f10x_cl.o [1]
EXTI15_10_IRQHandler    0x08009045         Code  Wk  startup_stm32f10x_cl.o [1]
EXTI1_IRQHandler        0x08008fc1         Code  Wk  startup_stm32f10x_cl.o [1]
EXTI2_IRQHandler        0x08008855    0xa  Code  Gb  stm32f10x_it.o [1]
EXTI3_IRQHandler        0x08008fc9         Code  Wk  startup_stm32f10x_cl.o [1]
EXTI4_IRQHandler        0x08008fcd         Code  Wk  startup_stm32f10x_cl.o [1]
EXTI9_5_IRQHandler      0x08009001         Code  Wk  startup_stm32f10x_cl.o [1]
EXTI_ClearITPendingBit  0x080088f9    0x6  Code  Gb  stm32f10x_exti.o [1]
FLASH_ErasePage         0x08000e6d   0x5e  Code  Gb  stm32f10x_flash.o [1]
FLASH_GetBank1Status    0x08000f4b   0x34  Code  Gb  stm32f10x_flash.o [1]
FLASH_IRQHandler        0x08008fb5         Code  Wk  startup_stm32f10x_cl.o [1]
FLASH_Lock              0x08000e5b   0x12  Code  Gb  stm32f10x_flash.o [1]
FLASH_ProgramWord       0x08000ecb   0x80  Code  Gb  stm32f10x_flash.o [1]
FLASH_Unlock            0x08000e45   0x16  Code  Gb  stm32f10x_flash.o [1]
FLASH_WaitForLastOperation
                        0x08000f99   0x2e  Code  Gb  stm32f10x_flash.o [1]
GPIO_Init               0x08003579  0x136  Code  Gb  stm32f10x_gpio.o [1]
GPIO_PinRemapConfig     0x080036d5   0x88  Code  Gb  stm32f10x_gpio.o [1]
GPIO_ReadInputDataBit   0x080036af   0x1a  Code  Gb  stm32f10x_gpio.o [1]
GPIO_ResetBits          0x080036cf    0x6  Code  Gb  stm32f10x_gpio.o [1]
GPIO_SetBits            0x080036c9    0x6  Code  Gb  stm32f10x_gpio.o [1]
GetMd5                  0x08000473   0xbc  Code  Gb  main.o [1]
Handle_USBAsynchXfer    0x0800864d   0xba  Code  Lc  usbd_cdc_core.o [1]
HardFault_Handler       0x080087f5   0x14  Code  Gb  stm32f10x_it.o [1]
HwI2CInit               0x08002ffb  0x128  Code  Gb  hardware.o [1]
HwLEDInit               0x08002f15   0x3c  Code  Gb  hardware.o [1]
HwLEDOff                0x08002f65   0x14  Code  Gb  hardware.o [1]
HwLEDOn                 0x08002f51   0x14  Code  Gb  hardware.o [1]
HwLEDToggle             0x08002ef5   0x20  Code  Gb  hardware.o [1]
HwTIM1Init              0x08002f79   0x82  Code  Gb  hardware.o [1]
I2C1_ER_IRQHandler      0x08009025         Code  Wk  startup_stm32f10x_cl.o [1]
I2C1_EV_IRQHandler      0x08009021         Code  Wk  startup_stm32f10x_cl.o [1]
I2C2_ER_IRQHandler      0x0800902d         Code  Wk  startup_stm32f10x_cl.o [1]
I2C2_EV_IRQHandler      0x08009029         Code  Wk  startup_stm32f10x_cl.o [1]
I2C_AcknowledgeConfig   0x080046f5   0x1c  Code  Gb  stm32f10x_i2c.o [1]
I2C_CheckEvent          0x0800474d   0x38  Code  Gb  stm32f10x_i2c.o [1]
I2C_ClearFlag           0x080047cb    0xe  Code  Gb  stm32f10x_i2c.o [1]
I2C_Cmd                 0x080046a1   0x1c  Code  Gb  stm32f10x_i2c.o [1]
I2C_EE_BufferRead       0x080031d7   0xd6  Code  Gb  i2c_ee.o [1]
I2C_EE_BufferWrite      0x080032ad  0x164  Code  Gb  i2c_ee.o [1]
I2C_EE_PageWrite        0x080031b1   0x26  Code  Gb  i2c_ee.o [1]
I2C_EE_PageWriteIMP     0x08003411   0xee  Code  Lc  i2c_ee.o [1]
I2C_EE_WaitEepromStandbyState
                        0x080034ff   0x54  Code  Lc  i2c_ee.o [1]
I2C_GenerateSTART       0x080046bd   0x1c  Code  Gb  stm32f10x_i2c.o [1]
I2C_GenerateSTOP        0x080046d9   0x1c  Code  Gb  stm32f10x_i2c.o [1]
I2C_GetFlagStatus       0x08004785   0x46  Code  Gb  stm32f10x_i2c.o [1]
I2C_Init                0x080045a1   0xf2  Code  Gb  stm32f10x_i2c.o [1]
I2C_ReadRegister        0x08004733   0x1a  Code  Gb  stm32f10x_i2c.o [1]
I2C_ReceiveData         0x08004717    0x6  Code  Gb  stm32f10x_i2c.o [1]
I2C_Send7bitAddress     0x0800471d   0x16  Code  Gb  stm32f10x_i2c.o [1]
I2C_SendData            0x08004711    0x6  Code  Gb  stm32f10x_i2c.o [1]
JumpToApp               0x20002b00    0x4  Data  Gb  main.o [1]
LED_CLK                 0x08008e18   0x14  Data  Gb  hardware.o [1]
LED_PIN                 0x08008e88    0xc  Data  Gb  hardware.o [1]
LED_PORT                0x2000091c   0x14  Data  Gb  hardware.o [1]
LockPowerSupply         0x08000a2d   0x40  Code  Lc  main.o [1]
MD5Final                0x080010a1   0xe0  Code  Gb  md5.o [1]
MD5Init                 0x08000fdd   0x20  Code  Gb  md5.o [1]
MD5Update               0x08000ffd   0xa4  Code  Gb  md5.o [1]
MemManage_Handler       0x08008809    0x2  Code  Gb  stm32f10x_it.o [1]
NMI_Handler             0x08008751    0x2  Code  Gb  stm32f10x_it.o [1]
NVIC_GenerateSystemReset
                        0x08000721    0xc  Code  Gb  main.o [1]
NVIC_Init               0x08004523   0x68  Code  Gb  misc.o [1]
NVIC_PriorityGroupConfig
                        0x08004519    0xa  Code  Gb  misc.o [1]
NVIC_SetPriority        0x08000151   0x26  Code  Lc  main.o [1]
OSTickCnt               0x20002ae8    0x8  Data  Gb  main.o [1]
OTG_FS_IRQHandler       0x0800884b    0xa  Code  Gb  stm32f10x_it.o [1]
OTG_FS_WKUP_IRQHandler  0x0800904d         Code  Wk  startup_stm32f10x_cl.o [1]
PADDING                 0x2000084c   0x40  Data  Lc  md5.o [1]
PVD_IRQHandler          0x08008fa9         Code  Wk  startup_stm32f10x_cl.o [1]
Pad64                   0x0800402e    0x1  Data  Lc  base64.o [1]
PendSV_Handler          0x08008813    0x2  Code  Gb  stm32f10x_it.o [1]
RCC_ADCCLKConfig        0x0800376d   0x18  Code  Gb  stm32f10x_rcc.o [1]
RCC_AHBPeriphClockCmd   0x08003925   0x1e  Code  Gb  stm32f10x_rcc.o [1]
RCC_APB1PeriphClockCmd  0x08003961   0x1e  Code  Gb  stm32f10x_rcc.o [1]
RCC_APB1PeriphResetCmd  0x0800399d   0x1e  Code  Gb  stm32f10x_rcc.o [1]
RCC_APB2PeriphClockCmd  0x08003943   0x1e  Code  Gb  stm32f10x_rcc.o [1]
RCC_APB2PeriphResetCmd  0x0800397f   0x1e  Code  Gb  stm32f10x_rcc.o [1]
RCC_GetClocksFreq       0x08003785  0x1a0  Code  Gb  stm32f10x_rcc.o [1]
RCC_IRQHandler          0x08008fb9         Code  Wk  startup_stm32f10x_cl.o [1]
RCC_OTGFSCLKConfig      0x08003765    0x8  Code  Gb  stm32f10x_rcc.o [1]
RTCAlarm_IRQHandler     0x08009049         Code  Wk  startup_stm32f10x_cl.o [1]
RTC_IRQHandler          0x08008fb1         Code  Wk  startup_stm32f10x_cl.o [1]
ReadPage                0x08000275   0x24  Code  Gb  main.o [1]
Region$$Table$$Base     0x08008d4c          --   Gb  - Linker created -
Region$$Table$$Limit    0x08008d78          --   Gb  - Linker created -
Reset_Handler           0x08008e79         Code  Wk  startup_stm32f10x_cl.o [1]
SET_TEST_MODE           0x20002b40    0x4  Data  Gb  usbd_core.o [1]
SPI1_IRQHandler         0x08009031         Code  Wk  startup_stm32f10x_cl.o [1]
SPI2_IRQHandler         0x08009035         Code  Wk  startup_stm32f10x_cl.o [1]
SPI3_IRQHandler         0x08009055         Code  Wk  startup_stm32f10x_cl.o [1]
SVC_Handler             0x0800880f    0x2  Code  Gb  stm32f10x_it.o [1]
SerialDownload          0x08000299  0x1da  Code  Gb  main.o [1]
SetSysClock             0x0800896b    0x8  Code  Lc  system_stm32f10x.o [1]
SetSysClockTo72         0x08008973  0x110  Code  Lc  system_stm32f10x.o [1]
SysTickCounter          0x20002b1c    0x4  Data  Gb  stm32f10x_it.o [1]
SysTick_Config          0x08000177   0x38  Code  Lc  main.o [1]
SysTick_Handler         0x08008815   0x36  Code  Gb  stm32f10x_it.o [1]
SystemCoreClock         0x20000978    0x4  Data  Gb  system_stm32f10x.o [1]
SystemInit              0x08008905   0x66  Code  Gb  system_stm32f10x.o [1]
TAMPER_IRQHandler       0x08008fad         Code  Wk  startup_stm32f10x_cl.o [1]
TIM1_BRK_IRQHandler     0x08009005         Code  Wk  startup_stm32f10x_cl.o [1]
TIM1_CC_IRQHandler      0x08009011         Code  Wk  startup_stm32f10x_cl.o [1]
TIM1_TRG_COM_IRQHandler
                        0x0800900d         Code  Wk  startup_stm32f10x_cl.o [1]
TIM1_UP_IRQHandler      0x0800885f   0x36  Code  Gb  stm32f10x_it.o [1]
TIM2_IRQHandler         0x08009015         Code  Wk  startup_stm32f10x_cl.o [1]
TIM3_IRQHandler         0x08009019         Code  Wk  startup_stm32f10x_cl.o [1]
TIM4_IRQHandler         0x0800901d         Code  Wk  startup_stm32f10x_cl.o [1]
TIM5_IRQHandler         0x08009051         Code  Wk  startup_stm32f10x_cl.o [1]
TIM6_IRQHandler         0x08009061         Code  Wk  startup_stm32f10x_cl.o [1]
TIM7_IRQHandler         0x08009065         Code  Wk  startup_stm32f10x_cl.o [1]
TIMEVALID               0x08003189   0x28  Code  Gb  i2c_ee.o [1]
TIM_ARRPreloadConfig    0x0800445f   0x1c  Code  Gb  stm32f10x_tim.o [1]
TIM_ClearITPendingBit   0x080044ad    0x8  Code  Gb  stm32f10x_tim.o [1]
TIM_Cmd                 0x0800442d   0x1c  Code  Gb  stm32f10x_tim.o [1]
TIM_DeInit              0x080041a1  0x1e0  Code  Gb  stm32f10x_tim.o [1]
TIM_GetITStatus         0x0800447b   0x32  Code  Gb  stm32f10x_tim.o [1]
TIM_ITConfig            0x08004449   0x16  Code  Gb  stm32f10x_tim.o [1]
TIM_TimeBaseInit        0x08004381   0x94  Code  Gb  stm32f10x_tim.o [1]
TIM_TimeBaseStructInit  0x08004415   0x18  Code  Gb  stm32f10x_tim.o [1]
TRACE                   0x08002009   0x26  Code  Gb  usbd_cdc_vcp.o [1]
Transform               0x08001181  0x660  Code  Lc  md5.o [1]
UART4_IRQHandler        0x08009059         Code  Wk  startup_stm32f10x_cl.o [1]
UART5_IRQHandler        0x0800905d         Code  Wk  startup_stm32f10x_cl.o [1]
USART1_IRQHandler       0x08009039         Code  Wk  startup_stm32f10x_cl.o [1]
USART2_IRQHandler       0x0800903d         Code  Wk  startup_stm32f10x_cl.o [1]
USART3_IRQHandler       0x08009041         Code  Wk  startup_stm32f10x_cl.o [1]
USBD_CDC_cb             0x2000088c   0x2c  Data  Gb  usbd_cdc_core.o [1]
USBD_ClrCfg             0x08003ea1   0x18  Code  Gb  usbd_core.o [1]
USBD_ClrFeature         0x08005c05   0x3a  Code  Lc  usbd_req.o [1]
USBD_CtlContinueRx      0x08005d79   0x1e  Code  Gb  usbd_ioreq.o [1]
USBD_CtlContinueSendData
                        0x08005d2b   0x1e  Code  Gb  usbd_ioreq.o [1]
USBD_CtlError           0x08005c83   0x1e  Code  Gb  usbd_req.o [1]
USBD_CtlPrepareRx       0x08005d49   0x30  Code  Gb  usbd_ioreq.o [1]
USBD_CtlReceiveStatus   0x08005dbb   0x24  Code  Gb  usbd_ioreq.o [1]
USBD_CtlSendData        0x08005cfb   0x30  Code  Gb  usbd_ioreq.o [1]
USBD_CtlSendStatus      0x08005d97   0x24  Code  Gb  usbd_ioreq.o [1]
USBD_DCD_INT_cb         0x200008b8   0x2c  Data  Gb  usbd_core.o [1]
USBD_DCD_INT_fops       0x20000980    0x4  Data  Gb  usbd_core.o [1]
USBD_DataInStage        0x08003d13   0xd2  Code  Lc  usbd_core.o [1]
USBD_DataOutStage       0x08003c79   0x9a  Code  Lc  usbd_core.o [1]
USBD_DeInit             0x08003c21    0x6  Code  Gb  usbd_core.o [1]
USBD_DevConnected       0x08003edd   0x16  Code  Lc  usbd_core.o [1]
USBD_DevDisconnected    0x08003ef3   0x22  Code  Lc  usbd_core.o [1]
USBD_DeviceDesc         0x20000944   0x14  Data  Gb  usbd_desc.o [1]
USBD_GetConfig          0x08005ad9   0x48  Code  Lc  usbd_req.o [1]
USBD_GetDescriptor      0x0800587d  0x136  Code  Lc  usbd_req.o [1]
USBD_GetLen             0x08005ce7   0x14  Code  Lc  usbd_req.o [1]
USBD_GetStatus          0x08005b21   0x40  Code  Lc  usbd_req.o [1]
USBD_GetString          0x08005ca1   0x46  Code  Gb  usbd_req.o [1]
USBD_Init               0x08003bdd   0x44  Code  Gb  usbd_core.o [1]
USBD_IsoINIncomplete    0x08003eb9   0x12  Code  Lc  usbd_core.o [1]
USBD_IsoOUTIncomplete   0x08003ecb   0x12  Code  Lc  usbd_core.o [1]
USBD_LangIDDesc         0x20000984    0x4  Data  Gb  usbd_desc.o [1]
USBD_OTG_ISR_Handler    0x08007d15  0x10c  Code  Gb  usb_dcd_int.o [1]
USBD_ParseSetupRequest  0x08005c3f   0x44  Code  Gb  usbd_req.o [1]
USBD_Reset              0x08003df9   0x30  Code  Lc  usbd_core.o [1]
USBD_Resume             0x08003e29   0x1e  Code  Lc  usbd_core.o [1]
USBD_RunTestMode        0x08003de5    0xe  Code  Lc  usbd_core.o [1]
USBD_SOF                0x08003e65   0x1c  Code  Lc  usbd_core.o [1]
USBD_SetAddress         0x080059b3   0x60  Code  Lc  usbd_req.o [1]
USBD_SetCfg             0x08003e81   0x20  Code  Gb  usbd_core.o [1]
USBD_SetConfig          0x08005a13   0xc6  Code  Lc  usbd_req.o [1]
USBD_SetFeature         0x08005b61   0x90  Code  Lc  usbd_req.o [1]
USBD_SetupStage         0x08003c27   0x52  Code  Lc  usbd_core.o [1]
USBD_StdDevReq          0x0800563d   0x7c  Code  Gb  usbd_req.o [1]
USBD_StdEPReq           0x08005709  0x174  Code  Gb  usbd_req.o [1]
USBD_StdItfReq          0x080056b9   0x50  Code  Gb  usbd_req.o [1]
USBD_StrDesc            0x20002990  0x100  Data  Gb  usbd_req.o [1]
USBD_Suspend            0x08003e47   0x1e  Code  Lc  usbd_core.o [1]
USBD_USR_ConfigStrDescriptor
                        0x08008b1b   0x14  Code  Gb  usbd_desc.o [1]
USBD_USR_DeviceConfigured
                        0x08003bd3    0x2  Code  Gb  usbd_usr.o [1]
USBD_USR_DeviceConnected
                        0x08003bd9    0x2  Code  Gb  usbd_usr.o [1]
USBD_USR_DeviceDescriptor
                        0x08008aa9    0xa  Code  Gb  usbd_desc.o [1]
USBD_USR_DeviceDisconnected
                        0x08003bdb    0x2  Code  Gb  usbd_usr.o [1]
USBD_USR_DeviceReset    0x08003bd1    0x2  Code  Gb  usbd_usr.o [1]
USBD_USR_DeviceResumed  0x08003bd7    0x2  Code  Gb  usbd_usr.o [1]
USBD_USR_DeviceSuspended
                        0x08003bd5    0x2  Code  Gb  usbd_usr.o [1]
USBD_USR_Init           0x08003bcf    0x2  Code  Gb  usbd_usr.o [1]
USBD_USR_InterfaceStrDescriptor
                        0x08008b2f   0x14  Code  Gb  usbd_desc.o [1]
USBD_USR_LangIDStrDescriptor
                        0x08008ab3    0xa  Code  Gb  usbd_desc.o [1]
USBD_USR_ManufacturerStrDescriptor
                        0x08008ad1   0x14  Code  Gb  usbd_desc.o [1]
USBD_USR_ProductStrDescriptor
                        0x08008abd   0x14  Code  Gb  usbd_desc.o [1]
USBD_USR_SerialStrDescriptor
                        0x08008ae5   0x36  Code  Gb  usbd_desc.o [1]
USBD_cdc_GetCfgDesc     0x08008707    0xa  Code  Lc  usbd_cdc_core.o [1]
USBD_cfg_status         0x20002b4c    0x4  Data  Gb  usbd_req.o [1]
USBD_default_cfg        0x20002b48    0x4  Data  Gb  usbd_req.o [1]
USBD_ep_status          0x20002b44    0x4  Data  Gb  usbd_req.o [1]
USB_OTG_BSP_EnableInterrupt
                        0x08004147   0x2e  Code  Gb  usb_bsp.o [1]
USB_OTG_BSP_Init        0x08004131   0x16  Code  Gb  usb_bsp.o [1]
USB_OTG_BSP_mDelay      0x0800418d   0x12  Code  Gb  usb_bsp.o [1]
USB_OTG_BSP_uDelay      0x08004175   0x18  Code  Gb  usb_bsp.o [1]
USB_OTG_CoreInit        0x08002589   0xca  Code  Gb  usb_core.o [1]
USB_OTG_CoreInitDev     0x080027a3  0x1ae  Code  Gb  usb_core.o [1]
USB_OTG_CoreReset       0x080023cf   0x64  Code  Lc  usb_core.o [1]
USB_OTG_DisableCommonInt
                        0x080023bb   0x14  Code  Gb  usb_core.o [1]
USB_OTG_DisableGlobalInt
                        0x08002671   0x1e  Code  Gb  usb_core.o [1]
USB_OTG_EP0Activate     0x080029e7   0x50  Code  Gb  usb_core.o [1]
USB_OTG_EP0StartXfer    0x08002c95  0x12c  Code  Gb  usb_core.o [1]
USB_OTG_EP0_OutStart    0x08002e89   0x52  Code  Gb  usb_core.o [1]
USB_OTG_EPActivate      0x08002a37   0x7a  Code  Gb  usb_core.o [1]
USB_OTG_EPClearStall    0x08002e09   0x46  Code  Gb  usb_core.o [1]
USB_OTG_EPDeactivate    0x08002ab1   0x58  Code  Gb  usb_core.o [1]
USB_OTG_EPSetStall      0x08002dc1   0x48  Code  Gb  usb_core.o [1]
USB_OTG_EPStartXfer     0x08002b09  0x18c  Code  Gb  usb_core.o [1]
USB_OTG_EnableCommonInt
                        0x08002399   0x22  Code  Lc  usb_core.o [1]
USB_OTG_EnableDevInt    0x08002951   0x62  Code  Gb  usb_core.o [1]
USB_OTG_EnableGlobalInt
                        0x08002653   0x1e  Code  Gb  usb_core.o [1]
USB_OTG_FlushRxFifo     0x080026d7   0x40  Code  Gb  usb_core.o [1]
USB_OTG_FlushTxFifo     0x0800268f   0x48  Code  Gb  usb_core.o [1]
USB_OTG_GetDeviceSpeed  0x080029b3   0x34  Code  Gb  usb_core.o [1]
USB_OTG_GetMode         0x0800275d    0xa  Code  Gb  usb_core.o [1]
USB_OTG_InitDevSpeed    0x08002791   0x12  Code  Gb  usb_core.o [1]
USB_OTG_IsDeviceMode    0x08002767   0x18  Code  Gb  usb_core.o [1]
USB_OTG_ReadCoreItr     0x0800277f   0x12  Code  Gb  usb_core.o [1]
USB_OTG_ReadDevAllInEPItr
                        0x08002e77   0x12  Code  Gb  usb_core.o [1]
USB_OTG_ReadDevAllOutEp_itr
                        0x08002e4f   0x12  Code  Gb  usb_core.o [1]
USB_OTG_ReadDevOutEP_itr
                        0x08002e61   0x16  Code  Gb  usb_core.o [1]
USB_OTG_ReadPacket      0x0800247b   0x2c  Code  Gb  usb_core.o [1]
USB_OTG_SelectCore      0x080024a7   0xe2  Code  Gb  usb_core.o [1]
USB_OTG_SetCurrentMode  0x08002721   0x3c  Code  Gb  usb_core.o [1]
USB_OTG_WritePacket     0x08002433   0x48  Code  Gb  usb_core.o [1]
USB_OTG_dev             0x20001998  0x5f4  Data  Gb  main.o [1]
USB_Rx_Buffer           0x20002a90   0x40  Data  Gb  usbd_cdc_core.o [1]
USB_Tx_State            0x20002b5c    0x1  Data  Gb  usbd_cdc_core.o [1]
USR_cb                  0x20000900   0x1c  Data  Gb  usbd_usr.o [1]
USR_desc                0x200008e4   0x1c  Data  Gb  usbd_desc.o [1]
UsageFault_Handler      0x0800880d    0x2  Code  Gb  stm32f10x_it.o [1]
VCP_Ctrl                0x08001c69   0xb4  Code  Lc  usbd_cdc_vcp.o [1]
VCP_DataRx              0x08001dd3   0xb6  Code  Lc  usbd_cdc_vcp.o [1]
VCP_DataTx              0x08001d1d   0xb6  Code  Lc  usbd_cdc_vcp.o [1]
VCP_DeInit              0x08001c65    0x4  Code  Lc  usbd_cdc_vcp.o [1]
VCP_Init                0x08001c61    0x4  Code  Lc  usbd_cdc_vcp.o [1]
VCP_fops                0x20000930   0x14  Data  Gb  usbd_cdc_vcp.o [1]
ValidateCommandLine     0x08001b3f   0xe6  Code  Gb  console_tail.o [1]
WWDG_IRQHandler         0x08008fa5         Code  Wk  startup_stm32f10x_cl.o [1]
WritePage               0x080001af   0xc6  Code  Gb  main.o [1]
_GenldFull              0x080051f9  0x266  Code  Lc  xprintffull.o [3]
_GetN                   0x08005de1   0x22  Code  Lc  xscanffull.o [3]
_GetfldFull             0x08005f9d  0x106  Code  Lc  xscanffull.o [3]
_GetfloatFull           0x08006431  0x3cc  Code  Lc  xscanffull.o [3]
_GetintFull             0x08006263  0x1c8  Code  Lc  xscanffull.o [3]
_GetstrFull             0x080060a3  0x1ba  Code  Lc  xscanffull.o [3]
_LdtobFull              0x08004df9  0x3fa  Code  Lc  xprintffull.o [3]
_LitobFull              0x08004ce3  0x10e  Code  Lc  xprintffull.o [3]
_LocaleC_isspace        0x080054a7   0x16  Code  Gb  base64.o [1]
_PrintfFull             0x080047d9  0x504  Code  Gb  xprintffull.o [3]
_Prout                  0x08008e01   0x16  Code  Gb  xprout.o [3]
_PutcharsFull           0x0800545f   0x2e  Code  Lc  xprintffull.o [3]
_SNProut                0x08002edb   0x1a  Code  Gb  xsnprout.o [3]
_SProut                 0x08003fbf    0xa  Code  Gb  xsprout.o [3]
_SScin                  0x08001963   0x1e  Code  Gb  xsscin.o [3]
_ScanfFull              0x08005e03  0x19a  Code  Gb  xscanffull.o [3]
_Stoflt                 0x08007761  0x1a8  Code  Gb  xstoflt.o [3]
_Stopfx                 0x0800762f  0x130  Code  Gb  xstopfx.o [3]
_Stoxflt                0x08007af9  0x1c8  Code  Gb  xstoxflt.o [3]
_UngetChar              0x20000988    0x4  Data  Lc  getchar.o [3]
__aeabi_cdcmpeq         0x08007cf5         Code  Gb  DblCmpEq.o [4]
__aeabi_cdcmple         0x0800699d         Code  Gb  DblCmpLe.o [4]
__aeabi_cdrcmple        0x080069cd         Code  Gb  DblCmpGe.o [4]
__aeabi_d2f             0x080074b1         Code  Gb  DblToFlt.o [4]
__aeabi_d2iz            0x08006b09         Code  Gb  DblToI32.o [4]
__aeabi_d2uiz           0x08006b35         Code  Gb  DblToI32.o [4]
__aeabi_dadd            0x08007545         Code  Gb  DblAdd.o [4]
__aeabi_ddiv            0x08006eb5         Code  Gb  DblDiv.o [4]
__aeabi_dmul            0x08006d11         Code  Gb  DblMul.o [4]
__aeabi_dsub            0x08006b91         Code  Gb  DblSub.o [4]
__aeabi_errno_addr      0x08007109    0x6  Code  Gb  errno.o [3]
__aeabi_i2d             0x08006b61         Code  Gb  I32ToDbl.o [4]
__aeabi_ldiv0           0x08007541         Code  Gb  I64DivZer.o [5]
__aeabi_memcpy          0x08003f49         Code  Gb  ABImemcpy.o [5]
__aeabi_memcpy4         0x08003f69         Code  Gb  ABImemcpy.o [5]
__aeabi_memcpy8         0x08003f69         Code  Gb  ABImemcpy.o [5]
__aeabi_memset          0x08003fc9         Code  Gb  ABImemset.o [5]
__aeabi_ui2d            0x08006b75         Code  Gb  I32ToDbl.o [4]
__aeabi_uldivmod        0x0800686d         Code  Gb  I64DivMod.o [5]
__cmain                 0x08008dc1         Code  Gb  cmain.o [5]
__exit                  0x08008ded   0x14  Code  Gb  exit.o [6]
__iar_Dnorm             0x0800695b   0x42  Code  Gb  xdnorm.o [4]
__iar_Dscale            0x080069fd  0x10c  Code  Gb  xdscale.o [4]
__iar_Dtentox           0x0800795b  0x140  Code  Gb  xdtento.o [4]
__iar_Errno             0x20002b50    0x4  Data  Gb  errno.o [3]
__iar_Memchr            0x08006815         Code  Gb  memchr.o [5]
__iar_Memset            0x08003fc9         Code  Gb  ABImemset.o [5]
__iar_Memset_word       0x08003fd1         Code  Gb  ABImemset.o [5]
__iar_Stold             0x080074ad    0x4  Code  Gb  xstold.o [4]
__iar_Stoldx            0x0800736d  0x132  Code  Gb  xstold.o [4]
__iar_Stoll             0x080071b3    0x4  Code  Gb  xstoll.o [3]
__iar_Stollx            0x08007115   0x9e  Code  Gb  xstoll.o [3]
__iar_Stoul             0x080055db    0x4  Code  Gb  xstoul.o [3]
__iar_Stoull            0x08007319    0x4  Code  Gb  xstoull.o [3]
__iar_Stoullx           0x080071b9  0x15a  Code  Gb  xstoull.o [3]
__iar_Stoulx            0x080054bd  0x118  Code  Gb  xstoul.o [3]
__iar_Strchr            0x08004031         Code  Gb  strchr.o [5]
__iar_d2uiz             0x08006b41         Code  Gb  DblToI32.o [4]
__iar_dadd              0x08007559         Code  Gb  DblAdd.o [4]
__iar_data_init3        0x08008d25   0x28  Code  Gb  data_init3.o [5]
__iar_dlib_perthread_access
                        0x0800762d    0x2  Code  Gb  xtls.o [3]
__iar_dsub              0x08006ba5         Code  Gb  DblSub.o [4]
__iar_dsubStart         0x08006bb7         Code  Gb  DblSub.o [4]
__iar_packbits_init3    0x08008bad   0xa6  Code  Gb  packbits_init3.o [5]
__iar_program_start     0x08008f55         Code  Gb  cstartup_M.o [5]
__iar_ui2d              0x08006b79         Code  Gb  I32ToDbl.o [4]
__iar_zero_init3        0x0800190b   0x22  Code  Gb  zero_init3.o [5]
__low_level_init        0x08008dd7    0x4  Code  Gb  low_level_init.o [3]
__read                  0x08001eb9   0xe4  Code  Gb  usbd_cdc_vcp.o [1]
__vector_table          0x08000000         Data  Gb  startup_stm32f10x_cl.o [1]
__write                 0x08001e89   0x30  Code  Gb  usbd_cdc_vcp.o [1]
__writeCmdLineRespPacket
                        0x08001fdb   0x2e  Code  Gb  usbd_cdc_vcp.o [1]
_call_main              0x08008dcd         Code  Gb  cmain.o [5]
_exit                   0x08008de1         Code  Gb  cexit.o [5]
_main                   0x08008dd3         Code  Gb  cmain.o [5]
assert_loop             0x2000098e    0x1  Data  Lc  main.o [1]
b64_pton                0x08001981  0x19a  Code  Gb  base64.o [1]
cdcCmd                  0x2000097c    0x4  Data  Lc  usbd_cdc_core.o [1]
cdcLen                  0x20002b30    0x4  Data  Lc  usbd_cdc_core.o [1]
digits                  0x080055e0   0x28  Data  Lc  xstoul.o [3]
digits                  0x0800731c   0x28  Data  Lc  xstoull.o [3]
div                     0x080070fb    0xe  Code  Gb  div.o [3]
dmul                    0x08007909   0x52  Code  Lc  xdtento.o [4]
doPackets               0x0800052f  0x1f2  Code  Gb  main.o [1]
eeOSTime                0x20002ae0    0x8  Data  Gb  i2c_ee.o [1]
exit                    0x08008ddb    0x4  Code  Gb  exit.o [3]
flags                   0x20002b04    0x4  Data  Gb  main.o [1]
getchar                 0x08003f15   0x2e  Code  Gb  getchar.o [3]
hard_fault_handler_c    0x08008753   0xa2  Code  Gb  stm32f10x_it.o [1]
hasMainFirmware         0x20002b58    0x1  Data  Gb  main.o [1]
header                  0x20002b08    0x4  Data  Lc  main.o [1]
isspace                 0x08003169    0xc  Code  Gb  base64.o [1]
jump                    0x0800072d   0x40  Code  Gb  main.o [1]
linecoding              0x20000968    0x8  Data  Gb  usbd_cdc_vcp.o [1]
main                    0x08000bad  0x1e0  Code  Gb  main.o [1]
memchr                  0x08006815         Code  Gb  memchr.o [5]
memcmp                  0x08004049         Code  Gb  memcmp.o [5]
memcpy                  0x08000fc7   0x16  Code  Gb  usbd_cdc_vcp.o [1]
memset                  0x080018f5   0x16  Code  Gb  main.o [1]
ndigs                   0x08005608   0x28  Data  Lc  xstoul.o [3]
ndigs                   0x08007344   0x28  Data  Lc  xstoull.o [3]
onLineIn                0x0800076d  0x1fc  Code  Lc  main.o [1]
on_usb_power            0x2000098f    0x1  Data  Gb  stm32f10x_it.o [1]
packet                  0x20002b56    0x2  Data  Lc  main.o [1]
page                    0x20000000  0x808  Data  Lc  main.o [1]
power_off               0x08000969   0x4e  Code  Lc  main.o [1]
pows                    0x08007ab0   0x48  Data  Lc  xdtento.o [4]
printf                  0x08003145   0x24  Code  Gb  printf.o [3]
putchar                 0x08008cfd   0x28  Code  Gb  putchar.o [3]
result                  0x20002b0c    0x4  Data  Gb  main.o [1]
snprintf                0x08008b69   0x44  Code  Gb  snprintf.o [3]
sprintf                 0x080040ad   0x34  Code  Gb  sprintf.o [3]
sscanf                  0x080040e1   0x24  Code  Gb  sscanf.o [3]
stayInFlag              0x20002b5a    0x1  Data  Gb  main.o [1]
strchr                  0x08004031         Code  Gb  strchr.o [5]
strcpy                  0x08002055         Code  Gb  strcpy.o [5]
strlen                  0x0800192d         Code  Gb  strlen.o [5]
strrev                  0x08001c49   0x18  Code  Gb  console_tail.o [1]
strtoul                 0x08003175    0x4  Code  Gb  strtoul.o [3]
trace_format_buf        0x2000268c  0x200  Data  Gb  usbd_cdc_vcp.o [1]
usbd_cdc_AltSet         0x20002b20    0x4  Data  Lc  usbd_cdc_core.o [1]
usbd_cdc_CfgDesc        0x20000808   0x44  Data  Gb  usbd_cdc_core.o [1]
usbd_cdc_DataIn         0x0800857f   0x7c  Code  Lc  usbd_cdc_core.o [1]
usbd_cdc_DataOut        0x080085fb   0x30  Code  Lc  usbd_cdc_core.o [1]
usbd_cdc_DeInit         0x0800845d   0x28  Code  Lc  usbd_cdc_core.o [1]
usbd_cdc_EP0_RxReady    0x08008559   0x26  Code  Lc  usbd_cdc_core.o [1]
usbd_cdc_Init           0x08008411   0x4c  Code  Lc  usbd_cdc_core.o [1]
usbd_cdc_SOF            0x0800862b   0x22  Code  Lc  usbd_cdc_core.o [1]
usbd_cdc_Setup          0x08008485   0xd4  Code  Lc  usbd_cdc_core.o [1]
val                     0x20002b18    0x4  Data  Gb  main.o [1]
version                 0x20000970    0x4  Data  Gb  main.o [1]
vsprintf                0x08004105   0x2c  Code  Gb  vsprintf.o [3]
write_header            0x08001f9d   0x3e  Code  Lc  usbd_cdc_vcp.o [1]


[1] = C:\Users\User\Documents\Cortex_git\BLKT-01.git\Source Code\BLKT-01 Beacon\Source\firmware\Bootloader\IAR\Release-Beacon\Obj
[2] = command line
[3] = dl7M_tln.a
[4] = m7M_tl.a
[5] = rt7M_tl.a
[6] = shb_l.a

  36 395 bytes of readonly  code memory
     984 bytes of readonly  data memory
  15 198 bytes of readwrite data memory

Errors: none
Warnings: none
