###############################################################################
#                                                                             #
# IAR ELF Linker V6.40.1.53790/W32 for ARM              20/Mar/2019  16:46:59 #
# Copyright 2007-2012 IAR Systems AB.                                         #
#                                                                             #
#    Output file  =  C:\Users\User\Documents\Cortex_git\BLKT-01.git\Source    #
#                    Code\BLKT-01 Beacon\Source\firmware\beacon\IAR\Debug-Boo #
#                    tloader\Exe\BC.out                                       #
#    Map file     =  C:\Users\User\Documents\Cortex_git\BLKT-01.git\Source    #
#                    Code\BLKT-01 Beacon\Source\firmware\beacon\IAR\Debug-Boo #
#                    tloader\List\BC.map                                      #
#    Command line =  "C:\Users\User\Documents\Cortex_git\BLKT-01.git\Source   #
#                    Code\BLKT-01 Beacon\Source\firmware\beacon\IAR\Debug-Boo #
#                    tloader\Obj\arch.o" "C:\Users\User\Documents\Cortex_git\ #
#                    BLKT-01.git\Source Code\BLKT-01                          #
#                    Beacon\Source\firmware\beacon\IAR\Debug-Bootloader\Obj\b #
#                    ase64.o" "C:\Users\User\Documents\Cortex_git\BLKT-01.git #
#                    \Source Code\BLKT-01 Beacon\Source\firmware\beacon\IAR\D #
#                    ebug-Bootloader\Obj\basic_rf.o"                          #
#                    "C:\Users\User\Documents\Cortex_git\BLKT-01.git\Source   #
#                    Code\BLKT-01 Beacon\Source\firmware\beacon\IAR\Debug-Boo #
#                    tloader\Obj\config.o" "C:\Users\User\Documents\Cortex_gi #
#                    t\BLKT-01.git\Source Code\BLKT-01                        #
#                    Beacon\Source\firmware\beacon\IAR\Debug-Bootloader\Obj\c #
#                    onsole_tail.o" "C:\Users\User\Documents\Cortex_git\BLKT- #
#                    01.git\Source Code\BLKT-01 Beacon\Source\firmware\beacon #
#                    \IAR\Debug-Bootloader\Obj\core.o"                        #
#                    "C:\Users\User\Documents\Cortex_git\BLKT-01.git\Source   #
#                    Code\BLKT-01 Beacon\Source\firmware\beacon\IAR\Debug-Boo #
#                    tloader\Obj\event.o" "C:\Users\User\Documents\Cortex_git #
#                    \BLKT-01.git\Source Code\BLKT-01                         #
#                    Beacon\Source\firmware\beacon\IAR\Debug-Bootloader\Obj\f #
#                    lag.o" "C:\Users\User\Documents\Cortex_git\BLKT-01.git\S #
#                    ource Code\BLKT-01 Beacon\Source\firmware\beacon\IAR\Deb #
#                    ug-Bootloader\Obj\hardware.o"                            #
#                    "C:\Users\User\Documents\Cortex_git\BLKT-01.git\Source   #
#                    Code\BLKT-01 Beacon\Source\firmware\beacon\IAR\Debug-Boo #
#                    tloader\Obj\hook.o" "C:\Users\User\Documents\Cortex_git\ #
#                    BLKT-01.git\Source Code\BLKT-01                          #
#                    Beacon\Source\firmware\beacon\IAR\Debug-Bootloader\Obj\i #
#                    2c_ee.o" "C:\Users\User\Documents\Cortex_git\BLKT-01.git #
#                    \Source Code\BLKT-01 Beacon\Source\firmware\beacon\IAR\D #
#                    ebug-Bootloader\Obj\kernelHeap.o"                        #
#                    "C:\Users\User\Documents\Cortex_git\BLKT-01.git\Source   #
#                    Code\BLKT-01 Beacon\Source\firmware\beacon\IAR\Debug-Boo #
#                    tloader\Obj\main.o" "C:\Users\User\Documents\Cortex_git\ #
#                    BLKT-01.git\Source Code\BLKT-01                          #
#                    Beacon\Source\firmware\beacon\IAR\Debug-Bootloader\Obj\m #
#                    box.o" "C:\Users\User\Documents\Cortex_git\BLKT-01.git\S #
#                    ource Code\BLKT-01 Beacon\Source\firmware\beacon\IAR\Deb #
#                    ug-Bootloader\Obj\misc.o" "C:\Users\User\Documents\Corte #
#                    x_git\BLKT-01.git\Source Code\BLKT-01                    #
#                    Beacon\Source\firmware\beacon\IAR\Debug-Bootloader\Obj\m #
#                    utex.o" "C:\Users\User\Documents\Cortex_git\BLKT-01.git\ #
#                    Source Code\BLKT-01 Beacon\Source\firmware\beacon\IAR\De #
#                    bug-Bootloader\Obj\portForM3.o"                          #
#                    "C:\Users\User\Documents\Cortex_git\BLKT-01.git\Source   #
#                    Code\BLKT-01 Beacon\Source\firmware\beacon\IAR\Debug-Boo #
#                    tloader\Obj\queue.o" "C:\Users\User\Documents\Cortex_git #
#                    \BLKT-01.git\Source Code\BLKT-01                         #
#                    Beacon\Source\firmware\beacon\IAR\Debug-Bootloader\Obj\r #
#                    adio.o" "C:\Users\User\Documents\Cortex_git\BLKT-01.git\ #
#                    Source Code\BLKT-01 Beacon\Source\firmware\beacon\IAR\De #
#                    bug-Bootloader\Obj\sem.o" "C:\Users\User\Documents\Corte #
#                    x_git\BLKT-01.git\Source Code\BLKT-01                    #
#                    Beacon\Source\firmware\beacon\IAR\Debug-Bootloader\Obj\s #
#                    erviceReq.o" "C:\Users\User\Documents\Cortex_git\BLKT-01 #
#                    .git\Source Code\BLKT-01 Beacon\Source\firmware\beacon\I #
#                    AR\Debug-Bootloader\Obj\startup_stm32f10x_cl.o"          #
#                    "C:\Users\User\Documents\Cortex_git\BLKT-01.git\Source   #
#                    Code\BLKT-01 Beacon\Source\firmware\beacon\IAR\Debug-Boo #
#                    tloader\Obj\stm32f10x_adc.o"                             #
#                    "C:\Users\User\Documents\Cortex_git\BLKT-01.git\Source   #
#                    Code\BLKT-01 Beacon\Source\firmware\beacon\IAR\Debug-Boo #
#                    tloader\Obj\stm32f10x_dac.o"                             #
#                    "C:\Users\User\Documents\Cortex_git\BLKT-01.git\Source   #
#                    Code\BLKT-01 Beacon\Source\firmware\beacon\IAR\Debug-Boo #
#                    tloader\Obj\stm32f10x_dbgmcu.o"                          #
#                    "C:\Users\User\Documents\Cortex_git\BLKT-01.git\Source   #
#                    Code\BLKT-01 Beacon\Source\firmware\beacon\IAR\Debug-Boo #
#                    tloader\Obj\stm32f10x_dma.o"                             #
#                    "C:\Users\User\Documents\Cortex_git\BLKT-01.git\Source   #
#                    Code\BLKT-01 Beacon\Source\firmware\beacon\IAR\Debug-Boo #
#                    tloader\Obj\stm32f10x_exti.o"                            #
#                    "C:\Users\User\Documents\Cortex_git\BLKT-01.git\Source   #
#                    Code\BLKT-01 Beacon\Source\firmware\beacon\IAR\Debug-Boo #
#                    tloader\Obj\stm32f10x_flash.o"                           #
#                    "C:\Users\User\Documents\Cortex_git\BLKT-01.git\Source   #
#                    Code\BLKT-01 Beacon\Source\firmware\beacon\IAR\Debug-Boo #
#                    tloader\Obj\stm32f10x_gpio.o"                            #
#                    "C:\Users\User\Documents\Cortex_git\BLKT-01.git\Source   #
#                    Code\BLKT-01 Beacon\Source\firmware\beacon\IAR\Debug-Boo #
#                    tloader\Obj\stm32f10x_i2c.o"                             #
#                    "C:\Users\User\Documents\Cortex_git\BLKT-01.git\Source   #
#                    Code\BLKT-01 Beacon\Source\firmware\beacon\IAR\Debug-Boo #
#                    tloader\Obj\stm32f10x_it.o"                              #
#                    "C:\Users\User\Documents\Cortex_git\BLKT-01.git\Source   #
#                    Code\BLKT-01 Beacon\Source\firmware\beacon\IAR\Debug-Boo #
#                    tloader\Obj\stm32f10x_iwdg.o"                            #
#                    "C:\Users\User\Documents\Cortex_git\BLKT-01.git\Source   #
#                    Code\BLKT-01 Beacon\Source\firmware\beacon\IAR\Debug-Boo #
#                    tloader\Obj\stm32f10x_rcc.o"                             #
#                    "C:\Users\User\Documents\Cortex_git\BLKT-01.git\Source   #
#                    Code\BLKT-01 Beacon\Source\firmware\beacon\IAR\Debug-Boo #
#                    tloader\Obj\stm32f10x_spi.o"                             #
#                    "C:\Users\User\Documents\Cortex_git\BLKT-01.git\Source   #
#                    Code\BLKT-01 Beacon\Source\firmware\beacon\IAR\Debug-Boo #
#                    tloader\Obj\stm32f10x_tim.o"                             #
#                    "C:\Users\User\Documents\Cortex_git\BLKT-01.git\Source   #
#                    Code\BLKT-01 Beacon\Source\firmware\beacon\IAR\Debug-Boo #
#                    tloader\Obj\system_stm32f10x.o"                          #
#                    "C:\Users\User\Documents\Cortex_git\BLKT-01.git\Source   #
#                    Code\BLKT-01 Beacon\Source\firmware\beacon\IAR\Debug-Boo #
#                    tloader\Obj\task.o" "C:\Users\User\Documents\Cortex_git\ #
#                    BLKT-01.git\Source Code\BLKT-01                          #
#                    Beacon\Source\firmware\beacon\IAR\Debug-Bootloader\Obj\t #
#                    asks.o" "C:\Users\User\Documents\Cortex_git\BLKT-01.git\ #
#                    Source Code\BLKT-01 Beacon\Source\firmware\beacon\IAR\De #
#                    bug-Bootloader\Obj\time.o" "C:\Users\User\Documents\Cort #
#                    ex_git\BLKT-01.git\Source Code\BLKT-01                   #
#                    Beacon\Source\firmware\beacon\IAR\Debug-Bootloader\Obj\u #
#                    sb_bsp.o" "C:\Users\User\Documents\Cortex_git\BLKT-01.gi #
#                    t\Source Code\BLKT-01 Beacon\Source\firmware\beacon\IAR\ #
#                    Debug-Bootloader\Obj\usb_core.o"                         #
#                    "C:\Users\User\Documents\Cortex_git\BLKT-01.git\Source   #
#                    Code\BLKT-01 Beacon\Source\firmware\beacon\IAR\Debug-Boo #
#                    tloader\Obj\usb_dcd.o" "C:\Users\User\Documents\Cortex_g #
#                    it\BLKT-01.git\Source Code\BLKT-01                       #
#                    Beacon\Source\firmware\beacon\IAR\Debug-Bootloader\Obj\u #
#                    sb_dcd_int.o" "C:\Users\User\Documents\Cortex_git\BLKT-0 #
#                    1.git\Source Code\BLKT-01 Beacon\Source\firmware\beacon\ #
#                    IAR\Debug-Bootloader\Obj\usbd_cdc_core.o"                #
#                    "C:\Users\User\Documents\Cortex_git\BLKT-01.git\Source   #
#                    Code\BLKT-01 Beacon\Source\firmware\beacon\IAR\Debug-Boo #
#                    tloader\Obj\usbd_cdc_vcp.o"                              #
#                    "C:\Users\User\Documents\Cortex_git\BLKT-01.git\Source   #
#                    Code\BLKT-01 Beacon\Source\firmware\beacon\IAR\Debug-Boo #
#                    tloader\Obj\usbd_core.o" "C:\Users\User\Documents\Cortex #
#                    _git\BLKT-01.git\Source Code\BLKT-01                     #
#                    Beacon\Source\firmware\beacon\IAR\Debug-Bootloader\Obj\u #
#                    sbd_desc.o" "C:\Users\User\Documents\Cortex_git\BLKT-01. #
#                    git\Source Code\BLKT-01 Beacon\Source\firmware\beacon\IA #
#                    R\Debug-Bootloader\Obj\usbd_ioreq.o"                     #
#                    "C:\Users\User\Documents\Cortex_git\BLKT-01.git\Source   #
#                    Code\BLKT-01 Beacon\Source\firmware\beacon\IAR\Debug-Boo #
#                    tloader\Obj\usbd_req.o" "C:\Users\User\Documents\Cortex_ #
#                    git\BLKT-01.git\Source Code\BLKT-01                      #
#                    Beacon\Source\firmware\beacon\IAR\Debug-Bootloader\Obj\u #
#                    sbd_usr.o" "C:\Users\User\Documents\Cortex_git\BLKT-01.g #
#                    it\Source Code\BLKT-01 Beacon\Source\firmware\beacon\IAR #
#                    \Debug-Bootloader\Obj\util.o" -o                         #
#                    "C:\Users\User\Documents\Cortex_git\BLKT-01.git\Source   #
#                    Code\BLKT-01 Beacon\Source\firmware\beacon\IAR\Debug-Boo #
#                    tloader\Exe\BC.out" --map "C:\Users\User\Documents\Corte #
#                    x_git\BLKT-01.git\Source Code\BLKT-01                    #
#                    Beacon\Source\firmware\beacon\IAR\Debug-Bootloader\List\ #
#                    BC.map" --log modules --log_file                         #
#                    "C:\Users\User\Documents\Cortex_git\BLKT-01.git\Source   #
#                    Code\BLKT-01 Beacon\Source\firmware\beacon\IAR\Debug-Boo #
#                    tloader\List\BC.log" --config                            #
#                    "C:\Users\User\Documents\Cortex_git\BLKT-01.git\Source   #
#                    Code\BLKT-01 Beacon\Source\firmware\beacon\IAR\stm32f10x #
#                    _flash_boot.icf" --entry __iar_program_start --vfe       #
#                                                                             #
#                                                                             #
###############################################################################

*******************************************************************************
*** RUNTIME MODEL ATTRIBUTES
***

CppFlavor       = *
__SystemLibrary = DLib


*******************************************************************************
*** PLACEMENT SUMMARY
***

"A1":  place at 0x0800c000 { ro section .intvec };
"P1":  place in [from 0x0800c000 to 0x0801ffff] { ro };
"P2":  place in [from 0x20000000 to 0x2000ffff] { rw, block CSTACK, block HEAP };

  Section            Kind        Address     Size  Object
  -------            ----        -------     ----  ------
"A1":                                       0x150
  .intvec            ro code  0x0800c000    0x150  startup_stm32f10x_cl.o [1]
                            - 0x0800c150    0x150

"P1":                                     0x10144
  .text              ro code  0x0800c150   0x3460  tasks.o [1]
  .text              ro code  0x0800f5b0     0x34  getchar.o [3]
  .text              ro code  0x0800f5e4    0x1e4  time.o [1]
  .text              ro code  0x0800f7c8     0x28  putchar.o [3]
  .text              ro code  0x0800f7f0    0xc7c  basic_rf.o [1]
  .text              ro code  0x0801046c     0x94  stm32f10x_dac.o [1]
  .text              ro code  0x08010500    0x440  usbd_cdc_vcp.o [1]
  .text              ro code  0x08010940     0x16  usbd_cdc_vcp.o [1]
  .text              ro code  0x08010956     0x22  zero_init3.o [5]
  .text              ro code  0x08010978    0x38c  flag.o [1]
  .text              ro code  0x08010d04     0x38  stm32f10x_iwdg.o [1]
  .text              ro code  0x08010d3c    0xd8c  hardware.o [1]
  .text              ro code  0x08011ac8    0x174  sem.o [1]
  .text              ro code  0x08011c3c    0x388  main.o [1]
  .text              ro code  0x08011fc4     0x42  util.o [1]
  .text              ro code  0x08012006     0x1e  xsscin.o [3]
  .text              ro code  0x08012024    0x66c  stm32f10x_tim.o [1]
  .text              ro code  0x08012690    0x134  core.o [1]
  .text              ro code  0x080127c4    0x6bc  task.o [1]
  .text              ro code  0x08012e80    0x182  stm32f10x_flash.o [1]
  .text              ro code  0x08013002     0x1a  xsnprout.o [3]
  .text              ro code  0x0801301c     0x36  strlen.o [5]
  .text              ro code  0x08013052      0xe  usbd_usr.o [1]
  .text              ro code  0x08013060    0x13c  console_tail.o [1]
  .text              ro code  0x0801319c      0xc  tasks.o [1]
  .text              ro code  0x080131a8      0x4  strtoul.o [3]
  .text              ro code  0x080131ac    0x124  config.o [1]
  .text              ro code  0x080132d0     0x16  tasks.o [1]
  .text              ro code  0x080132e6      0xa  xsprout.o [3]
  .text              ro code  0x080132f0    0x400  i2c_ee.o [1]
  .text              ro code  0x080136f0     0x44  strcpy.o [5]
  .text              ro code  0x08013734    0x1a4  base64.o [1]
  .text              ro code  0x080138d8    0x1de  stm32f10x_adc.o [1]
  .rodata            const    0x08013ab6      0x1  base64.o [1]
  .rodata            const    0x08013ab7      0x1  basic_rf.o [1]
  .text              ro code  0x08013ab8     0x1e  I32ToFlt.o [4]
  .rodata            const    0x08013ad6      0x1  basic_rf.o [1]
  .rodata            const    0x08013ad7      0x1  basic_rf.o [1]
  .text              ro code  0x08013ad8     0xd8  FltMul.o [4]
  .text              ro code  0x08013bb0     0xfc  FltDiv.o [4]
  .text              ro code  0x08013cac     0x84  FltAdd.o [4]
  .text              ro code  0x08013d30     0x24  FltCmpGe.o [4]
  .text              ro code  0x08013d54     0x4e  FltToDbl.o [4]
  .rodata            const    0x08013da2      0x1  basic_rf.o [1]
  .rodata            const    0x08013da3      0x1  basic_rf.o [1]
  .text              ro code  0x08013da4     0xe8  DblAdd.o [4]
  .text              ro code  0x08013e8c    0x1a2  DblMul.o [4]
  .rodata            const    0x0801402e      0x1  basic_rf.o [1]
  .text              ro code  0x08014030    0x246  DblDiv.o [4]
  .text              ro code  0x08014278     0x90  DblToFlt.o [4]
  .text              ro code  0x08014308     0x24  FltCmpLe.o [4]
  .text              ro code  0x0801432c     0x58  DblToI32.o [4]
  .text              ro code  0x08014384     0x44  FltToS32.o [4]
  .text              ro code  0x080143c8    0x224  event.o [1]
  .text              ro code  0x080145ec    0x220  mutex.o [1]
  .text              ro code  0x0801480c    0x20e  radio.o [1]
  .text              ro code  0x08014a1c     0xa8  stm32f10x_spi.o [1]
  .text              ro code  0x08014ac4    0x2f4  stm32f10x_rcc.o [1]
  .text              ro code  0x08014db8     0x2c  vsprintf.o [3]
  .text              ro code  0x08014de4     0x24  printf.o [3]
  .text              ro code  0x08014e08     0x76  ABImemcpy.o [5]
  .text              ro code  0x08014e80    0x124  serviceReq.o [1]
  .text              ro code  0x08014fa4     0x24  stm32f10x_dbgmcu.o [1]
  .text              ro code  0x08014fc8     0x9c  misc.o [1]
  .text              ro code  0x08015064    0x240  stm32f10x_gpio.o [1]
  .text              ro code  0x080152a4    0x238  stm32f10x_i2c.o [1]
  .text              ro code  0x080154dc     0xcc  stm32f10x_exti.o [1]
  .text              ro code  0x080155a8    0x340  usbd_core.o [1]
  CODE               ro code  0x080158e8     0x80  portForM3.o [1]
  .text              ro code  0x08015968     0x3c  kernelHeap.o [1]
  .text              ro code  0x080159a4      0x4  hook.o [1]
  .text              ro code  0x080159a8     0x8c  arch.o [1]
  .text              ro code  0x08015a34     0x62  memcmp.o [5]
  .text              ro code  0x08015a98     0x34  sprintf.o [3]
  .text              ro code  0x08015acc     0x24  sscanf.o [3]
  .text              ro code  0x08015af0     0x16  tasks.o [1]
  .text              ro code  0x08015b08    0x174  xstoul.o [3]
  .text              ro code  0x08015c7c     0x66  ABImemset.o [5]
  .text              ro code  0x08015ce4     0x16  strchr.o [5]
  .text              ro code  0x08015cfc     0xd6  FltSub.o [4]
  .text              ro code  0x08015dd4    0x180  DblSub.o [4]
  .text              ro code  0x08015f54    0xcce  xprintffull_nomb.o [3]
  .text              ro code  0x08016c24     0x40  mbox.o [1]
  .text              ro code  0x08016c64     0x60  queue.o [1]
  .text              ro code  0x08016cc4     0x6e  usb_bsp.o [1]
  .text              ro code  0x08016d32    0x2e6  usb_dcd.o [1]
  .text              ro code  0x08017018    0x6be  usbd_req.o [1]
  .text              ro code  0x080176d6     0xe4  usbd_ioreq.o [1]
  .text              ro code  0x080177bc    0x504  xscanfsmall_nomb.o [3]
  .text              ro code  0x08017cc0     0x58  memchr.o [5]
  .text              ro code  0x08017d18      0xc  errno.o [3]
  .text              ro code  0x08017d24     0xee  I64DivMod.o [5]
  .text              ro code  0x08017e12     0x42  xdnorm.o [4]
  .text              ro code  0x08017e54     0x2e  DblCmpLe.o [4]
  .text              ro code  0x08017e84     0x2e  DblCmpGe.o [4]
  .text              ro code  0x08017eb4    0x10c  xdscale.o [4]
  .text              ro code  0x08017fc0     0x30  I32ToDbl.o [4]
  .text              ro code  0x08017ff0      0xe  div.o [3]
  .text              ro code  0x08018000    0xb2e  usb_core.o [1]
  .text              ro code  0x08018b2e     0x86  xstol.o [3]
  .text              ro code  0x08018bb4      0x2  xtls.o [3]
  .text              ro code  0x08018bb8      0x2  I64DivZer.o [5]
  .text              ro code  0x08018bbc   0x109c  stm32f10x_it.o [1]
  .text              ro code  0x08019c58    0x6fa  usb_dcd_int.o [1]
  .text              ro code  0x0801a354    0x340  usbd_cdc_core.o [1]
  .text              ro code  0x0801a694    0x1a4  system_stm32f10x.o [1]
  .text              ro code  0x0801a838     0xc0  usbd_desc.o [1]
  .text              ro code  0x0801a8f8     0x44  snprintf.o [3]
  .text              ro code  0x0801a93c     0xa6  packbits_init3.o [5]
  .rodata            const    0x0801a9e4     0x74  stm32f10x_it.o [1]
  .rodata            const    0x0801aa58     0x70  basic_rf.o [1]
  .rodata            const    0x0801aac8     0x70  radio.o [1]
  .rodata            const    0x0801ab38     0x70  tasks.o [1]
  .rodata            const    0x0801aba8     0x6c  main.o [1]
  .rodata            const    0x0801ac14     0x64  task.o [1]
  .rodata            const    0x0801ac78     0x4c  tasks.o [1]
  .rodata            const    0x0801acc4     0x48  hardware.o [1]
  .rodata            const    0x0801ad0c     0x44  base64.o [1]
  .rodata            const    0x0801ad50     0x40  tasks.o [1]
  .rodata            const    0x0801ad90     0x40  tasks.o [1]
  .rodata            const    0x0801add0     0x3c  basic_rf.o [1]
  .rodata            const    0x0801ae0c     0x38  tasks.o [1]
  .rodata            const    0x0801ae44     0x38  tasks.o [1]
  .rodata            const    0x0801ae7c     0x34  basic_rf.o [1]
  .rodata            const    0x0801aeb0     0x34  tasks.o [1]
  .rodata            const    0x0801aee4     0x34  tasks.o [1]
  .rodata            const    0x0801af18     0x34  tasks.o [1]
  .rodata            const    0x0801af4c     0x34  tasks.o [1]
  .rodata            const    0x0801af80     0x34  tasks.o [1]
  .rodata            const    0x0801afb4     0x30  hardware.o [1]
  .rodata            const    0x0801afe4     0x30  tasks.o [1]
  .rodata            const    0x0801b014     0x30  tasks.o [1]
  .rodata            const    0x0801b044     0x30  tasks.o [1]
  .rodata            const    0x0801b074     0x30  tasks.o [1]
  .rodata            const    0x0801b0a4     0x30  tasks.o [1]
  .rodata            const    0x0801b0d4     0x30  tasks.o [1]
  .rodata            const    0x0801b104     0x2c  tasks.o [1]
  .rodata            const    0x0801b130     0x2c  tasks.o [1]
  .rodata            const    0x0801b15c     0x2c  tasks.o [1]
  .rodata            const    0x0801b188     0x2c  tasks.o [1]
  .rodata            const    0x0801b1b4     0x2c  tasks.o [1]
  .rodata            const    0x0801b1e0     0x2c  tasks.o [1]
  .rodata            const    0x0801b20c     0x2c  tasks.o [1]
  .rodata            const    0x0801b238     0x28  tasks.o [1]
  .rodata            const    0x0801b260     0x28  tasks.o [1]
  .rodata            const    0x0801b288     0x28  tasks.o [1]
  .rodata            const    0x0801b2b0     0x28  tasks.o [1]
  .rodata            const    0x0801b2d8     0x28  tasks.o [1]
  .rodata            const    0x0801b300     0x28  tasks.o [1]
  .rodata            const    0x0801b328     0x28  tasks.o [1]
  .rodata            const    0x0801b350     0x28  tasks.o [1]
  .rodata            const    0x0801b378     0x28  tasks.o [1]
  .rodata            const    0x0801b3a0     0x28  tasks.o [1]
  .text              ro code  0x0801b3c8     0x28  data_init3.o [5]
  .rodata            const    0x0801b3f0     0x24  hardware.o [1]
  .rodata            const    0x0801b414     0x24  tasks.o [1]
  .rodata            const    0x0801b438     0x24  tasks.o [1]
  .rodata            const    0x0801b45c     0x24  tasks.o [1]
  .rodata            const    0x0801b480     0x24  tasks.o [1]
  .rodata            const    0x0801b4a4     0x24  tasks.o [1]
  .rodata            const    0x0801b4c8     0x24  tasks.o [1]
  .rodata            const    0x0801b4ec     0x24  tasks.o [1]
  .rodata            const    0x0801b510     0x24  tasks.o [1]
  .iar.init_table    const    0x0801b534     0x2c  - Linker created -
  .rodata            const    0x0801b560     0x20  basic_rf.o [1]
  .rodata            const    0x0801b580     0x20  tasks.o [1]
  .rodata            const    0x0801b5a0     0x20  tasks.o [1]
  .rodata            const    0x0801b5c0     0x20  tasks.o [1]
  .rodata            const    0x0801b5e0     0x20  tasks.o [1]
  .rodata            const    0x0801b600     0x20  tasks.o [1]
  .rodata            const    0x0801b620     0x20  tasks.o [1]
  .rodata            const    0x0801b640     0x20  tasks.o [1]
  .rodata            const    0x0801b660     0x20  tasks.o [1]
  .rodata            const    0x0801b680     0x1c  basic_rf.o [1]
  .rodata            const    0x0801b69c     0x1c  main.o [1]
  .rodata            const    0x0801b6b8     0x1c  tasks.o [1]
  .rodata            const    0x0801b6d4     0x1c  tasks.o [1]
  .rodata            const    0x0801b6f0     0x1c  tasks.o [1]
  .rodata            const    0x0801b70c     0x1c  tasks.o [1]
  .rodata            const    0x0801b728     0x1c  tasks.o [1]
  .rodata            const    0x0801b744     0x1c  tasks.o [1]
  .rodata            const    0x0801b760     0x1c  tasks.o [1]
  .rodata            const    0x0801b77c     0x1c  tasks.o [1]
  .rodata            const    0x0801b798     0x1c  tasks.o [1]
  .rodata            const    0x0801b7b4     0x1c  tasks.o [1]
  .rodata            const    0x0801b7d0     0x1c  tasks.o [1]
  .rodata            const    0x0801b7ec     0x1c  tasks.o [1]
  .rodata            const    0x0801b808     0x1c  tasks.o [1]
  .rodata            const    0x0801b824     0x18  basic_rf.o [1]
  .rodata            const    0x0801b83c     0x18  basic_rf.o [1]
  .rodata            const    0x0801b854     0x18  basic_rf.o [1]
  .rodata            const    0x0801b86c     0x18  basic_rf.o [1]
  .rodata            const    0x0801b884     0x18  hardware.o [1]
  .rodata            const    0x0801b89c     0x18  stm32f10x_it.o [1]
  .rodata            const    0x0801b8b4     0x18  tasks.o [1]
  .rodata            const    0x0801b8cc     0x18  tasks.o [1]
  .rodata            const    0x0801b8e4     0x18  tasks.o [1]
  .rodata            const    0x0801b8fc     0x18  tasks.o [1]
  .rodata            const    0x0801b914     0x18  tasks.o [1]
  .rodata            const    0x0801b92c     0x18  tasks.o [1]
  .rodata            const    0x0801b944     0x18  tasks.o [1]
  .rodata            const    0x0801b95c     0x18  tasks.o [1]
  .rodata            const    0x0801b974     0x18  tasks.o [1]
  .rodata            const    0x0801b98c     0x18  tasks.o [1]
  .rodata            const    0x0801b9a4     0x18  tasks.o [1]
  .rodata            const    0x0801b9bc     0x18  tasks.o [1]
  .rodata            const    0x0801b9d4     0x18  tasks.o [1]
  .rodata            const    0x0801b9ec     0x18  tasks.o [1]
  .rodata            const    0x0801ba04     0x18  tasks.o [1]
  .rodata            const    0x0801ba1c     0x18  tasks.o [1]
  .rodata            const    0x0801ba34     0x18  tasks.o [1]
  .rodata            const    0x0801ba4c     0x18  tasks.o [1]
  .rodata            const    0x0801ba64     0x18  tasks.o [1]
  .rodata            const    0x0801ba7c     0x18  usbd_desc.o [1]
  .text              ro code  0x0801ba94     0x16  cmain.o [5]
  .text              ro code  0x0801baaa      0x4  low_level_init.o [3]
  .text              ro code  0x0801baae      0x4  exit.o [3]
  .text              ro code  0x0801bab4      0xa  cexit.o [5]
  .text              ro code  0x0801bac0      0xc  XXexit.o [5]
  .text              ro code  0x0801bacc     0x16  xprout.o [3]
  .rodata            const    0x0801bae4     0x14  basic_rf.o [1]
  .rodata            const    0x0801baf8     0x14  basic_rf.o [1]
  .rodata            const    0x0801bb0c     0x14  basic_rf.o [1]
  .rodata            const    0x0801bb20     0x14  basic_rf.o [1]
  .rodata            const    0x0801bb34     0x14  tasks.o [1]
  .rodata            const    0x0801bb48     0x14  tasks.o [1]
  .rodata            const    0x0801bb5c     0x14  tasks.o [1]
  .rodata            const    0x0801bb70     0x14  tasks.o [1]
  .rodata            const    0x0801bb84     0x14  tasks.o [1]
  .rodata            const    0x0801bb98     0x14  tasks.o [1]
  .rodata            const    0x0801bbac     0x14  tasks.o [1]
  .rodata            const    0x0801bbc0     0x14  tasks.o [1]
  .rodata            const    0x0801bbd4     0x14  tasks.o [1]
  .rodata            const    0x0801bbe8     0x14  usbd_desc.o [1]
  .rodata            const    0x0801bbfc     0x10  basic_rf.o [1]
  .rodata            const    0x0801bc0c     0x10  basic_rf.o [1]
  .rodata            const    0x0801bc1c     0x10  tasks.o [1]
  .rodata            const    0x0801bc2c     0x10  tasks.o [1]
  .rodata            const    0x0801bc3c     0x10  tasks.o [1]
  .rodata            const    0x0801bc4c     0x10  tasks.o [1]
  .rodata            const    0x0801bc5c     0x10  tasks.o [1]
  .rodata            const    0x0801bc6c     0x10  tasks.o [1]
  .rodata            const    0x0801bc7c     0x10  usbd_desc.o [1]
  .text              ro code  0x0801bc8c     0x10  startup_stm32f10x_cl.o [1]
  .rodata            const    0x0801bc9c      0xc  basic_rf.o [1]
  .rodata            const    0x0801bca8      0xc  basic_rf.o [1]
  .rodata            const    0x0801bcb4      0xc  basic_rf.o [1]
  .rodata            const    0x0801bcc0      0xc  basic_rf.o [1]
  .rodata            const    0x0801bccc      0xc  basic_rf.o [1]
  .rodata            const    0x0801bcd8      0xc  hardware.o [1]
  .rodata            const    0x0801bce4      0xc  stm32f10x_it.o [1]
  .rodata            const    0x0801bcf0      0xc  stm32f10x_it.o [1]
  .rodata            const    0x0801bcfc      0xc  stm32f10x_it.o [1]
  .rodata            const    0x0801bd08      0xc  stm32f10x_it.o [1]
  .rodata            const    0x0801bd14      0xc  stm32f10x_it.o [1]
  .rodata            const    0x0801bd20      0xc  stm32f10x_it.o [1]
  .rodata            const    0x0801bd2c      0xc  stm32f10x_it.o [1]
  .rodata            const    0x0801bd38      0xc  stm32f10x_it.o [1]
  .rodata            const    0x0801bd44      0xc  stm32f10x_it.o [1]
  .rodata            const    0x0801bd50      0xc  stm32f10x_it.o [1]
  .rodata            const    0x0801bd5c      0xc  stm32f10x_it.o [1]
  .rodata            const    0x0801bd68      0xc  stm32f10x_it.o [1]
  .rodata            const    0x0801bd74      0xc  stm32f10x_it.o [1]
  .rodata            const    0x0801bd80      0xc  stm32f10x_it.o [1]
  .rodata            const    0x0801bd8c      0xc  tasks.o [1]
  .rodata            const    0x0801bd98      0xc  tasks.o [1]
  .rodata            const    0x0801bda4      0xc  tasks.o [1]
  .rodata            const    0x0801bdb0      0xc  tasks.o [1]
  .rodata            const    0x0801bdbc      0xc  tasks.o [1]
  .rodata            const    0x0801bdc8      0xc  tasks.o [1]
  .rodata            const    0x0801bdd4      0xc  tasks.o [1]
  .rodata            const    0x0801bde0      0xc  tasks.o [1]
  .rodata            const    0x0801bdec      0xc  tasks.o [1]
  .rodata            const    0x0801bdf8      0xc  tasks.o [1]
  .rodata            const    0x0801be04      0xc  usbd_desc.o [1]
  .text              ro code  0x0801be10      0xc  cstartup_M.o [5]
  .rodata            const    0x0801be1c      0x8  console_tail.o [1]
  .rodata            const    0x0801be24      0x8  console_tail.o [1]
  .rodata            const    0x0801be2c      0x8  console_tail.o [1]
  .rodata            const    0x0801be34      0x8  hardware.o [1]
  .rodata            const    0x0801be3c      0x8  hardware.o [1]
  .rodata            const    0x0801be44      0x8  hardware.o [1]
  .rodata            const    0x0801be4c      0x8  hardware.o [1]
  .rodata            const    0x0801be54      0x8  hardware.o [1]
  .rodata            const    0x0801be5c      0x8  hardware.o [1]
  .rodata            const    0x0801be64      0x8  main.o [1]
  .rodata            const    0x0801be6c      0x8  main.o [1]
  .rodata            const    0x0801be74      0x8  task.o [1]
  .rodata            const    0x0801be7c      0x8  tasks.o [1]
  .rodata            const    0x0801be84      0x8  tasks.o [1]
  .rodata            const    0x0801be8c      0x8  tasks.o [1]
  .rodata            const    0x0801be94      0x8  tasks.o [1]
  .rodata            const    0x0801be9c      0x8  tasks.o [1]
  .rodata            const    0x0801bea4      0x8  usbd_desc.o [1]
  .rodata            const    0x0801beac      0x4  hardware.o [1]
  .rodata            const    0x0801beb0      0x4  hardware.o [1]
  .rodata            const    0x0801beb4      0x4  hardware.o [1]
  .rodata            const    0x0801beb8      0x4  hardware.o [1]
  .text              ro code  0x0801bebc      0x4  startup_stm32f10x_cl.o [1]
  .text              ro code  0x0801bec0      0x4  startup_stm32f10x_cl.o [1]
  .text              ro code  0x0801bec4      0x4  startup_stm32f10x_cl.o [1]
  .text              ro code  0x0801bec8      0x4  startup_stm32f10x_cl.o [1]
  .text              ro code  0x0801becc      0x4  startup_stm32f10x_cl.o [1]
  .text              ro code  0x0801bed0      0x4  startup_stm32f10x_cl.o [1]
  .text              ro code  0x0801bed4      0x4  startup_stm32f10x_cl.o [1]
  .text              ro code  0x0801bed8      0x4  startup_stm32f10x_cl.o [1]
  .text              ro code  0x0801bedc      0x4  startup_stm32f10x_cl.o [1]
  .text              ro code  0x0801bee0      0x4  startup_stm32f10x_cl.o [1]
  .text              ro code  0x0801bee4      0x4  startup_stm32f10x_cl.o [1]
  .text              ro code  0x0801bee8      0x4  startup_stm32f10x_cl.o [1]
  .text              ro code  0x0801beec      0x4  startup_stm32f10x_cl.o [1]
  .text              ro code  0x0801bef0      0x4  startup_stm32f10x_cl.o [1]
  .text              ro code  0x0801bef4      0x4  startup_stm32f10x_cl.o [1]
  .text              ro code  0x0801bef8      0x4  startup_stm32f10x_cl.o [1]
  .text              ro code  0x0801befc      0x4  startup_stm32f10x_cl.o [1]
  .text              ro code  0x0801bf00      0x4  startup_stm32f10x_cl.o [1]
  .text              ro code  0x0801bf04      0x4  startup_stm32f10x_cl.o [1]
  .text              ro code  0x0801bf08      0x4  startup_stm32f10x_cl.o [1]
  .text              ro code  0x0801bf0c      0x4  startup_stm32f10x_cl.o [1]
  .text              ro code  0x0801bf10      0x4  startup_stm32f10x_cl.o [1]
  .text              ro code  0x0801bf14      0x4  startup_stm32f10x_cl.o [1]
  .text              ro code  0x0801bf18      0x4  startup_stm32f10x_cl.o [1]
  .text              ro code  0x0801bf1c      0x4  startup_stm32f10x_cl.o [1]
  .text              ro code  0x0801bf20      0x4  startup_stm32f10x_cl.o [1]
  .text              ro code  0x0801bf24      0x4  startup_stm32f10x_cl.o [1]
  .text              ro code  0x0801bf28      0x4  startup_stm32f10x_cl.o [1]
  .text              ro code  0x0801bf2c      0x4  startup_stm32f10x_cl.o [1]
  .text              ro code  0x0801bf30      0x4  startup_stm32f10x_cl.o [1]
  .text              ro code  0x0801bf34      0x4  startup_stm32f10x_cl.o [1]
  .text              ro code  0x0801bf38      0x4  startup_stm32f10x_cl.o [1]
  .text              ro code  0x0801bf3c      0x4  startup_stm32f10x_cl.o [1]
  .text              ro code  0x0801bf40      0x4  startup_stm32f10x_cl.o [1]
  .text              ro code  0x0801bf44      0x4  startup_stm32f10x_cl.o [1]
  .text              ro code  0x0801bf48      0x4  startup_stm32f10x_cl.o [1]
  .text              ro code  0x0801bf4c      0x4  startup_stm32f10x_cl.o [1]
  .text              ro code  0x0801bf50      0x4  startup_stm32f10x_cl.o [1]
  .text              ro code  0x0801bf54      0x4  startup_stm32f10x_cl.o [1]
  .text              ro code  0x0801bf58      0x4  startup_stm32f10x_cl.o [1]
  .text              ro code  0x0801bf5c      0x4  startup_stm32f10x_cl.o [1]
  .text              ro code  0x0801bf60      0x4  startup_stm32f10x_cl.o [1]
  .text              ro code  0x0801bf64      0x4  startup_stm32f10x_cl.o [1]
  .text              ro code  0x0801bf68      0x4  startup_stm32f10x_cl.o [1]
  .text              ro code  0x0801bf6c      0x4  startup_stm32f10x_cl.o [1]
  .text              ro code  0x0801bf70      0x4  startup_stm32f10x_cl.o [1]
  .text              ro code  0x0801bf74      0x4  startup_stm32f10x_cl.o [1]
  .text              ro code  0x0801bf78      0x4  startup_stm32f10x_cl.o [1]
  .text              ro code  0x0801bf7c      0x4  startup_stm32f10x_cl.o [1]
  .text              ro code  0x0801bf80      0x4  startup_stm32f10x_cl.o [1]
  .text              ro code  0x0801bf84      0x4  startup_stm32f10x_cl.o [1]
  .text              ro code  0x0801bf88      0x4  startup_stm32f10x_cl.o [1]
  .text              ro code  0x0801bf8c      0x4  startup_stm32f10x_cl.o [1]
  .text              ro code  0x0801bf90      0x4  startup_stm32f10x_cl.o [1]
  .text              ro code  0x0801bf94      0x4  startup_stm32f10x_cl.o [1]
  .text              ro code  0x0801bf98      0x4  startup_stm32f10x_cl.o [1]
  .text              ro code  0x0801bf9c      0x4  startup_stm32f10x_cl.o [1]
  .text              ro code  0x0801bfa0      0x4  startup_stm32f10x_cl.o [1]
  .text              ro code  0x0801bfa4      0x4  startup_stm32f10x_cl.o [1]
  .text              ro code  0x0801bfa8      0x4  startup_stm32f10x_cl.o [1]
  .text              ro code  0x0801bfac      0x4  startup_stm32f10x_cl.o [1]
  .text              ro code  0x0801bfb0      0x4  startup_stm32f10x_cl.o [1]
  .text              ro code  0x0801bfb4      0x4  startup_stm32f10x_cl.o [1]
  .text              ro code  0x0801bfb8      0x4  startup_stm32f10x_cl.o [1]
  .text              ro code  0x0801bfbc      0x4  startup_stm32f10x_cl.o [1]
  .text              ro code  0x0801bfc0      0x4  startup_stm32f10x_cl.o [1]
  .text              ro code  0x0801bfc4      0x4  startup_stm32f10x_cl.o [1]
  .text              ro code  0x0801bfc8      0x4  startup_stm32f10x_cl.o [1]
  .text              ro code  0x0801bfcc      0x4  startup_stm32f10x_cl.o [1]
  .text              ro code  0x0801bfd0      0x4  startup_stm32f10x_cl.o [1]
  .rodata            const    0x0801bfd4      0x0  zero_init3.o [5]
  .rodata            const    0x0801bfd4      0x0  packbits_init3.o [5]
  Initializer bytes  ro data  0x0801bfd4    0x2be  <for P2 s0>
                            - 0x0801c292  0x10142

"P2", part 1 of 3:                          0xac4
  P2 s0                       0x20000000    0xac1  <Init block>
    .data            inited   0x20000000    0x808  tasks.o [1]
    .data            inited   0x20000808     0x48  hardware.o [1]
    .data            inited   0x20000850     0x44  config.o [1]
    .data            inited   0x20000894     0x44  usbd_cdc_core.o [1]
    .data            inited   0x200008d8     0x40  basic_rf.o [1]
    .data            inited   0x20000918     0x30  hardware.o [1]
    .data            inited   0x20000948     0x2c  usbd_cdc_core.o [1]
    .data            inited   0x20000974     0x2c  usbd_core.o [1]
    .data            inited   0x200009a0     0x20  tasks.o [1]
    .data            inited   0x200009c0     0x1c  basic_rf.o [1]
    .data            inited   0x200009dc     0x1c  usbd_desc.o [1]
    .data            inited   0x200009f8     0x1c  usbd_usr.o [1]
    .data            inited   0x20000a14     0x14  usbd_cdc_vcp.o [1]
    .data            inited   0x20000a28     0x14  usbd_desc.o [1]
    .data            inited   0x20000a3c     0x10  basic_rf.o [1]
    .data            inited   0x20000a4c     0x10  stm32f10x_rcc.o [1]
    .data            inited   0x20000a5c      0xc  hardware.o [1]
    .data            inited   0x20000a68      0x8  hardware.o [1]
    .data            inited   0x20000a70      0x8  hardware.o [1]
    .data            inited   0x20000a78      0x8  hardware.o [1]
    .data            inited   0x20000a80      0x8  usbd_cdc_vcp.o [1]
    .data            inited   0x20000a88      0x4  stm32f10x_it.o [1]
    .data            inited   0x20000a8c      0x4  stm32f10x_it.o [1]
    .data            inited   0x20000a90      0x4  stm32f10x_rcc.o [1]
    .data            inited   0x20000a94      0x4  system_stm32f10x.o [1]
    .data            inited   0x20000a98      0x4  usbd_cdc_core.o [1]
    .data            inited   0x20000a9c      0x4  usbd_core.o [1]
    .data            inited   0x20000aa0      0x4  usbd_desc.o [1]
    .data            inited   0x20000aa4      0x4  getchar.o [3]
    .data            inited   0x20000aa8      0x2  basic_rf.o [1]
    .data            inited   0x20000aaa      0x2  basic_rf.o [1]
    .data            inited   0x20000aac      0x2  hardware.o [1]
    .data            inited   0x20000aae      0x2  tasks.o [1]
    .data            inited   0x20000ab0      0x1  basic_rf.o [1]
    .data            inited   0x20000ab1      0x1  basic_rf.o [1]
    .data            inited   0x20000ab2      0x1  basic_rf.o [1]
    .data            inited   0x20000ab3      0x1  basic_rf.o [1]
    .data            inited   0x20000ab4      0x1  main.o [1]
    .data            inited   0x20000ab5      0x1  main.o [1]
    .data            inited   0x20000ab6      0x1  main.o [1]
    .data            inited   0x20000ab7      0x1  main.o [1]
    .data            inited   0x20000ab8      0x1  main.o [1]
    .data            inited   0x20000ab9      0x1  main.o [1]
    .data            inited   0x20000aba      0x1  main.o [1]
    .data            inited   0x20000abb      0x1  main.o [1]
    .data            inited   0x20000abc      0x1  tasks.o [1]
    .data            inited   0x20000abd      0x1  tasks.o [1]
    .data            inited   0x20000abe      0x1  tasks.o [1]
    .data            inited   0x20000abf      0x1  tasks.o [1]
    .data            inited   0x20000ac0      0x1  tasks.o [1]
                            - 0x20000ac1    0xac1

"P2", part 2 of 3:                         0xb114
  .bss               zero     0x20000ac4   0x3ffc  tasks.o [1]
  .bss               zero     0x20004ac0   0x2800  kernelHeap.o [1]
  .bss               zero     0x200072c0    0x800  usbd_cdc_core.o [1]
  .bss               zero     0x20007ac0    0x5f4  main.o [1]
  .bss               zero     0x200080b4    0x400  main.o [1]
  .bss               zero     0x200084b4    0x400  main.o [1]
  .bss               zero     0x200088b4    0x400  main.o [1]
  .bss               zero     0x20008cb4    0x400  main.o [1]
  .bss               zero     0x200090b4    0x400  main.o [1]
  .bss               zero     0x200094b4    0x400  main.o [1]
  .bss               zero     0x200098b4    0x400  main.o [1]
  .bss               zero     0x20009cb4    0x400  usbd_cdc_vcp.o [1]
  .bss               zero     0x2000a0b4    0x3c0  tasks.o [1]
  .bss               zero     0x2000a474    0x300  console_tail.o [1]
  .bss               zero     0x2000a774    0x2ec  task.o [1]
  .bss               zero     0x2000aa60    0x200  tasks.o [1]
  .bss               zero     0x2000ac60    0x200  tasks.o [1]
  .bss               zero     0x2000ae60    0x200  tasks.o [1]
  .bss               zero     0x2000b060    0x200  usbd_cdc_vcp.o [1]
  .bss               zero     0x2000b260    0x100  usbd_req.o [1]
  .bss               zero     0x2000b360     0xa0  event.o [1]
  .bss               zero     0x2000b400     0x98  basic_rf.o [1]
  .bss               zero     0x2000b498     0x94  basic_rf.o [1]
  .bss               zero     0x2000b52c     0x94  basic_rf.o [1]
  .bss               zero     0x2000b5c0     0x84  basic_rf.o [1]
  .bss               zero     0x2000b644     0x74  tasks.o [1]
  .bss               zero     0x2000b6b8     0x64  serviceReq.o [1]
  .bss               zero     0x2000b71c     0x64  task.o [1]
  .bss               zero     0x2000b780     0x50  mutex.o [1]
  .bss               zero     0x2000b7d0     0x44  tasks.o [1]
  .bss               zero     0x2000b814     0x40  usbd_cdc_core.o [1]
  .bss               zero     0x2000b854     0x28  tasks.o [1]
  .bss               zero     0x2000b87c     0x20  stm32f10x_it.o [1]
  .bss               zero     0x2000b89c     0x20  stm32f10x_it.o [1]
  .bss               zero     0x2000b8bc     0x14  flag.o [1]
  .bss               zero     0x2000b8d0     0x10  console_tail.o [1]
  .bss               zero     0x2000b8e0     0x10  hardware.o [1]
  .bss               zero     0x2000b8f0     0x10  hardware.o [1]
  .bss               zero     0x2000b900      0xc  basic_rf.o [1]
  .bss               zero     0x2000b90c      0xc  hardware.o [1]
  .bss               zero     0x2000b918      0xc  tasks.o [1]
  .bss               zero     0x2000b928      0x8  arch.o [1]
  .bss               zero     0x2000b930      0x8  basic_rf.o [1]
  .bss               zero     0x2000b938      0x8  i2c_ee.o [1]
  .bss               zero     0x2000b940      0x8  kernelHeap.o [1]
  .bss               zero     0x2000b948      0x8  stm32f10x_it.o [1]
  .bss               zero     0x2000b950      0x8  stm32f10x_it.o [1]
  .bss               zero     0x2000b958      0x8  stm32f10x_it.o [1]
  .bss               zero     0x2000b960      0x8  stm32f10x_it.o [1]
  .bss               zero     0x2000b968      0x8  stm32f10x_it.o [1]
  .bss               zero     0x2000b970      0x8  task.o [1]
  .bss               zero     0x2000b978      0x8  tasks.o [1]
  .bss               zero     0x2000b980      0x8  tasks.o [1]
  .bss               zero     0x2000b988      0x8  tasks.o [1]
  .bss               zero     0x2000b990      0x8  tasks.o [1]
  .bss               zero     0x2000b998      0x8  tasks.o [1]
  .bss               zero     0x2000b9a0      0x8  tasks.o [1]
  .bss               zero     0x2000b9a8      0x8  tasks.o [1]
  .bss               zero     0x2000b9b0      0x8  tasks.o [1]
  .bss               zero     0x2000b9b8      0x8  tasks.o [1]
  .bss               zero     0x2000b9c0      0x8  tasks.o [1]
  .bss               zero     0x2000b9c8      0x8  usbd_cdc_core.o [1]
  .bss               zero     0x2000b9d0      0x4  basic_rf.o [1]
  .bss               zero     0x2000b9d4      0x4  basic_rf.o [1]
  .bss               zero     0x2000b9d8      0x4  basic_rf.o [1]
  .bss               zero     0x2000b9dc      0x4  basic_rf.o [1]
  .bss               zero     0x2000b9e0      0x4  basic_rf.o [1]
  .bss               zero     0x2000b9e4      0x4  basic_rf.o [1]
  .bss               zero     0x2000b9e8      0x4  basic_rf.o [1]
  .bss               zero     0x2000b9ec      0x4  console_tail.o [1]
  .bss               zero     0x2000b9f0      0x4  console_tail.o [1]
  .bss               zero     0x2000b9f4      0x4  event.o [1]
  .bss               zero     0x2000b9f8      0x4  hardware.o [1]
  .bss               zero     0x2000b9fc      0x4  hardware.o [1]
  .bss               zero     0x2000ba00      0x4  kernelHeap.o [1]
  .bss               zero     0x2000ba04      0x4  stm32f10x_it.o [1]
  .bss               zero     0x2000ba08      0x4  stm32f10x_it.o [1]
  .bss               zero     0x2000ba0c      0x4  stm32f10x_it.o [1]
  .bss               zero     0x2000ba10      0x4  stm32f10x_it.o [1]
  .bss               zero     0x2000ba14      0x4  stm32f10x_it.o [1]
  .bss               zero     0x2000ba18      0x4  stm32f10x_it.o [1]
  .bss               zero     0x2000ba1c      0x4  stm32f10x_it.o [1]
  .bss               zero     0x2000ba20      0x4  stm32f10x_it.o [1]
  .bss               zero     0x2000ba24      0x4  stm32f10x_it.o [1]
  .bss               zero     0x2000ba28      0x4  stm32f10x_it.o [1]
  .bss               zero     0x2000ba2c      0x4  stm32f10x_it.o [1]
  .bss               zero     0x2000ba30      0x4  stm32f10x_it.o [1]
  .bss               zero     0x2000ba34      0x4  stm32f10x_it.o [1]
  .bss               zero     0x2000ba38      0x4  stm32f10x_it.o [1]
  .bss               zero     0x2000ba3c      0x4  stm32f10x_it.o [1]
  .bss               zero     0x2000ba40      0x4  stm32f10x_it.o [1]
  .bss               zero     0x2000ba44      0x4  stm32f10x_it.o [1]
  .bss               zero     0x2000ba48      0x4  stm32f10x_it.o [1]
  .bss               zero     0x2000ba4c      0x4  stm32f10x_it.o [1]
  .bss               zero     0x2000ba50      0x4  stm32f10x_it.o [1]
  .bss               zero     0x2000ba54      0x4  stm32f10x_it.o [1]
  .bss               zero     0x2000ba58      0x4  stm32f10x_it.o [1]
  .bss               zero     0x2000ba5c      0x4  stm32f10x_it.o [1]
  .bss               zero     0x2000ba60      0x4  task.o [1]
  .bss               zero     0x2000ba64      0x4  task.o [1]
  .bss               zero     0x2000ba68      0x4  task.o [1]
  .bss               zero     0x2000ba6c      0x4  task.o [1]
  .bss               zero     0x2000ba70      0x4  task.o [1]
  .bss               zero     0x2000ba74      0x4  task.o [1]
  .bss               zero     0x2000ba78      0x4  tasks.o [1]
  .bss               zero     0x2000ba7c      0x4  tasks.o [1]
  .bss               zero     0x2000ba80      0x4  tasks.o [1]
  .bss               zero     0x2000ba84      0x4  tasks.o [1]
  .bss               zero     0x2000ba88      0x4  tasks.o [1]
  .bss               zero     0x2000ba8c      0x4  tasks.o [1]
  .bss               zero     0x2000ba90      0x4  tasks.o [1]
  .bss               zero     0x2000ba94      0x4  tasks.o [1]
  .bss               zero     0x2000ba98      0x4  tasks.o [1]
  .bss               zero     0x2000ba9c      0x4  tasks.o [1]
  .bss               zero     0x2000baa0      0x4  tasks.o [1]
  .bss               zero     0x2000baa4      0x4  tasks.o [1]
  .bss               zero     0x2000baa8      0x4  tasks.o [1]
  .bss               zero     0x2000baac      0x4  tasks.o [1]
  .bss               zero     0x2000bab0      0x4  tasks.o [1]
  .bss               zero     0x2000bab4      0x4  tasks.o [1]
  .bss               zero     0x2000bab8      0x4  tasks.o [1]
  .bss               zero     0x2000babc      0x4  tasks.o [1]
  .bss               zero     0x2000bac0      0x4  tasks.o [1]
  .bss               zero     0x2000bac4      0x4  tasks.o [1]
  .bss               zero     0x2000bac8      0x4  tasks.o [1]
  .bss               zero     0x2000bacc      0x4  tasks.o [1]
  .bss               zero     0x2000bad0      0x4  tasks.o [1]
  .bss               zero     0x2000bad4      0x4  tasks.o [1]
  .bss               zero     0x2000bad8      0x4  tasks.o [1]
  .bss               zero     0x2000badc      0x4  tasks.o [1]
  .bss               zero     0x2000bae0      0x4  tasks.o [1]
  .bss               zero     0x2000bae4      0x4  tasks.o [1]
  .bss               zero     0x2000bae8      0x4  tasks.o [1]
  .bss               zero     0x2000baec      0x4  tasks.o [1]
  .bss               zero     0x2000baf0      0x4  tasks.o [1]
  .bss               zero     0x2000baf4      0x4  tasks.o [1]
  .bss               zero     0x2000baf8      0x4  tasks.o [1]
  .bss               zero     0x2000bafc      0x4  tasks.o [1]
  .bss               zero     0x2000bb00      0x4  tasks.o [1]
  .bss               zero     0x2000bb04      0x4  tasks.o [1]
  .bss               zero     0x2000bb08      0x4  tasks.o [1]
  .bss               zero     0x2000bb0c      0x4  tasks.o [1]
  .bss               zero     0x2000bb10      0x4  time.o [1]
  .bss               zero     0x2000bb14      0x4  usbd_cdc_core.o [1]
  .bss               zero     0x2000bb18      0x4  usbd_cdc_core.o [1]
  .bss               zero     0x2000bb1c      0x4  usbd_cdc_core.o [1]
  .bss               zero     0x2000bb20      0x4  usbd_cdc_core.o [1]
  .bss               zero     0x2000bb24      0x4  usbd_cdc_core.o [1]
  .bss               zero     0x2000bb28      0x4  usbd_cdc_core.o [1]
  .bss               zero     0x2000bb2c      0x4  usbd_cdc_vcp.o [1]
  .bss               zero     0x2000bb30      0x4  usbd_cdc_vcp.o [1]
  .bss               zero     0x2000bb34      0x4  usbd_core.o [1]
  .bss               zero     0x2000bb38      0x4  usbd_req.o [1]
  .bss               zero     0x2000bb3c      0x4  usbd_req.o [1]
  .bss               zero     0x2000bb40      0x4  usbd_req.o [1]
  __DLIB_PERTHREAD   zero     0x2000bb44      0x4  errno.o [3]
  .bss               zero     0x2000bb48      0x2  basic_rf.o [1]
  .bss               zero     0x2000bb4a      0x2  basic_rf.o [1]
  .bss               zero     0x2000bb4c      0x2  basic_rf.o [1]
  .bss               zero     0x2000bb4e      0x2  main.o [1]
  .bss               zero     0x2000bb50      0x2  stm32f10x_it.o [1]
  .bss               zero     0x2000bb52      0x2  stm32f10x_it.o [1]
  .bss               zero     0x2000bb54      0x2  stm32f10x_it.o [1]
  .bss               zero     0x2000bb56      0x2  stm32f10x_it.o [1]
  .bss               zero     0x2000bb58      0x2  stm32f10x_it.o [1]
  .bss               zero     0x2000bb5a      0x2  stm32f10x_it.o [1]
  .bss               zero     0x2000bb5c      0x2  stm32f10x_it.o [1]
  .bss               zero     0x2000bb5e      0x2  stm32f10x_it.o [1]
  .bss               zero     0x2000bb60      0x2  stm32f10x_it.o [1]
  .bss               zero     0x2000bb62      0x2  stm32f10x_it.o [1]
  .bss               zero     0x2000bb64      0x2  stm32f10x_it.o [1]
  .bss               zero     0x2000bb66      0x2  stm32f10x_it.o [1]
  .bss               zero     0x2000bb68      0x2  stm32f10x_it.o [1]
  .bss               zero     0x2000bb6a      0x2  stm32f10x_it.o [1]
  .bss               zero     0x2000bb6c      0x2  stm32f10x_it.o [1]
  .bss               zero     0x2000bb6e      0x2  task.o [1]
  .bss               zero     0x2000bb70      0x2  tasks.o [1]
  .bss               zero     0x2000bb72      0x2  tasks.o [1]
  .bss               zero     0x2000bb74      0x2  tasks.o [1]
  .bss               zero     0x2000bb76      0x2  tasks.o [1]
  .bss               zero     0x2000bb78      0x2  tasks.o [1]
  .bss               zero     0x2000bb7a      0x2  tasks.o [1]
  .bss               zero     0x2000bb7c      0x2  tasks.o [1]
  .bss               zero     0x2000bb7e      0x2  tasks.o [1]
  .bss               zero     0x2000bb80      0x2  tasks.o [1]
  .bss               zero     0x2000bb82      0x2  tasks.o [1]
  .bss               zero     0x2000bb84      0x2  tasks.o [1]
  .bss               zero     0x2000bb86      0x2  tasks.o [1]
  .bss               zero     0x2000bb88      0x2  tasks.o [1]
  .bss               zero     0x2000bb8a      0x2  tasks.o [1]
  .bss               zero     0x2000bb8c      0x2  tasks.o [1]
  .bss               zero     0x2000bb8e      0x2  tasks.o [1]
  .bss               zero     0x2000bb90      0x2  tasks.o [1]
  .bss               zero     0x2000bb92      0x1  basic_rf.o [1]
  .bss               zero     0x2000bb93      0x1  basic_rf.o [1]
  .bss               zero     0x2000bb94      0x1  basic_rf.o [1]
  .bss               zero     0x2000bb95      0x1  basic_rf.o [1]
  .bss               zero     0x2000bb96      0x1  basic_rf.o [1]
  .bss               zero     0x2000bb97      0x1  basic_rf.o [1]
  .bss               zero     0x2000bb98      0x1  basic_rf.o [1]
  .bss               zero     0x2000bb99      0x1  basic_rf.o [1]
  .bss               zero     0x2000bb9a      0x1  basic_rf.o [1]
  .bss               zero     0x2000bb9b      0x1  basic_rf.o [1]
  .bss               zero     0x2000bb9c      0x1  basic_rf.o [1]
  .bss               zero     0x2000bb9d      0x1  basic_rf.o [1]
  .bss               zero     0x2000bb9e      0x1  basic_rf.o [1]
  .bss               zero     0x2000bb9f      0x1  basic_rf.o [1]
  .bss               zero     0x2000bba0      0x1  core.o [1]
  .bss               zero     0x2000bba1      0x1  core.o [1]
  .bss               zero     0x2000bba2      0x1  core.o [1]
  .bss               zero     0x2000bba3      0x1  main.o [1]
  .bss               zero     0x2000bba4      0x1  main.o [1]
  .bss               zero     0x2000bba5      0x1  main.o [1]
  .bss               zero     0x2000bba6      0x1  main.o [1]
  .bss               zero     0x2000bba7      0x1  main.o [1]
  .bss               zero     0x2000bba8      0x1  main.o [1]
  .bss               zero     0x2000bba9      0x1  main.o [1]
  .bss               zero     0x2000bbaa      0x1  main.o [1]
  .bss               zero     0x2000bbab      0x1  main.o [1]
  .bss               zero     0x2000bbac      0x1  mutex.o [1]
  .bss               zero     0x2000bbad      0x1  serviceReq.o [1]
  .bss               zero     0x2000bbae      0x1  serviceReq.o [1]
  .bss               zero     0x2000bbaf      0x1  stm32f10x_it.o [1]
  .bss               zero     0x2000bbb0      0x1  stm32f10x_it.o [1]
  .bss               zero     0x2000bbb1      0x1  stm32f10x_it.o [1]
  .bss               zero     0x2000bbb2      0x1  stm32f10x_it.o [1]
  .bss               zero     0x2000bbb3      0x1  stm32f10x_it.o [1]
  .bss               zero     0x2000bbb4      0x1  stm32f10x_it.o [1]
  .bss               zero     0x2000bbb5      0x1  stm32f10x_it.o [1]
  .bss               zero     0x2000bbb6      0x1  stm32f10x_it.o [1]
  .bss               zero     0x2000bbb7      0x1  stm32f10x_it.o [1]
  .bss               zero     0x2000bbb8      0x1  task.o [1]
  .bss               zero     0x2000bbb9      0x1  tasks.o [1]
  .bss               zero     0x2000bbba      0x1  tasks.o [1]
  .bss               zero     0x2000bbbb      0x1  tasks.o [1]
  .bss               zero     0x2000bbbc      0x1  tasks.o [1]
  .bss               zero     0x2000bbbd      0x1  tasks.o [1]
  .bss               zero     0x2000bbbe      0x1  tasks.o [1]
  .bss               zero     0x2000bbbf      0x1  tasks.o [1]
  .bss               zero     0x2000bbc0      0x1  tasks.o [1]
  .bss               zero     0x2000bbc1      0x1  tasks.o [1]
  .bss               zero     0x2000bbc2      0x1  tasks.o [1]
  .bss               zero     0x2000bbc3      0x1  tasks.o [1]
  .bss               zero     0x2000bbc4      0x1  tasks.o [1]
  .bss               zero     0x2000bbc5      0x1  tasks.o [1]
  .bss               zero     0x2000bbc6      0x1  tasks.o [1]
  .bss               zero     0x2000bbc7      0x1  tasks.o [1]
  .bss               zero     0x2000bbc8      0x1  tasks.o [1]
  .bss               zero     0x2000bbc9      0x1  tasks.o [1]
  .bss               zero     0x2000bbca      0x1  tasks.o [1]
  .bss               zero     0x2000bbcb      0x1  tasks.o [1]
  .bss               zero     0x2000bbcc      0x1  tasks.o [1]
  .bss               zero     0x2000bbcd      0x1  tasks.o [1]
  .bss               zero     0x2000bbce      0x1  tasks.o [1]
  .bss               zero     0x2000bbcf      0x1  usbd_cdc_core.o [1]
  .bss               zero     0x2000bbd0      0x1  usbd_req.o [1]
                            - 0x2000bbd1   0xb10d

"P2", part 3 of 3:                         0x1010
  CSTACK                      0x2000bbd8   0x1000  <Block>
    CSTACK           uninit   0x2000bbd8   0x1000  <Block tail>
  .noinit            uninit   0x2000cbd8      0x4  stm32f10x_it.o [1]
  .noinit            uninit   0x2000cbdc      0x4  stm32f10x_it.o [1]
  .noinit            uninit   0x2000cbe0      0x4  stm32f10x_it.o [1]
  .noinit            uninit   0x2000cbe4      0x4  tasks.o [1]
                            - 0x2000cbe8   0x1010


*******************************************************************************
*** INIT TABLE
***

          Address     Size
          -------     ----
Zero (__iar_zero_init3)
    1 destination range, total size 0xb10d:
          0x20000ac4  0xb10d

Copy/packbits (__iar_packbits_init3)
    1 source range, total size 0x2be (25% of destination):
          0x0801bfd4   0x2be
    1 destination range, total size 0xac1:
          0x20000000   0xac1



*******************************************************************************
*** MODULE SUMMARY
***

    Module                  ro code  ro data  rw data
    ------                  -------  -------  -------
C:\Users\User\Documents\Cortex_git\BLKT-01.git\Source Code\BLKT-01 Beacon\Source\firmware\beacon\IAR\Debug-Bootloader\Obj: [1]
    arch.o                      140                 8
    base64.o                    420       69
    basic_rf.o                3 196      587      764
    config.o                    292       17       68
    console_tail.o              316       24      792
    core.o                      308                 3
    event.o                     548               164
    flag.o                      908                20
    hardware.o                3 468      296      210
    hook.o                        4
    i2c_ee.o                  1 024                 8
    kernelHeap.o                 60            10 252
    main.o                      904      154    8 711
    mbox.o                       64
    misc.o                      156
    mutex.o                     544                81
    portForM3.o                 128
    queue.o                      96
    radio.o                     526      112
    sem.o                       372
    serviceReq.o                292               102
    startup_stm32f10x_cl.o      632
    stm32f10x_adc.o             478
    stm32f10x_dac.o             148
    stm32f10x_dbgmcu.o           36
    stm32f10x_exti.o            204
    stm32f10x_flash.o           386
    stm32f10x_gpio.o            576
    stm32f10x_i2c.o             568
    stm32f10x_it.o            4 252      310      255
    stm32f10x_iwdg.o             56
    stm32f10x_rcc.o             756        5       20
    stm32f10x_spi.o             168
    stm32f10x_tim.o           1 644
    system_stm32f10x.o          420        1        4
    task.o                    1 724      108      883
    tasks.o                  13 464    4 018   21 499
    time.o                      484                 4
    usb_bsp.o                   110
    usb_core.o                2 862
    usb_dcd.o                   742
    usb_dcd_int.o             1 786
    usbd_cdc_core.o             832       31    2 261
    usbd_cdc_vcp.o            1 110        7    1 572
    usbd_core.o                 832       12       52
    usbd_desc.o                 192       94       52
    usbd_ioreq.o                228
    usbd_req.o                1 726               269
    usbd_usr.o                   14        7       28
    util.o                       66
    -------------------------------------------------
    Total:                   50 262    5 852   48 082

command line: [2]
    -------------------------------------------------
    Total:

dl7M_tln.a: [3]
    div.o                        14
    errno.o                      12                 4
    exit.o                        4
    getchar.o                    52        1        4
    low_level_init.o              4
    printf.o                     36
    putchar.o                    40
    snprintf.o                   68
    sprintf.o                    52
    sscanf.o                     36
    strtoul.o                     4
    vsprintf.o                   44
    xprintffull_nomb.o        3 278
    xprout.o                     22
    xscanfsmall_nomb.o        1 284
    xsnprout.o                   26
    xsprout.o                    10
    xsscin.o                     30
    xstol.o                     134
    xstoul.o                    372
    xtls.o                        2
    -------------------------------------------------
    Total:                    5 524        1        8

m7M_tl.a: [4]
    DblAdd.o                    232
    DblCmpGe.o                   46
    DblCmpLe.o                   46
    DblDiv.o                    582
    DblMul.o                    418
    DblSub.o                    384
    DblToFlt.o                  144
    DblToI32.o                   88
    FltAdd.o                    132
    FltCmpGe.o                   36
    FltCmpLe.o                   36
    FltDiv.o                    252
    FltMul.o                    216
    FltSub.o                    214
    FltToDbl.o                   78
    FltToS32.o                   68
    I32ToDbl.o                   48
    I32ToFlt.o                   30
    xdnorm.o                     66
    xdscale.o                   268
    -------------------------------------------------
    Total:                    3 384

rt7M_tl.a: [5]
    ABImemcpy.o                 118
    ABImemset.o                 102
    I64DivMod.o                 238
    I64DivZer.o                   2
    XXexit.o                     12
    cexit.o                      10
    cmain.o                      22
    cstartup_M.o                 12
    data_init3.o                 40
    memchr.o                     88
    memcmp.o                     98
    packbits_init3.o            166
    strchr.o                     22
    strcpy.o                     68
    strlen.o                     54
    zero_init3.o                 34
    -------------------------------------------------
    Total:                    1 086

    Gaps                         37        4        4
    Linker created                        44    4 096
-----------------------------------------------------
    Grand Total:             60 293    5 901   52 190


*******************************************************************************
*** ENTRY LIST
***

Entry                      Address    Size  Type      Object
-----                      -------    ----  ----      ------
?main                   0x0801ba95          Code  Gb  cmain.o [5]
ADC1_2_IRQHandler       0x0801bf29          Code  Wk  startup_stm32f10x_cl.o [1]
ADCPrescTable           0x20000a90     0x4  Data  Lc  stm32f10x_rcc.o [1]
ADC_Cmd                 0x08013929    0x1a  Code  Gb  stm32f10x_adc.o [1]
ADC_GetCalibrationStatus
                        0x0801396f    0x18  Code  Gb  stm32f10x_adc.o [1]
ADC_GetConversionValue  0x08013a8f     0x6  Code  Gb  stm32f10x_adc.o [1]
ADC_GetFlagStatus       0x08013a9d    0x1a  Code  Gb  stm32f10x_adc.o [1]
ADC_GetResetCalibrationStatus
                        0x0801394d    0x18  Code  Gb  stm32f10x_adc.o [1]
ADC_Init                0x080138d9    0x50  Code  Gb  stm32f10x_adc.o [1]
ADC_RegularChannelConfig
                        0x080139a1    0xee  Code  Gb  stm32f10x_adc.o [1]
ADC_ResetCalibration    0x08013943     0xa  Code  Gb  stm32f10x_adc.o [1]
ADC_SoftwareStartConvCmd
                        0x08013987    0x1a  Code  Gb  stm32f10x_adc.o [1]
ADC_StartCalibration    0x08013965     0xa  Code  Gb  stm32f10x_adc.o [1]
APBAHBPrescTable        0x20000a4c    0x10  Data  Lc  stm32f10x_rcc.o [1]
APP_Rx_Buffer           0x200072c0   0x800  Data  Gb  usbd_cdc_core.o [1]
APP_Rx_length           0x2000bb20     0x4  Data  Gb  usbd_cdc_core.o [1]
APP_Rx_ptr_in           0x2000bb18     0x4  Data  Gb  usbd_cdc_core.o [1]
APP_Rx_ptr_out          0x2000bb1c     0x4  Data  Gb  usbd_cdc_core.o [1]
APP_Tx_Buffer           0x20009cb4   0x400  Data  Lc  usbd_cdc_vcp.o [1]
APP_Tx_ptr_in           0x2000bb30     0x4  Data  Gb  usbd_cdc_vcp.o [1]
APP_Tx_ptr_out          0x2000bb2c     0x4  Data  Gb  usbd_cdc_vcp.o [1]
ARM_proc_SN             0x2000b90c     0xc  Data  Gb  hardware.o [1]
AssignTCB               0x08012c8b    0x34  Code  Lc  task.o [1]
BUTTON_CLK              0x0801be34     0x8  Data  Gb  hardware.o [1]
BUTTON_PIN              0x0801beac     0x4  Data  Gb  hardware.o [1]
BUTTON_PORT             0x20000a68     0x8  Data  Gb  hardware.o [1]
Base64                  0x0801ad0c    0x44  Data  Lc  base64.o [1]
BattUnion               0x2000b9f8     0x4  Data  Gb  hardware.o [1]
BusFault_Handler        0x08018dfb     0x2  Code  Gb  stm32f10x_it.o [1]
CAN1_RX0_IRQHandler     0x0801bf31          Code  Wk  startup_stm32f10x_cl.o [1]
CAN1_RX1_IRQHandler     0x0801bf35          Code  Wk  startup_stm32f10x_cl.o [1]
CAN1_SCE_IRQHandler     0x0801bf39          Code  Wk  startup_stm32f10x_cl.o [1]
CAN1_TX_IRQHandler      0x0801bf2d          Code  Wk  startup_stm32f10x_cl.o [1]
CAN2_RX0_IRQHandler     0x0801bfc5          Code  Wk  startup_stm32f10x_cl.o [1]
CAN2_RX1_IRQHandler     0x0801bfc9          Code  Wk  startup_stm32f10x_cl.o [1]
CAN2_SCE_IRQHandler     0x0801bfcd          Code  Wk  startup_stm32f10x_cl.o [1]
CAN2_TX_IRQHandler      0x0801bfc1          Code  Wk  startup_stm32f10x_cl.o [1]
CSTACK$$Base            0x2000bbd8           --   Gb  - Linker created -
CSTACK$$Limit           0x2000cbd8           --   Gb  - Linker created -
CalcConfigChecksum      0x080131ad    0x28  Code  Lc  config.o [1]
CalcConfigChecksum      0x08011c91    0x2a  Code  Gb  main.o [1]
CmdBuff                 0x2000b9c8     0x8  Data  Gb  usbd_cdc_core.o [1]
CoAcceptSem             0x08011aef    0x34  Code  Gb  sem.o [1]
CoAcceptSingleFlag      0x080109f5    0x40  Code  Gb  flag.o [1]
CoAwakeTask             0x08012dc7    0x68  Code  Gb  task.o [1]
CoClearFlag             0x08010b61    0x14  Code  Gb  flag.o [1]
CoCreateFlag            0x08010979    0x7c  Code  Gb  flag.o [1]
CoCreateKheap           0x08015969    0x2c  Code  Gb  kernelHeap.o [1]
CoCreateMutex           0x080145ed    0x54  Code  Gb  mutex.o [1]
CoCreateSem             0x08011ac9    0x26  Code  Gb  sem.o [1]
CoEnterISR              0x08012691     0xa  Code  Gb  core.o [1]
CoEnterMutexSection     0x08014641    0xec  Code  Gb  mutex.o [1]
CoExitISR               0x0801269b    0x32  Code  Gb  core.o [1]
CoGetOSTime             0x0800f6e5     0x8  Code  Gb  time.o [1]
CoGetStackDepth         0x08012c39    0x1c  Code  Gb  task.o [1]
CoGetTaskFunc           0x08012c79    0x12  Code  Gb  task.o [1]
CoGetTaskLine           0x08012c67    0x12  Code  Gb  task.o [1]
CoGetTaskScheduledCount
                        0x08012c55    0x12  Code  Gb  task.o [1]
CoIdleTask              0x080159a5     0x2  Code  Gb  hook.o [1]
CoInitOS                0x0801270f    0x56  Code  Gb  core.o [1]
CoLeaveMutexSection     0x0801472d    0xc0  Code  Gb  mutex.o [1]
CoPendSem               0x08011b23    0xa4  Code  Gb  sem.o [1]
CoPostMail              0x08016c25    0x38  Code  Gb  mbox.o [1]
CoPostQueueMail         0x08016c65    0x58  Code  Gb  queue.o [1]
CoPostSem               0x08011bc7    0x38  Code  Gb  sem.o [1]
CoSchedLock             0x08012703     0xc  Code  Gb  core.o [1]
CoSetFlag               0x08010b75    0x80  Code  Gb  flag.o [1]
CoSetPriority           0x08012955   0x156  Code  Gb  task.o [1]
CoStartOS               0x08012765    0x26  Code  Gb  core.o [1]
CoStkOverflowHook       0x080159a7     0x2  Code  Gb  hook.o [1]
CoTickDelay             0x0800f6ed    0x4c  Code  Gb  time.o [1]
CoWaitForSingleFlag     0x08010a35   0x12c  Code  Gb  flag.o [1]
ConsoleChecksum         0x08013061    0x1a  Code  Gb  console_tail.o [1]
CopyConfigToExConfig    0x080131d5    0x1e  Code  Gb  config.o [1]
CopyExConfigToConfig    0x080131f3    0x28  Code  Gb  config.o [1]
CreatEvent              0x0801440d    0x54  Code  Gb  event.o [1]
CreateEventList         0x080143c9    0x44  Code  Gb  event.o [1]
CreateTCBList           0x080127c5    0x48  Code  Gb  task.o [1]
CreateTask              0x08012cbf   0x108  Code  Gb  task.o [1]
CurrentDataPointer      0x2000bb8c     0x2  Data  Lc  tasks.o [1]
DAC_Cmd                 0x080104b7    0x26  Code  Gb  stm32f10x_dac.o [1]
DAC_DeInit              0x0801046d    0x18  Code  Gb  stm32f10x_dac.o [1]
DAC_Init                0x08010485    0x32  Code  Gb  stm32f10x_dac.o [1]
DAC_SetChannel2Data     0x080104dd    0x1e  Code  Gb  stm32f10x_dac.o [1]
DBGMCU_Config           0x08014fa5    0x1e  Code  Gb  stm32f10x_dbgmcu.o [1]
DCD_EP_Close            0x08016e51    0x4a  Code  Gb  usb_dcd.o [1]
DCD_EP_ClrStall         0x08016faf    0x50  Code  Gb  usb_dcd.o [1]
DCD_EP_Open             0x08016dd5    0x7c  Code  Gb  usb_dcd.o [1]
DCD_EP_PrepareRx        0x08016e9b    0x66  Code  Gb  usb_dcd.o [1]
DCD_EP_SetAddress       0x08016fff    0x1a  Code  Gb  usb_dcd.o [1]
DCD_EP_Stall            0x08016f5f    0x50  Code  Gb  usb_dcd.o [1]
DCD_EP_Tx               0x08016f01    0x5e  Code  Gb  usb_dcd.o [1]
DCD_HandleEnumDone_ISR  0x0801a291    0x4e  Code  Lc  usb_dcd_int.o [1]
DCD_HandleInEP_ISR      0x08019e83   0x108  Code  Lc  usb_dcd_int.o [1]
DCD_HandleOutEP_ISR     0x08019f8b    0xde  Code  Lc  usb_dcd_int.o [1]
DCD_HandleResume_ISR    0x08019dab    0x4c  Code  Lc  usb_dcd_int.o [1]
DCD_HandleRxStatusQueueLevel_ISR
                        0x0801a087    0xa4  Code  Lc  usb_dcd_int.o [1]
DCD_HandleSof_ISR       0x0801a069    0x1e  Code  Lc  usb_dcd_int.o [1]
DCD_HandleUSBSuspend_ISR
                        0x08019df7    0x8c  Code  Lc  usb_dcd_int.o [1]
DCD_HandleUsbReset_ISR  0x0801a1cb    0xc6  Code  Lc  usb_dcd_int.o [1]
DCD_Init                0x08016d33    0xa2  Code  Gb  usb_dcd.o [1]
DCD_IsoINIncomplete_ISR
                        0x0801a2df    0x1e  Code  Lc  usb_dcd_int.o [1]
DCD_IsoOUTIncomplete_ISR
                        0x0801a2fd    0x1e  Code  Lc  usb_dcd_int.o [1]
DCD_OTG_ISR             0x08019d85    0x26  Code  Lc  usb_dcd_int.o [1]
DCD_ReadDevInEP         0x0801a325    0x2e  Code  Lc  usb_dcd_int.o [1]
DCD_SessionRequest_ISR  0x08019d65    0x20  Code  Lc  usb_dcd_int.o [1]
DCD_WriteEmptyTxFifo    0x0801a12b    0xa0  Code  Lc  usb_dcd_int.o [1]
DMA1_Channel1_IRQHandler
                        0x0801bf0d          Code  Wk  startup_stm32f10x_cl.o [1]
DMA1_Channel2_IRQHandler
                        0x0801bf11          Code  Wk  startup_stm32f10x_cl.o [1]
DMA1_Channel3_IRQHandler
                        0x0801bf15          Code  Wk  startup_stm32f10x_cl.o [1]
DMA1_Channel4_IRQHandler
                        0x0801bf19          Code  Wk  startup_stm32f10x_cl.o [1]
DMA1_Channel5_IRQHandler
                        0x0801bf1d          Code  Wk  startup_stm32f10x_cl.o [1]
DMA1_Channel6_IRQHandler
                        0x0801bf21          Code  Wk  startup_stm32f10x_cl.o [1]
DMA1_Channel7_IRQHandler
                        0x0801bf25          Code  Wk  startup_stm32f10x_cl.o [1]
DMA2_Channel1_IRQHandler
                        0x0801bfa5          Code  Wk  startup_stm32f10x_cl.o [1]
DMA2_Channel2_IRQHandler
                        0x0801bfa9          Code  Wk  startup_stm32f10x_cl.o [1]
DMA2_Channel3_IRQHandler
                        0x0801bfad          Code  Wk  startup_stm32f10x_cl.o [1]
DMA2_Channel4_IRQHandler
                        0x0801bfb1          Code  Wk  startup_stm32f10x_cl.o [1]
DMA2_Channel5_IRQHandler
                        0x0801bfb5          Code  Wk  startup_stm32f10x_cl.o [1]
DebugMon_Handler        0x08018e01     0x2  Code  Gb  stm32f10x_it.o [1]
Dec8                    0x080158fd          Code  Gb  portForM3.o [1]
DlyList                 0x2000bb10     0x4  Data  Gb  time.o [1]
EEPROM_ADDRESS          0x20000aac     0x2  Data  Gb  hardware.o [1]
EETime                  0x080132f1    0x10  Code  Gb  i2c_ee.o [1]
ETH_IRQHandler          0x0801bfb9          Code  Wk  startup_stm32f10x_cl.o [1]
ETH_WKUP_IRQHandler     0x0801bfbd          Code  Wk  startup_stm32f10x_cl.o [1]
EXTI0_IRQHandler        0x08019701    0x32  Code  Gb  stm32f10x_it.o [1]
EXTI15_10_IRQHandler    0x08019821    0x6e  Code  Gb  stm32f10x_it.o [1]
EXTI1_IRQHandler        0x08019759    0xa2  Code  Gb  stm32f10x_it.o [1]
EXTI2_IRQHandler        0x08019559   0x13e  Code  Gb  stm32f10x_it.o [1]
EXTI3_IRQHandler        0x080196a9    0x46  Code  Gb  stm32f10x_it.o [1]
EXTI4_IRQHandler        0x0801bf09          Code  Wk  startup_stm32f10x_cl.o [1]
EXTI9_5_IRQHandler      0x0801bf3d          Code  Wk  startup_stm32f10x_cl.o [1]
EXTI_ClearITPendingBit  0x0801558d     0x6  Code  Gb  stm32f10x_exti.o [1]
EXTI_GetITStatus        0x08015565    0x28  Code  Gb  stm32f10x_exti.o [1]
EXTI_Init               0x080154dd    0x88  Code  Gb  stm32f10x_exti.o [1]
EventTaskToRdy          0x080144ef    0x86  Code  Gb  event.o [1]
EventTaskToWait         0x08014461    0x8e  Code  Gb  event.o [1]
EventTbl                0x2000b360    0xa0  Data  Gb  event.o [1]
FLASH_ErasePage         0x08012ea9    0x5e  Code  Gb  stm32f10x_flash.o [1]
FLASH_GetBank1Status    0x08012f87    0x34  Code  Gb  stm32f10x_flash.o [1]
FLASH_IRQHandler        0x0801bef1          Code  Wk  startup_stm32f10x_cl.o [1]
FLASH_Lock              0x08012e97    0x12  Code  Gb  stm32f10x_flash.o [1]
FLASH_ProgramWord       0x08012f07    0x80  Code  Gb  stm32f10x_flash.o [1]
FLASH_Unlock            0x08012e81    0x16  Code  Gb  stm32f10x_flash.o [1]
FLASH_WaitForLastOperation
                        0x08012fd5    0x2e  Code  Gb  stm32f10x_flash.o [1]
FMBlist                 0x2000ba00     0x4  Data  Gb  kernelHeap.o [1]
FlagBlock               0x08010c23    0x3a  Code  Lc  flag.o [1]
FlagCrl                 0x2000b8bc    0x14  Data  Gb  flag.o [1]
FreeEventList           0x2000b9f4     0x4  Data  Gb  event.o [1]
FreeTCB                 0x2000ba60     0x4  Data  Gb  task.o [1]
GPIO_EXTILineConfig     0x08015249    0x50  Code  Gb  stm32f10x_gpio.o [1]
GPIO_Init               0x08015065   0x136  Code  Gb  stm32f10x_gpio.o [1]
GPIO_PinRemapConfig     0x080151c1    0x88  Code  Gb  stm32f10x_gpio.o [1]
GPIO_ReadInputDataBit   0x0801519b    0x1a  Code  Gb  stm32f10x_gpio.o [1]
GPIO_ResetBits          0x080151bb     0x6  Code  Gb  stm32f10x_gpio.o [1]
GPIO_SetBits            0x080151b5     0x6  Code  Gb  stm32f10x_gpio.o [1]
GPI_CLK                 0x0801afb4    0x30  Data  Gb  hardware.o [1]
GPI_PIN                 0x0801b884    0x18  Data  Gb  hardware.o [1]
GPI_PORT                0x20000918    0x30  Data  Gb  hardware.o [1]
GPI_TYPE                0x0801bcd8     0xc  Data  Gb  hardware.o [1]
GPO_CLK                 0x0801acc4    0x48  Data  Gb  hardware.o [1]
GPO_PIN                 0x0801b3f0    0x24  Data  Gb  hardware.o [1]
GPO_PORT                0x20000808    0x48  Data  Gb  hardware.o [1]
GetARM_UUID             0x08011a19    0x1a  Code  Gb  hardware.o [1]
GetAverageImuData       0x0800c23b    0x32  Code  Lc  tasks.o [1]
Handle_USBAsynchXfer    0x0801a591    0xba  Code  Lc  usbd_cdc_core.o [1]
HardFault_Handler       0x08018de5    0x14  Code  Gb  stm32f10x_it.o [1]
HwAtoDInit              0x0801149d    0xea  Code  Lc  hardware.o [1]
HwButtonInit            0x080112a3    0x3c  Code  Gb  hardware.o [1]
HwButtonPressed         0x080112df    0x1a  Code  Gb  hardware.o [1]
HwDACInit               0x080110cd    0x36  Code  Lc  hardware.o [1]
HwGPIInit               0x08011103    0x48  Code  Gb  hardware.o [1]
HwGPIState              0x0801114b    0x1a  Code  Gb  hardware.o [1]
HwGPOHigh               0x08011251    0x1e  Code  Gb  hardware.o [1]
HwGPOInit               0x08011165    0x42  Code  Gb  hardware.o [1]
HwGPOInitAF             0x080111e9    0x4a  Code  Lc  hardware.o [1]
HwGPOInitOC             0x080111a7    0x42  Code  Gb  hardware.o [1]
HwGPOLow                0x08011233    0x1e  Code  Gb  hardware.o [1]
HwGPOToggle             0x0801126f    0x34  Code  Gb  hardware.o [1]
HwGetSPISS              0x080115b7    0x1a  Code  Gb  hardware.o [1]
HwI2CInit               0x0801177d   0x128  Code  Gb  hardware.o [1]
HwIMUEXTIInit           0x080119c9    0x50  Code  Gb  hardware.o [1]
HwInkPeriphInit         0x08011081    0x4c  Code  Lc  hardware.o [1]
HwPeriphInit            0x08011619   0x164  Code  Gb  hardware.o [1]
HwRadioEXTIInit         0x080118a5   0x124  Code  Gb  hardware.o [1]
[...]
__aeabi_i2d             0x08017fc1          Code  Gb  I32ToDbl.o [4]
__aeabi_ldiv0           0x08018bb9          Code  Gb  I64DivZer.o [5]
__aeabi_memcpy          0x08014e09          Code  Gb  ABImemcpy.o [5]
__aeabi_memcpy4         0x08014e29          Code  Gb  ABImemcpy.o [5]
__aeabi_memcpy8         0x08014e29          Code  Gb  ABImemcpy.o [5]
__aeabi_memset          0x08015c7d          Code  Gb  ABImemset.o [5]
__aeabi_ui2d            0x08017fd5          Code  Gb  I32ToDbl.o [4]
__aeabi_ui2f            0x08013ab9          Code  Gb  I32ToFlt.o [4]
__aeabi_uldivmod        0x08017d25          Code  Gb  I64DivMod.o [5]
__cmain                 0x0801ba95          Code  Gb  cmain.o [5]
__exit                  0x0801bac1          Code  Gb  XXexit.o [5]
__iar_Dnorm             0x08017e13    0x42  Code  Gb  xdnorm.o [4]
__iar_Dscale            0x08017eb5   0x10c  Code  Gb  xdscale.o [4]
__iar_Errno             0x2000bb44     0x4  Data  Gb  errno.o [3]
__iar_Memchr            0x08017cc1          Code  Gb  memchr.o [5]
__iar_Memset            0x08015c7d          Code  Gb  ABImemset.o [5]
__iar_Memset_word       0x08015c85          Code  Gb  ABImemset.o [5]
__iar_Stolx             0x08018b2f    0x86  Code  Gb  xstol.o [3]
__iar_Stoul             0x08015c27     0x4  Code  Gb  xstoul.o [3]
__iar_Stoulx            0x08015b09   0x118  Code  Gb  xstoul.o [3]
__iar_Strchr            0x08015ce5          Code  Gb  strchr.o [5]
__iar_d2uiz             0x08014365          Code  Gb  DblToI32.o [4]
__iar_dadd              0x08013db9          Code  Gb  DblAdd.o [4]
__iar_data_init3        0x0801b3c9    0x28  Code  Gb  data_init3.o [5]
__iar_dlib_perthread_access
                        0x08018bb5     0x2  Code  Gb  xtls.o [3]
__iar_dsub              0x08015de9          Code  Gb  DblSub.o [4]
__iar_dsubStart         0x08015dfb          Code  Gb  DblSub.o [4]
__iar_fadd              0x08013cbd          Code  Gb  FltAdd.o [4]
__iar_fsub              0x08015cfd          Code  Gb  FltSub.o [4]
__iar_fsubStart         0x08015d0d          Code  Gb  FltSub.o [4]
__iar_packbits_init3    0x0801a93d    0xa6  Code  Gb  packbits_init3.o [5]
__iar_program_start     0x0801be11          Code  Gb  cstartup_M.o [5]
__iar_ui2d              0x08017fd9          Code  Gb  I32ToDbl.o [4]
__iar_ui2f              0x08013abd          Code  Gb  I32ToFlt.o [4]
__iar_zero_init3        0x08010957    0x22  Code  Gb  zero_init3.o [5]
__low_level_init        0x0801baab     0x4  Code  Gb  low_level_init.o [3]
__read                  0x0801075f    0xe4  Code  Gb  usbd_cdc_vcp.o [1]
__vector_table          0x0800c000          Data  Gb  startup_stm32f10x_cl.o [1]
__write                 0x0801072f    0x30  Code  Gb  usbd_cdc_vcp.o [1]
__writeCmdLineRespPacket
                        0x08010881    0x3c  Code  Gb  usbd_cdc_vcp.o [1]
__writeIMU              0x080108bd    0x12  Code  Gb  usbd_cdc_vcp.o [1]
_call_main              0x0801baa1          Code  Gb  cmain.o [5]
_exit                   0x0801bab5          Code  Gb  cexit.o [5]
_main                   0x0801baa7          Code  Gb  cmain.o [5]
adjusted                0x2000bb62     0x2  Data  Gb  stm32f10x_it.o [1]
adjusted_changed        0x2000bbb2     0x1  Data  Gb  stm32f10x_it.o [1]
assert_failed           0x08011e95    0x5a  Code  Gb  main.o [1]
assert_loop             0x20000abb     0x1  Data  Gb  main.o [1]
asserted                0x2000bba3     0x1  Data  Gb  main.o [1]
b64_pton                0x08013735   0x19a  Code  Gb  base64.o [1]
backup_config           0x20000850    0x44  Data  Gb  config.o [1]
beaconInSync            0x2000bbba     0x1  Data  Lc  tasks.o [1]
beaconRSSI              0x2000bbbc     0x1  Data  Lc  tasks.o [1]
buttonA                 0x2000b988     0x8  Data  Gb  tasks.o [1]
buttonB                 0x2000b990     0x8  Data  Gb  tasks.o [1]
button_state            0x2000bbbe     0x1  Data  Gb  tasks.o [1]
calls                   0x2000bac4     0x4  Data  Gb  tasks.o [1]
cc2520_flags0           0x2000bb97     0x1  Data  Gb  basic_rf.o [1]
cc2520_flags1           0x2000bb98     0x1  Data  Gb  basic_rf.o [1]
cc2520_flags2           0x2000bb99     0x1  Data  Gb  basic_rf.o [1]
cdcCmd                  0x20000a98     0x4  Data  Lc  usbd_cdc_core.o [1]
cdcLen                  0x2000bb24     0x4  Data  Lc  usbd_cdc_core.o [1]
changeClocks            0x2000ba84     0x4  Data  Gb  tasks.o [1]
config                  0x2000b7d0    0x44  Data  Gb  tasks.o [1]
countA                  0x20000a88     0x4  Data  Lc  stm32f10x_it.o [1]
counter                 0x2000ba58     0x4  Data  Gb  stm32f10x_it.o [1]
counterIMU              0x2000bb0c     0x4  Data  Gb  tasks.o [1]
crc8                    0x08011fc5    0x42  Code  Gb  util.o [1]
currentTaskId           0x2000bbb8     0x1  Data  Lc  task.o [1]
delayedFrameIdCorrection
                        0x2000ba3c     0x4  Data  Gb  stm32f10x_it.o [1]
digits                  0x08015c2c    0x28  Data  Lc  xstoul.o [3]
div                     0x08017ff1     0xe  Code  Gb  div.o [3]
drift                   0x2000ba08     0x4  Data  Gb  stm32f10x_it.o [1]
eeOSTime                0x2000b938     0x8  Data  Gb  i2c_ee.o [1]
endRadioTx              0x2000b980     0x8  Data  Lc  tasks.o [1]
errorFrameId            0x2000baa0     0x4  Data  Gb  tasks.o [1]
exit                    0x0801baaf     0x4  Code  Gb  exit.o [3]
fLast                   0x2000b854    0x28  Data  Gb  tasks.o [1]
fVolt                   0x2000bb04     0x4  Data  Gb  tasks.o [1]
firstTime               0x20000abf     0x1  Data  Gb  tasks.o [1]
flagIMUDataReady        0x20000aba     0x1  Data  Gb  main.o [1]
flagIMUNewData          0x20000ab5     0x1  Data  Gb  main.o [1]
flagIMUTimeToSend       0x20000ab8     0x1  Data  Gb  main.o [1]
flagIMU_G_DRDY          0x20000ab6     0x1  Data  Gb  main.o [1]
flagRadioCCA            0x20000ab9     0x1  Data  Gb  main.o [1]
flagRadioTxAllow        0x20000ab2     0x1  Data  Gb  basic_rf.o [1]
flagRadioTxDone         0x20000ab1     0x1  Data  Gb  basic_rf.o [1]
flagRadioTxReq          0x20000ab7     0x1  Data  Gb  main.o [1]
flagSPIIODone           0x2000bb94     0x1  Data  Gb  basic_rf.o [1]
flagSPIMachineDone      0x20000ab3     0x1  Data  Gb  basic_rf.o [1]
frameAdjust             0x20000abd     0x1  Data  Gb  tasks.o [1]
frameId                 0x2000ba04     0x4  Data  Lc  stm32f10x_it.o [1]
frameIdAtSync           0x2000ba14     0x4  Data  Gb  stm32f10x_it.o [1]
frameIdCorrection       0x2000ba10     0x4  Data  Gb  stm32f10x_it.o [1]
frameIdCorrectionCount  0x2000ba8c     0x4  Data  Gb  tasks.o [1]
frameIdFlag             0x20000abc     0x1  Data  Gb  tasks.o [1]
frameIdInced            0x2000ba48     0x4  Data  Gb  stm32f10x_it.o [1]
frameOffset             0x2000bb7c     0x2  Data  Gb  tasks.o [1]
frameTime               0x2000b958     0x8  Data  Gb  stm32f10x_it.o [1]
func                    0x2000ba70     0x4  Data  Gb  task.o [1]
getchar                 0x0800f5b1    0x2e  Code  Gb  getchar.o [3]
globl                   0x2000ba74     0x4  Data  Gb  task.o [1]
got_beacon              0x2000bbc7     0x1  Data  Gb  tasks.o [1]
halted                  0x2000bb74     0x2  Data  Lc  tasks.o [1]
hard_fault_handler_c    0x08018cc1   0x124  Code  Gb  stm32f10x_it.o [1]
header                  0x2000baf0     0x4  Data  Lc  tasks.o [1]
hf_counter              0x2000ba28     0x4  Data  Gb  stm32f10x_it.o [1]
idle_stk                0x2000b71c    0x64  Data  Gb  task.o [1]
inIdx                   0x2000bb76     0x2  Data  Lc  tasks.o [1]
isr_PostSem             0x08011bff    0x2e  Code  Gb  sem.o [1]
isr_SetFlag             0x08010bf5    0x2e  Code  Gb  flag.o [1]
isr_TimeDispose         0x0800f78b    0x1e  Code  Gb  time.o [1]
isspace                 0x0801319d     0xc  Code  Gb  tasks.o [1]
l                       0x2000bb6a     0x2  Data  Gb  stm32f10x_it.o [1]
lastBatStatus           0x2000b918     0xc  Data  Lc  tasks.o [1]
lastFrameIdAtCorrection
                        0x2000ba34     0x4  Data  Gb  stm32f10x_it.o [1]
lastFrameIdAtSync       0x2000baa8     0x4  Data  Gb  tasks.o [1]
lastFrameIdCorrection   0x2000baac     0x4  Data  Gb  tasks.o [1]
lastFrameTime           0x2000b9c0     0x8  Data  Gb  tasks.o [1]
lastRadioTx             0x2000bbcc     0x1  Data  Gb  tasks.o [1]
lastTim3Phase           0x2000bb88     0x2  Data  Gb  tasks.o [1]
lastTime                0x2000badc     0x4  Data  Gb  tasks.o [1]
last_bat_sent           0x2000bab8     0x4  Data  Gb  tasks.o [1]
last_drift              0x2000ba0c     0x4  Data  Gb  stm32f10x_it.o [1]
last_percents           0x2000bbb9     0x1  Data  Gb  tasks.o [1]
last_reload             0x2000bb64     0x2  Data  Gb  stm32f10x_it.o [1]
led_blinking            0x2000bbb3     0x1  Data  Gb  stm32f10x_it.o [1]
line                    0x2000bb6e     0x2  Data  Gb  task.o [1]
linecoding              0x20000a80     0x8  Data  Gb  usbd_cdc_vcp.o [1]
log                     0x20000ac4  0x3ffc  Data  Gb  tasks.o [1]
log_index_in            0x2000bb70     0x2  Data  Gb  tasks.o [1]
lostSync                0x2000ba80     0x4  Data  Gb  tasks.o [1]
main                    0x08011cbb   0x1da  Code  Gb  main.o [1]
memchr                  0x08017cc1          Code  Gb  memchr.o [5]
memcmp                  0x08015a35          Code  Gb  memcmp.o [5]
memcpy                  0x08010941    0x16  Code  Gb  usbd_cdc_vcp.o [1]
memset                  0x080132d1    0x16  Code  Gb  tasks.o [1]
mycalls                 0x2000bafc     0x4  Data  Gb  tasks.o [1]
mygets                  0x0800c199    0x96  Code  Lc  tasks.o [1]
ndigs                   0x08015c54    0x28  Data  Lc  xstoul.o [3]
newFrameIdAtSync        0x2000ba94     0x4  Data  Gb  tasks.o [1]
newFrameTime            0x2000b9a0     0x8  Data  Gb  tasks.o [1]
newTim3Phase            0x2000bb84     0x2  Data  Gb  tasks.o [1]
newbcn                  0x2000ba88     0x4  Data  Gb  tasks.o [1]
notValids               0x2000ba7c     0x4  Data  Gb  tasks.o [1]
numTxRetries            0x2000bb54     0x2  Data  Gb  stm32f10x_it.o [1]
oldFrameIdAtSync        0x2000ba90     0x4  Data  Gb  tasks.o [1]
oldFrameTime            0x2000b998     0x8  Data  Gb  tasks.o [1]
oldTim3Phase            0x2000bb86     0x2  Data  Gb  tasks.o [1]
old_t1                  0x2000ba30     0x4  Data  Gb  stm32f10x_it.o [1]
outIdx                  0x2000bb78     0x2  Data  Lc  tasks.o [1]
over1                   0x2000bb60     0x2  Data  Gb  stm32f10x_it.o [1]
pBattUnion              0x2000b9fc     0x4  Data  Gb  hardware.o [1]
pSpiRxBuf               0x2000b9d8     0x4  Data  Gb  basic_rf.o [1]
pSpiRxBuf_IMU           0x2000b9dc     0x4  Data  Gb  basic_rf.o [1]
pSpiTxBuf               0x2000b9d4     0x4  Data  Gb  basic_rf.o [1]
pSpiTxBuf_IMU           0x2000b9e0     0x4  Data  Gb  basic_rf.o [1]
packet                  0x2000bb8e     0x2  Data  Lc  tasks.o [1]
page                    0x20000000   0x808  Data  Gb  tasks.o [1]
part_time_adjust        0x2000bbb6     0x1  Data  Gb  stm32f10x_it.o [1]
printf                  0x08014de5    0x24  Code  Gb  printf.o [3]
pushed_times            0x2000bac8     0x4  Data  Gb  tasks.o [1]
putchar                 0x0800f7c9    0x28  Code  Gb  putchar.o [3]
queue_full              0x2000bbbd     0x1  Data  Lc  tasks.o [1]
radioConfig             0x2000b930     0x8  Data  Lc  basic_rf.o [1]
radioRxEnd              0x2000b9b0     0x8  Data  Gb  tasks.o [1]
radioRxStart            0x2000b9a8     0x8  Data  Gb  tasks.o [1]
radioRxWait             0x2000b9b8     0x8  Data  Gb  tasks.o [1]
radioTxEntries          0x2000bb00     0x4  Data  Gb  tasks.o [1]
radio_off               0x2000bb95     0x1  Data  Gb  basic_rf.o [1]
random                  0x2000cbe4     0x4  Data  Gb  tasks.o [1]
readCCA                 0x2000bb9e     0x1  Data  Gb  basic_rf.o [1]
realFrameId             0x2000baa4     0x4  Data  Gb  tasks.o [1]
real_sec                0x2000ba18     0x4  Data  Gb  stm32f10x_it.o [1]
regVal                  0x200008d8    0x40  Data  Lc  basic_rf.o [1]
regVal_IMU              0x200009c0    0x1c  Data  Lc  basic_rf.o [1]
remainOutOfSyncTime     0x2000ba9c     0x4  Data  Gb  tasks.o [1]
rfChan                  0x2000bbbb     0x1  Data  Lc  tasks.o [1]
routerAddr              0x2000bb7a     0x2  Data  Gb  tasks.o [1]
rt_flags                0x2000ba98     0x4  Data  Gb  tasks.o [1]
rxCount                 0x2000bb96     0x1  Data  Gb  basic_rf.o [1]
rxDoneType              0x20000aaa     0x2  Data  Gb  basic_rf.o [1]
rxErrors                0x2000b9d0     0x4  Data  Gb  basic_rf.o [1]
rxFIFOError             0x2000bb48     0x2  Data  Gb  basic_rf.o [1]
rxFIFOTime              0x2000b950     0x8  Data  Gb  stm32f10x_it.o [1]
rxNotEmpty              0x2000bad8     0x4  Data  Gb  tasks.o [1]
rxPackets               0x2000ba44     0x4  Data  Gb  stm32f10x_it.o [1]
rxPkt                   0x2000b52c    0x94  Data  Gb  basic_rf.o [1]
rxPktCopy               0x2000b498    0x94  Data  Lc  basic_rf.o [1]
rxTotalRcvd             0x2000bad4     0x4  Data  Gb  tasks.o [1]
rx_overflow             0x2000ba4c     0x4  Data  Gb  stm32f10x_it.o [1]
sampledCCA              0x2000bb50     0x2  Data  Gb  stm32f10x_it.o [1]
savedFrameIdAtSync      0x2000bae4     0x4  Data  Gb  tasks.o [1]
scratchBuf              0x2000b400    0x98  Data  Gb  basic_rf.o [1]
sec                     0x2000ba2c     0x4  Data  Gb  stm32f10x_it.o [1]
secs                    0x2000ba5c     0x4  Data  Gb  stm32f10x_it.o [1]
sem                     0x2000b9e8     0x4  Data  Gb  basic_rf.o [1]
semAllow                0x2000bbc3     0x1  Data  Gb  tasks.o [1]
semAllowPost            0x2000bb9f     0x1  Data  Gb  basic_rf.o [1]
semAllowPostTask        0x2000bbc2     0x1  Data  Gb  tasks.o [1]
semIMUAllow             0x2000bb93     0x1  Data  Gb  basic_rf.o [1]
semRFRxFrames           0x2000bbab     0x1  Data  Gb  main.o [1]
semTime                 0x2000b960     0x8  Data  Gb  stm32f10x_it.o [1]
semTime2                0x2000b968     0x8  Data  Gb  stm32f10x_it.o [1]
setIMUGRdy              0x2000bbb5     0x1  Data  Gb  stm32f10x_it.o [1]
setIMUReady             0x2000bbce     0x1  Data  Gb  tasks.o [1]
setRadioTx              0x2000bbc1     0x1  Data  Gb  tasks.o [1]
snprintf                0x0801a8f9    0x44  Code  Gb  snprintf.o [3]
span                    0x2000bae0     0x4  Data  Gb  tasks.o [1]
spi3_errors             0x2000ba40     0x4  Data  Gb  stm32f10x_it.o [1]
spiIMUByteState         0x2000bb9c     0x1  Data  Gb  basic_rf.o [1]
spiIMUCount             0x2000bb9b     0x1  Data  Gb  basic_rf.o [1]
spiTime                 0x2000b948     0x8  Data  Gb  stm32f10x_it.o [1]
spiTxRxByteCount        0x2000bb92     0x1  Data  Gb  basic_rf.o [1]
spiTxRxByteState        0x20000ab0     0x1  Data  Gb  basic_rf.o [1]
sprintf                 0x08015a99    0x34  Code  Gb  sprintf.o [3]
sscanf                  0x08015acd    0x24  Code  Gb  sscanf.o [3]
stacked_lr              0x2000cbd8     0x4  Data  Gb  stm32f10x_it.o [1]
stacked_pc              0x2000cbdc     0x4  Data  Gb  stm32f10x_it.o [1]
stacked_psr             0x2000cbe0     0x4  Data  Gb  stm32f10x_it.o [1]
startRadioTx            0x2000b978     0x8  Data  Lc  tasks.o [1]
strchr                  0x08015ce5          Code  Gb  strchr.o [5]
strcpy                  0x080136f1          Code  Gb  strcpy.o [5]
strlen                  0x0801301d          Code  Gb  strlen.o [5]
strrev                  0x08013185    0x18  Code  Gb  console_tail.o [1]
strtoul                 0x080131a9     0x4  Code  Gb  strtoul.o [3]
successBeacons          0x2000bab0     0x4  Data  Gb  tasks.o [1]
syncPackets             0x2000ba24     0x4  Data  Gb  stm32f10x_it.o [1]
task1Id                 0x2000bba4     0x1  Data  Gb  main.o [1]
task1Stack              0x200080b4   0x400  Data  Lc  main.o [1]
task2StatusType         0x2000bbc6     0x1  Data  Gb  tasks.o [1]
task3Id                 0x2000bba6     0x1  Data  Gb  main.o [1]
task3Stack              0x200088b4   0x400  Data  Lc  main.o [1]
task4Stack              0x20008cb4   0x400  Data  Lc  main.o [1]
task8Id                 0x2000bba9     0x1  Data  Gb  main.o [1]
task8Stack              0x200094b4   0x400  Data  Lc  main.o [1]
taskConfigId            0x2000bba7     0x1  Data  Gb  main.o [1]
taskIMUGId              0x2000bbaa     0x1  Data  Gb  main.o [1]
taskIMU_G_Stack         0x200098b4   0x400  Data  Lc  main.o [1]
taskRadioRxId           0x2000bba5     0x1  Data  Gb  main.o [1]
taskRadioRxStack        0x200084b4   0x400  Data  Lc  main.o [1]
taskRadioTxId           0x2000bba8     0x1  Data  Gb  main.o [1]
taskRadioTxStack        0x200090b4   0x400  Data  Lc  main.o [1]
tasksWDT                0x2000bb4e     0x2  Data  Gb  main.o [1]
test_imu_pkt_ctr        0x2000bbc0     0x1  Data  Gb  tasks.o [1]
tim2HistA               0x2000b89c    0x20  Data  Lc  stm32f10x_it.o [1]
tim2_phase              0x2000bb58     0x2  Data  Gb  stm32f10x_it.o [1]
tim2_update_count       0x2000bbb1     0x1  Data  Lc  stm32f10x_it.o [1]
tim3HistA               0x2000b87c    0x20  Data  Lc  stm32f10x_it.o [1]
tim3_at_radio           0x2000bb68     0x2  Data  Gb  stm32f10x_it.o [1]
tim3_phase              0x2000bb5a     0x2  Data  Gb  stm32f10x_it.o [1]
tim3_update_count       0x2000bbb0     0x1  Data  Lc  stm32f10x_it.o [1]
tim4_phase              0x2000bb82     0x2  Data  Gb  tasks.o [1]
tim_at_sec              0x2000bb72     0x2  Data  Gb  tasks.o [1]
trace_format_buf        0x2000b060   0x200  Data  Gb  usbd_cdc_vcp.o [1]
trace_irq               0x2000ba38     0x4  Data  Gb  stm32f10x_it.o [1]
txBuf                   0x2000b5c0    0x84  Data  Lc  basic_rf.o [1]
txBuf                   0x2000b644    0x74  Data  Lc  tasks.o [1]
txCalls                 0x2000babc     0x4  Data  Gb  tasks.o [1]
txCalls2                0x2000bac0     0x4  Data  Gb  tasks.o [1]
txDoneType              0x20000aa8     0x2  Data  Gb  basic_rf.o [1]
txError                 0x2000bb9a     0x1  Data  Gb  basic_rf.o [1]
txErrors                0x2000b9e4     0x4  Data  Gb  basic_rf.o [1]
txFIFOError             0x2000bb4a     0x2  Data  Gb  basic_rf.o [1]
txFrmDoneCount          0x2000ba54     0x4  Data  Gb  stm32f10x_it.o [1]
txLine                  0x2000bb4c     0x2  Data  Gb  basic_rf.o [1]
txPktQueue              0x2000a0b4   0x3c0  Data  Lc  tasks.o [1]
txRetryState            0x2000bb52     0x2  Data  Gb  stm32f10x_it.o [1]
txTimeSlot              0x20000aae     0x2  Data  Gb  tasks.o [1]
tx_overflow             0x2000ba50     0x4  Data  Gb  stm32f10x_it.o [1]
usbd_cdc_AltSet         0x2000bb14     0x4  Data  Lc  usbd_cdc_core.o [1]
usbd_cdc_CfgDesc        0x20000894    0x44  Data  Gb  usbd_cdc_core.o [1]
usbd_cdc_DataIn         0x0801a4c3    0x7c  Code  Lc  usbd_cdc_core.o [1]
usbd_cdc_DataOut        0x0801a53f    0x30  Code  Lc  usbd_cdc_core.o [1]
usbd_cdc_DeInit         0x0801a3a1    0x28  Code  Lc  usbd_cdc_core.o [1]
usbd_cdc_EP0_RxReady    0x0801a49d    0x26  Code  Lc  usbd_cdc_core.o [1]
usbd_cdc_Init           0x0801a355    0x4c  Code  Lc  usbd_cdc_core.o [1]
usbd_cdc_SOF            0x0801a56f    0x22  Code  Lc  usbd_cdc_core.o [1]
usbd_cdc_Setup          0x0801a3c9    0xd4  Code  Lc  usbd_cdc_core.o [1]
use_sync                0x20000abe     0x1  Data  Gb  tasks.o [1]
use_tim3_phase          0x2000bb90     0x2  Data  Gb  tasks.o [1]
vsprintf                0x08014db9    0x2c  Code  Gb  vsprintf.o [3]
watchdog_active         0x20000ab4     0x1  Data  Gb  main.o [1]
whole_time_adjust       0x2000bb6c     0x2  Data  Gb  stm32f10x_it.o [1]
write_header            0x08010843    0x3e  Code  Lc  usbd_cdc_vcp.o [1]


[1] = C:\Users\User\Documents\Cortex_git\BLKT-01.git\Source Code\BLKT-01 Beacon\Source\firmware\beacon\IAR\Debug-Bootloader\Obj
[2] = command line
[3] = dl7M_tln.a
[4] = m7M_tl.a
[5] = rt7M_tl.a

  60 293 bytes of readonly  code memory
   5 901 bytes of readonly  data memory
  52 190 bytes of readwrite data memory

Errors: none
Warnings: none
